2025-08-10T11:43:45.5326942Z Current runner version: '2.327.1'
2025-08-10T11:43:45.5350276Z ##[group]Runner Image Provisioner
2025-08-10T11:43:45.5351162Z Hosted Compute Agent
2025-08-10T11:43:45.5351675Z Version: 20250711.363
2025-08-10T11:43:45.5352262Z Commit: 6785254374ce925a23743850c1cb91912ce5c14c
2025-08-10T11:43:45.5352971Z Build Date: 2025-07-11T20:04:25Z
2025-08-10T11:43:45.5353569Z ##[endgroup]
2025-08-10T11:43:45.5354039Z ##[group]Operating System
2025-08-10T11:43:45.5354621Z Ubuntu
2025-08-10T11:43:45.5355076Z 24.04.2
2025-08-10T11:43:45.5355536Z LTS
2025-08-10T11:43:45.5356044Z ##[endgroup]
2025-08-10T11:43:45.5356507Z ##[group]Runner Image
2025-08-10T11:43:45.5357567Z Image: ubuntu-24.04
2025-08-10T11:43:45.5358156Z Version: 20250804.2.0
2025-08-10T11:43:45.5359247Z Included Software: https://github.com/actions/runner-images/blob/ubuntu24/20250804.2/images/ubuntu/Ubuntu2404-Readme.md
2025-08-10T11:43:45.5360771Z Image Release: https://github.com/actions/runner-images/releases/tag/ubuntu24%2F20250804.2
2025-08-10T11:43:45.5361803Z ##[endgroup]
2025-08-10T11:43:45.5364188Z ##[group]GITHUB_TOKEN Permissions
2025-08-10T11:43:45.5366193Z Actions: write
2025-08-10T11:43:45.5366903Z Attestations: write
2025-08-10T11:43:45.5367449Z Checks: write
2025-08-10T11:43:45.5368015Z Contents: write
2025-08-10T11:43:45.5368520Z Deployments: write
2025-08-10T11:43:45.5368987Z Discussions: write
2025-08-10T11:43:45.5369520Z Issues: write
2025-08-10T11:43:45.5369965Z Metadata: read
2025-08-10T11:43:45.5370479Z Models: read
2025-08-10T11:43:45.5371007Z Packages: write
2025-08-10T11:43:45.5371470Z Pages: write
2025-08-10T11:43:45.5371953Z PullRequests: write
2025-08-10T11:43:45.5372478Z RepositoryProjects: write
2025-08-10T11:43:45.5373059Z SecurityEvents: write
2025-08-10T11:43:45.5373654Z Statuses: write
2025-08-10T11:43:45.5374181Z ##[endgroup]
2025-08-10T11:43:45.5376495Z Secret source: Actions
2025-08-10T11:43:45.5377426Z Prepare workflow directory
2025-08-10T11:43:45.5739881Z Prepare all required actions
2025-08-10T11:43:45.5787038Z Getting action download info
2025-08-10T11:43:46.0465879Z ##[group]Download immutable action package 'actions/checkout@v4'
2025-08-10T11:43:46.0467159Z Version: 4.2.2
2025-08-10T11:43:46.0468359Z Digest: sha256:ccb2698953eaebd21c7bf6268a94f9c26518a7e38e27e0b83c1fe1ad049819b1
2025-08-10T11:43:46.0469622Z Source commit SHA: 11bd71901bbe5b1630ceea73d27597364c9af683
2025-08-10T11:43:46.0470370Z ##[endgroup]
2025-08-10T11:43:46.1357679Z ##[group]Download immutable action package 'actions/setup-python@v5'
2025-08-10T11:43:46.1358529Z Version: 5.6.0
2025-08-10T11:43:46.1359281Z Digest: sha256:0b35a0c11c97499e4e0576589036d450b9f5f9da74b7774225b3614b57324404
2025-08-10T11:43:46.1360392Z Source commit SHA: a26af69be951a213d495a4c3e4e4022e16d87065
2025-08-10T11:43:46.1361094Z ##[endgroup]
2025-08-10T11:43:46.5126018Z Complete job name: Smoke test (ubuntu-latest, Python 3.13)
2025-08-10T11:43:46.5751573Z ##[group]Run actions/checkout@v4
2025-08-10T11:43:46.5752483Z with:
2025-08-10T11:43:46.5752981Z   repository: PolicyEngine/policyengine-us-data
2025-08-10T11:43:46.5753806Z   token: ***
2025-08-10T11:43:46.5754219Z   ssh-strict: true
2025-08-10T11:43:46.5754736Z   ssh-user: git
2025-08-10T11:43:46.5755186Z   persist-credentials: true
2025-08-10T11:43:46.5755717Z   clean: true
2025-08-10T11:43:46.5756153Z   sparse-checkout-cone-mode: true
2025-08-10T11:43:46.5756912Z   fetch-depth: 1
2025-08-10T11:43:46.5757356Z   fetch-tags: false
2025-08-10T11:43:46.5757783Z   show-progress: true
2025-08-10T11:43:46.5758213Z   lfs: false
2025-08-10T11:43:46.5758644Z   submodules: false
2025-08-10T11:43:46.5759070Z   set-safe-directory: true
2025-08-10T11:43:46.5759857Z ##[endgroup]
2025-08-10T11:43:46.6864304Z Syncing repository: PolicyEngine/policyengine-us-data
2025-08-10T11:43:46.6866296Z ##[group]Getting Git version info
2025-08-10T11:43:46.6867537Z Working directory is '/home/runner/work/policyengine-us-data/policyengine-us-data'
2025-08-10T11:43:46.6868770Z [command]/usr/bin/git version
2025-08-10T11:43:46.6929019Z git version 2.50.1
2025-08-10T11:43:46.6955834Z ##[endgroup]
2025-08-10T11:43:46.6972947Z Temporarily overriding HOME='/home/runner/work/_temp/bb5cb7da-79d5-41b4-9556-ace03febbbb3' before making global git config changes
2025-08-10T11:43:46.6975638Z Adding repository directory to the temporary git global config as a safe directory
2025-08-10T11:43:46.6979567Z [command]/usr/bin/git config --global --add safe.directory /home/runner/work/policyengine-us-data/policyengine-us-data
2025-08-10T11:43:46.7017276Z Deleting the contents of '/home/runner/work/policyengine-us-data/policyengine-us-data'
2025-08-10T11:43:46.7020889Z ##[group]Initializing the repository
2025-08-10T11:43:46.7024866Z [command]/usr/bin/git init /home/runner/work/policyengine-us-data/policyengine-us-data
2025-08-10T11:43:46.7088666Z hint: Using 'master' as the name for the initial branch. This default branch name
2025-08-10T11:43:46.7090121Z hint: is subject to change. To configure the initial branch name to use in all
2025-08-10T11:43:46.7091086Z hint: of your new repositories, which will suppress this warning, call:
2025-08-10T11:43:46.7092157Z hint:
2025-08-10T11:43:46.7093040Z hint: 	git config --global init.defaultBranch <name>
2025-08-10T11:43:46.7093809Z hint:
2025-08-10T11:43:46.7094427Z hint: Names commonly chosen instead of 'master' are 'main', 'trunk' and
2025-08-10T11:43:46.7095352Z hint: 'development'. The just-created branch can be renamed via this command:
2025-08-10T11:43:46.7096144Z hint:
2025-08-10T11:43:46.7096547Z hint: 	git branch -m <name>
2025-08-10T11:43:46.7097597Z hint:
2025-08-10T11:43:46.7098316Z hint: Disable this message with "git config set advice.defaultBranchName false"
2025-08-10T11:43:46.7099535Z Initialized empty Git repository in /home/runner/work/policyengine-us-data/policyengine-us-data/.git/
2025-08-10T11:43:46.7103913Z [command]/usr/bin/git remote add origin https://github.com/PolicyEngine/policyengine-us-data
2025-08-10T11:43:46.7136259Z ##[endgroup]
2025-08-10T11:43:46.7137205Z ##[group]Disabling automatic garbage collection
2025-08-10T11:43:46.7140758Z [command]/usr/bin/git config --local gc.auto 0
2025-08-10T11:43:46.7168566Z ##[endgroup]
2025-08-10T11:43:46.7169264Z ##[group]Setting up auth
2025-08-10T11:43:46.7175801Z [command]/usr/bin/git config --local --name-only --get-regexp core\.sshCommand
2025-08-10T11:43:46.7206030Z [command]/usr/bin/git submodule foreach --recursive sh -c "git config --local --name-only --get-regexp 'core\.sshCommand' && git config --local --unset-all 'core.sshCommand' || :"
2025-08-10T11:43:46.7508463Z [command]/usr/bin/git config --local --name-only --get-regexp http\.https\:\/\/github\.com\/\.extraheader
2025-08-10T11:43:46.7538033Z [command]/usr/bin/git submodule foreach --recursive sh -c "git config --local --name-only --get-regexp 'http\.https\:\/\/github\.com\/\.extraheader' && git config --local --unset-all 'http.https://github.com/.extraheader' || :"
2025-08-10T11:43:46.7759665Z [command]/usr/bin/git config --local http.https://github.com/.extraheader AUTHORIZATION: basic ***
2025-08-10T11:43:46.7803093Z ##[endgroup]
2025-08-10T11:43:46.7803877Z ##[group]Fetching the repository
2025-08-10T11:43:46.7812119Z [command]/usr/bin/git -c protocol.version=2 fetch --no-tags --prune --no-recurse-submodules --depth=1 origin +50190ad552045353a74814c0c75b8e3118a467db:refs/remotes/pull/428/merge
2025-08-10T11:43:47.4584175Z From https://github.com/PolicyEngine/policyengine-us-data
2025-08-10T11:43:47.4586193Z  * [new ref]         50190ad552045353a74814c0c75b8e3118a467db -> pull/428/merge
2025-08-10T11:43:47.4609805Z ##[endgroup]
2025-08-10T11:43:47.4611202Z ##[group]Determining the checkout info
2025-08-10T11:43:47.4612488Z ##[endgroup]
2025-08-10T11:43:47.4615995Z [command]/usr/bin/git sparse-checkout disable
2025-08-10T11:43:47.4657230Z [command]/usr/bin/git config --local --unset-all extensions.worktreeConfig
2025-08-10T11:43:47.4687204Z ##[group]Checking out the ref
2025-08-10T11:43:47.4690834Z [command]/usr/bin/git checkout --progress --force refs/remotes/pull/428/merge
2025-08-10T11:43:47.5307122Z Note: switching to 'refs/remotes/pull/428/merge'.
2025-08-10T11:43:47.5308912Z 
2025-08-10T11:43:47.5309926Z You are in 'detached HEAD' state. You can look around, make experimental
2025-08-10T11:43:47.5312418Z changes and commit them, and you can discard any commits you make in this
2025-08-10T11:43:47.5314786Z state without impacting any branches by switching back to a branch.
2025-08-10T11:43:47.5315838Z 
2025-08-10T11:43:47.5316479Z If you want to create a new branch to retain commits you create, you may
2025-08-10T11:43:47.5318521Z do so (now or later) by using -c with the switch command. Example:
2025-08-10T11:43:47.5319826Z 
2025-08-10T11:43:47.5320191Z   git switch -c <new-branch-name>
2025-08-10T11:43:47.5320838Z 
2025-08-10T11:43:47.5321168Z Or undo this operation with:
2025-08-10T11:43:47.5321717Z 
2025-08-10T11:43:47.5321998Z   git switch -
2025-08-10T11:43:47.5322460Z 
2025-08-10T11:43:47.5323256Z Turn off this advice by setting config variable advice.detachedHead to false
2025-08-10T11:43:47.5324651Z 
2025-08-10T11:43:47.5326221Z HEAD is now at 50190ad Merge eb8ff21a36d78bbe3448853facc8ed0a538988b7 into 4a96cfc8b203ff846bd248fc34056015eb7f041c
2025-08-10T11:43:47.5330904Z ##[endgroup]
2025-08-10T11:43:47.5361750Z [command]/usr/bin/git log -1 --format=%H
2025-08-10T11:43:47.5386367Z 50190ad552045353a74814c0c75b8e3118a467db
2025-08-10T11:43:47.5712137Z ##[group]Run actions/setup-python@v5
2025-08-10T11:43:47.5713316Z with:
2025-08-10T11:43:47.5714129Z   python-version: 3.13
2025-08-10T11:43:47.5715102Z   check-latest: false
2025-08-10T11:43:47.5716317Z   token: ***
2025-08-10T11:43:47.5717342Z   update-environment: true
2025-08-10T11:43:47.5718393Z   allow-prereleases: false
2025-08-10T11:43:47.5719416Z   freethreaded: false
2025-08-10T11:43:47.5720340Z ##[endgroup]
2025-08-10T11:43:47.7425426Z ##[group]Installed versions
2025-08-10T11:43:47.7515642Z Successfully set up CPython (3.13.5)
2025-08-10T11:43:47.7518681Z ##[endgroup]
2025-08-10T11:43:47.7669967Z ##[group]Run python -m pip install .
2025-08-10T11:43:47.7671199Z [36;1mpython -m pip install .[0m
2025-08-10T11:43:47.8013531Z shell: /usr/bin/bash -e {0}
2025-08-10T11:43:47.8014565Z env:
2025-08-10T11:43:47.8015542Z   pythonLocation: /opt/hostedtoolcache/Python/3.13.5/x64
2025-08-10T11:43:47.8017400Z   PKG_CONFIG_PATH: /opt/hostedtoolcache/Python/3.13.5/x64/lib/pkgconfig
2025-08-10T11:43:47.8019070Z   Python_ROOT_DIR: /opt/hostedtoolcache/Python/3.13.5/x64
2025-08-10T11:43:47.8020552Z   Python2_ROOT_DIR: /opt/hostedtoolcache/Python/3.13.5/x64
2025-08-10T11:43:47.8022066Z   Python3_ROOT_DIR: /opt/hostedtoolcache/Python/3.13.5/x64
2025-08-10T11:43:47.8023571Z   LD_LIBRARY_PATH: /opt/hostedtoolcache/Python/3.13.5/x64/lib
2025-08-10T11:43:47.8024841Z ##[endgroup]
2025-08-10T11:43:50.1659746Z Processing /home/runner/work/policyengine-us-data/policyengine-us-data
2025-08-10T11:43:50.1686604Z   Installing build dependencies: started
2025-08-10T11:43:51.1069800Z   Installing build dependencies: finished with status 'done'
2025-08-10T11:43:51.1075398Z   Getting requirements to build wheel: started
2025-08-10T11:43:51.7860581Z   Getting requirements to build wheel: finished with status 'done'
2025-08-10T11:43:51.7871519Z   Preparing metadata (pyproject.toml): started
2025-08-10T11:43:52.0702199Z   Preparing metadata (pyproject.toml): finished with status 'done'
2025-08-10T11:43:52.4201402Z Collecting policyengine-us>=1.353.0 (from policyengine_us_data==1.44.2)
2025-08-10T11:43:52.4518519Z   Downloading policyengine_us-1.367.0-py3-none-any.whl.metadata (1.7 kB)
2025-08-10T11:43:52.4870605Z Collecting policyengine-core>=3.19.0 (from policyengine_us_data==1.44.2)
2025-08-10T11:43:52.4898764Z   Downloading policyengine_core-3.19.4-py3-none-any.whl.metadata (7.4 kB)
2025-08-10T11:43:52.6004381Z Collecting pandas>=2.3.1 (from policyengine_us_data==1.44.2)
2025-08-10T11:43:52.6033177Z   Downloading pandas-2.3.1-cp313-cp313-manylinux_2_17_x86_64.manylinux2014_x86_64.whl.metadata (91 kB)
2025-08-10T11:43:52.6744240Z Collecting requests>=2.25.0 (from policyengine_us_data==1.44.2)
2025-08-10T11:43:52.6771687Z   Downloading requests-2.32.4-py3-none-any.whl.metadata (4.9 kB)
2025-08-10T11:43:52.7107453Z Collecting tqdm>=4.60.0 (from policyengine_us_data==1.44.2)
2025-08-10T11:43:52.7136254Z   Downloading tqdm-4.67.1-py3-none-any.whl.metadata (57 kB)
2025-08-10T11:43:52.7327677Z Collecting microdf_python>=1.0.0 (from policyengine_us_data==1.44.2)
2025-08-10T11:43:52.7360926Z   Downloading microdf_python-1.0.2-py3-none-any.whl.metadata (2.5 kB)
2025-08-10T11:43:52.8534200Z Collecting setuptools>=60 (from policyengine_us_data==1.44.2)
2025-08-10T11:43:52.8547298Z   Using cached setuptools-80.9.0-py3-none-any.whl.metadata (6.6 kB)
2025-08-10T11:43:52.8742369Z Collecting microimpute>=1.1.4 (from policyengine_us_data==1.44.2)
2025-08-10T11:43:52.8777324Z   Downloading microimpute-1.1.6-py3-none-any.whl.metadata (2.0 kB)
2025-08-10T11:43:52.8934295Z Collecting pip-system-certs>=3.0 (from policyengine_us_data==1.44.2)
2025-08-10T11:43:52.8966093Z   Downloading pip_system_certs-5.2-py3-none-any.whl.metadata (3.9 kB)
2025-08-10T11:43:52.9249990Z Collecting google-cloud-storage>=2.0.0 (from policyengine_us_data==1.44.2)
2025-08-10T11:43:52.9290233Z   Downloading google_cloud_storage-3.2.0-py3-none-any.whl.metadata (13 kB)
2025-08-10T11:43:52.9682979Z Collecting google-auth>=2.0.0 (from policyengine_us_data==1.44.2)
2025-08-10T11:43:52.9711321Z   Downloading google_auth-2.40.3-py2.py3-none-any.whl.metadata (6.2 kB)
2025-08-10T11:43:53.0978916Z Collecting scipy>=1.15.3 (from policyengine_us_data==1.44.2)
2025-08-10T11:43:53.1023123Z   Downloading scipy-1.16.1-cp313-cp313-manylinux2014_x86_64.manylinux_2_17_x86_64.whl.metadata (61 kB)
2025-08-10T11:43:53.1723342Z Collecting statsmodels>=0.14.5 (from policyengine_us_data==1.44.2)
2025-08-10T11:43:53.1763015Z   Downloading statsmodels-0.14.5-cp313-cp313-manylinux2014_x86_64.manylinux_2_17_x86_64.manylinux_2_28_x86_64.whl.metadata (9.5 kB)
2025-08-10T11:43:53.1963656Z Collecting openpyxl>=3.1.5 (from policyengine_us_data==1.44.2)
2025-08-10T11:43:53.1988810Z   Downloading openpyxl-3.1.5-py2.py3-none-any.whl.metadata (2.5 kB)
2025-08-10T11:43:53.2287777Z Collecting tables>=3.10.2 (from policyengine_us_data==1.44.2)
2025-08-10T11:43:53.2326248Z   Downloading tables-3.10.2-cp313-cp313-manylinux_2_17_x86_64.manylinux2014_x86_64.whl.metadata (2.0 kB)
2025-08-10T11:43:53.2791134Z Collecting torch>=2.7.1 (from policyengine_us_data==1.44.2)
2025-08-10T11:43:53.2833096Z   Downloading torch-2.8.0-cp313-cp313-manylinux_2_28_x86_64.whl.metadata (30 kB)
2025-08-10T11:43:53.2993365Z Collecting us>=2.0.0 (from policyengine_us_data==1.44.2)
2025-08-10T11:43:53.3049462Z   Downloading us-3.2.0-py3-none-any.whl.metadata (10 kB)
2025-08-10T11:43:53.5699907Z Collecting sqlalchemy>=2.0.41 (from policyengine_us_data==1.44.2)
2025-08-10T11:43:53.5727840Z   Downloading sqlalchemy-2.0.42-cp313-cp313-manylinux_2_17_x86_64.manylinux2014_x86_64.whl.metadata (9.6 kB)
2025-08-10T11:43:53.5952637Z Collecting sqlmodel>=0.0.24 (from policyengine_us_data==1.44.2)
2025-08-10T11:43:53.5981230Z   Downloading sqlmodel-0.0.24-py3-none-any.whl.metadata (10 kB)
2025-08-10T11:43:53.6187648Z Collecting cachetools<6.0,>=2.0.0 (from google-auth>=2.0.0->policyengine_us_data==1.44.2)
2025-08-10T11:43:53.6215043Z   Downloading cachetools-5.5.2-py3-none-any.whl.metadata (5.4 kB)
2025-08-10T11:43:53.6399754Z Collecting pyasn1-modules>=0.2.1 (from google-auth>=2.0.0->policyengine_us_data==1.44.2)
2025-08-10T11:43:53.6424640Z   Downloading pyasn1_modules-0.4.2-py3-none-any.whl.metadata (3.5 kB)
2025-08-10T11:43:53.6580290Z Collecting rsa<5,>=3.1.4 (from google-auth>=2.0.0->policyengine_us_data==1.44.2)
2025-08-10T11:43:53.6607769Z   Downloading rsa-4.9.1-py3-none-any.whl.metadata (5.6 kB)
2025-08-10T11:43:53.6831543Z Collecting pyasn1>=0.1.3 (from rsa<5,>=3.1.4->google-auth>=2.0.0->policyengine_us_data==1.44.2)
2025-08-10T11:43:53.6856188Z   Downloading pyasn1-0.6.1-py3-none-any.whl.metadata (8.4 kB)
2025-08-10T11:43:53.7374906Z Collecting google-api-core<3.0.0,>=2.15.0 (from google-cloud-storage>=2.0.0->policyengine_us_data==1.44.2)
2025-08-10T11:43:53.7403056Z   Downloading google_api_core-2.25.1-py3-none-any.whl.metadata (3.0 kB)
2025-08-10T11:43:53.7618736Z Collecting google-cloud-core<3.0.0,>=2.4.2 (from google-cloud-storage>=2.0.0->policyengine_us_data==1.44.2)
2025-08-10T11:43:53.7650466Z   Downloading google_cloud_core-2.4.3-py2.py3-none-any.whl.metadata (2.7 kB)
2025-08-10T11:43:53.7853446Z Collecting google-resumable-media<3.0.0,>=2.7.2 (from google-cloud-storage>=2.0.0->policyengine_us_data==1.44.2)
2025-08-10T11:43:53.7907827Z   Downloading google_resumable_media-2.7.2-py2.py3-none-any.whl.metadata (2.2 kB)
2025-08-10T11:43:53.8484762Z Collecting google-crc32c<2.0.0,>=1.1.3 (from google-cloud-storage>=2.0.0->policyengine_us_data==1.44.2)
2025-08-10T11:43:53.8514960Z   Downloading google_crc32c-1.7.1-cp313-cp313-manylinux_2_17_x86_64.manylinux2014_x86_64.whl.metadata (2.3 kB)
2025-08-10T11:43:53.8712770Z Collecting googleapis-common-protos<2.0.0,>=1.56.2 (from google-api-core<3.0.0,>=2.15.0->google-cloud-storage>=2.0.0->policyengine_us_data==1.44.2)
2025-08-10T11:43:53.8738640Z   Downloading googleapis_common_protos-1.70.0-py3-none-any.whl.metadata (9.3 kB)
2025-08-10T11:43:54.1074369Z Collecting protobuf!=3.20.0,!=3.20.1,!=4.21.0,!=4.21.1,!=4.21.2,!=4.21.3,!=4.21.4,!=4.21.5,<7.0.0,>=3.19.5 (from google-api-core<3.0.0,>=2.15.0->google-cloud-storage>=2.0.0->policyengine_us_data==1.44.2)
2025-08-10T11:43:54.1105929Z   Downloading protobuf-6.31.1-cp39-abi3-manylinux2014_x86_64.whl.metadata (593 bytes)
2025-08-10T11:43:54.1293819Z Collecting proto-plus<2.0.0,>=1.22.3 (from google-api-core<3.0.0,>=2.15.0->google-cloud-storage>=2.0.0->policyengine_us_data==1.44.2)
2025-08-10T11:43:54.1321596Z   Downloading proto_plus-1.26.1-py3-none-any.whl.metadata (2.2 kB)
2025-08-10T11:43:54.4129630Z Collecting charset_normalizer<4,>=2 (from requests>=2.25.0->policyengine_us_data==1.44.2)
2025-08-10T11:43:54.4162272Z   Downloading charset_normalizer-3.4.3-cp313-cp313-manylinux2014_x86_64.manylinux_2_17_x86_64.manylinux_2_28_x86_64.whl.metadata (36 kB)
2025-08-10T11:43:54.4327830Z Collecting idna<4,>=2.5 (from requests>=2.25.0->policyengine_us_data==1.44.2)
2025-08-10T11:43:54.4352355Z   Downloading idna-3.10-py3-none-any.whl.metadata (10 kB)
2025-08-10T11:43:54.4638587Z Collecting urllib3<3,>=1.21.1 (from requests>=2.25.0->policyengine_us_data==1.44.2)
2025-08-10T11:43:54.4664584Z   Downloading urllib3-2.5.0-py3-none-any.whl.metadata (6.5 kB)
2025-08-10T11:43:54.4897535Z Collecting certifi>=2017.4.17 (from requests>=2.25.0->policyengine_us_data==1.44.2)
2025-08-10T11:43:54.4922833Z   Downloading certifi-2025.8.3-py3-none-any.whl.metadata (2.4 kB)
2025-08-10T11:43:54.6660191Z Collecting numpy (from microdf_python>=1.0.0->policyengine_us_data==1.44.2)
2025-08-10T11:43:54.6695424Z   Downloading numpy-2.3.2-cp313-cp313-manylinux_2_27_x86_64.manylinux_2_28_x86_64.whl.metadata (62 kB)
2025-08-10T11:43:54.7323823Z Collecting plotly<6.0.0,>=5.24.0 (from microimpute>=1.1.4->policyengine_us_data==1.44.2)
2025-08-10T11:43:54.7349734Z   Downloading plotly-5.24.1-py3-none-any.whl.metadata (7.3 kB)
2025-08-10T11:43:54.8156063Z Collecting scikit-learn<2.0.0,>=1.6.1 (from microimpute>=1.1.4->policyengine_us_data==1.44.2)
2025-08-10T11:43:54.8193978Z   Downloading scikit_learn-1.7.1-cp313-cp313-manylinux2014_x86_64.manylinux_2_17_x86_64.whl.metadata (11 kB)
2025-08-10T11:43:54.8891378Z Collecting quantile-forest<1.5.0,>=1.4.0 (from microimpute>=1.1.4->policyengine_us_data==1.44.2)
2025-08-10T11:43:54.8924637Z   Downloading quantile_forest-1.4.0-cp313-cp313-manylinux_2_17_x86_64.manylinux2014_x86_64.whl.metadata (5.2 kB)
2025-08-10T11:43:55.0081099Z Collecting pydantic<3.0.0,>=2.8.0 (from microimpute>=1.1.4->policyengine_us_data==1.44.2)
2025-08-10T11:43:55.0107480Z   Downloading pydantic-2.11.7-py3-none-any.whl.metadata (67 kB)
2025-08-10T11:43:55.0315020Z Collecting optuna<5.0.0,>=4.3.0 (from microimpute>=1.1.4->policyengine_us_data==1.44.2)
2025-08-10T11:43:55.0338986Z   Downloading optuna-4.4.0-py3-none-any.whl.metadata (17 kB)
2025-08-10T11:43:55.0623090Z Collecting joblib<2.0.0,>=1.5.0 (from microimpute>=1.1.4->policyengine_us_data==1.44.2)
2025-08-10T11:43:55.0647129Z   Downloading joblib-1.5.1-py3-none-any.whl.metadata (5.6 kB)
2025-08-10T11:43:55.1288785Z Collecting psutil (from microimpute>=1.1.4->policyengine_us_data==1.44.2)
2025-08-10T11:43:55.1319264Z   Downloading psutil-7.0.0-cp36-abi3-manylinux_2_12_x86_64.manylinux2010_x86_64.manylinux_2_17_x86_64.manylinux2014_x86_64.whl.metadata (22 kB)
2025-08-10T11:43:55.1657598Z Collecting alembic>=1.5.0 (from optuna<5.0.0,>=4.3.0->microimpute>=1.1.4->policyengine_us_data==1.44.2)
2025-08-10T11:43:55.1685309Z   Downloading alembic-1.16.4-py3-none-any.whl.metadata (7.3 kB)
2025-08-10T11:43:55.1875077Z Collecting colorlog (from optuna<5.0.0,>=4.3.0->microimpute>=1.1.4->policyengine_us_data==1.44.2)
2025-08-10T11:43:55.1901567Z   Downloading colorlog-6.9.0-py3-none-any.whl.metadata (10 kB)
2025-08-10T11:43:55.2075415Z Collecting packaging>=20.0 (from optuna<5.0.0,>=4.3.0->microimpute>=1.1.4->policyengine_us_data==1.44.2)
2025-08-10T11:43:55.2087353Z   Using cached packaging-25.0-py3-none-any.whl.metadata (3.3 kB)
2025-08-10T11:43:55.2491265Z Collecting PyYAML (from optuna<5.0.0,>=4.3.0->microimpute>=1.1.4->policyengine_us_data==1.44.2)
2025-08-10T11:43:55.2521090Z   Downloading PyYAML-6.0.2-cp313-cp313-manylinux_2_17_x86_64.manylinux2014_x86_64.whl.metadata (2.1 kB)
2025-08-10T11:43:55.2747463Z Collecting python-dateutil>=2.8.2 (from pandas>=2.3.1->policyengine_us_data==1.44.2)
2025-08-10T11:43:55.2774993Z   Downloading python_dateutil-2.9.0.post0-py2.py3-none-any.whl.metadata (8.4 kB)
2025-08-10T11:43:55.3141179Z Collecting pytz>=2020.1 (from pandas>=2.3.1->policyengine_us_data==1.44.2)
2025-08-10T11:43:55.3168752Z   Downloading pytz-2025.2-py2.py3-none-any.whl.metadata (22 kB)
2025-08-10T11:43:55.3350351Z Collecting tzdata>=2022.7 (from pandas>=2.3.1->policyengine_us_data==1.44.2)
2025-08-10T11:43:55.3376316Z   Downloading tzdata-2025.2-py2.py3-none-any.whl.metadata (1.4 kB)
2025-08-10T11:43:55.3562848Z Collecting tenacity>=6.2.0 (from plotly<6.0.0,>=5.24.0->microimpute>=1.1.4->policyengine_us_data==1.44.2)
2025-08-10T11:43:55.3587868Z   Downloading tenacity-9.1.2-py3-none-any.whl.metadata (1.2 kB)
2025-08-10T11:43:55.3703736Z Collecting annotated-types>=0.6.0 (from pydantic<3.0.0,>=2.8.0->microimpute>=1.1.4->policyengine_us_data==1.44.2)
2025-08-10T11:43:55.3732322Z   Downloading annotated_types-0.7.0-py3-none-any.whl.metadata (15 kB)
2025-08-10T11:43:55.9985900Z Collecting pydantic-core==2.33.2 (from pydantic<3.0.0,>=2.8.0->microimpute>=1.1.4->policyengine_us_data==1.44.2)
2025-08-10T11:43:56.0014365Z   Downloading pydantic_core-2.33.2-cp313-cp313-manylinux_2_17_x86_64.manylinux2014_x86_64.whl.metadata (6.8 kB)
2025-08-10T11:43:56.0193653Z Collecting typing-extensions>=4.12.2 (from pydantic<3.0.0,>=2.8.0->microimpute>=1.1.4->policyengine_us_data==1.44.2)
2025-08-10T11:43:56.0218422Z   Downloading typing_extensions-4.14.1-py3-none-any.whl.metadata (3.0 kB)
2025-08-10T11:43:56.0317608Z Collecting typing-inspection>=0.4.0 (from pydantic<3.0.0,>=2.8.0->microimpute>=1.1.4->policyengine_us_data==1.44.2)
2025-08-10T11:43:56.0347213Z   Downloading typing_inspection-0.4.1-py3-none-any.whl.metadata (2.6 kB)
2025-08-10T11:43:56.0785719Z Collecting threadpoolctl>=3.1.0 (from scikit-learn<2.0.0,>=1.6.1->microimpute>=1.1.4->policyengine_us_data==1.44.2)
2025-08-10T11:43:56.0811429Z   Downloading threadpoolctl-3.6.0-py3-none-any.whl.metadata (13 kB)
2025-08-10T11:43:56.1248049Z Collecting patsy>=0.5.6 (from statsmodels>=0.14.5->policyengine_us_data==1.44.2)
2025-08-10T11:43:56.1280409Z   Downloading patsy-1.0.1-py2.py3-none-any.whl.metadata (3.3 kB)
2025-08-10T11:43:56.1590975Z Collecting Mako (from alembic>=1.5.0->optuna<5.0.0,>=4.3.0->microimpute>=1.1.4->policyengine_us_data==1.44.2)
2025-08-10T11:43:56.1617261Z   Downloading mako-1.3.10-py3-none-any.whl.metadata (2.9 kB)
2025-08-10T11:43:56.1771912Z Collecting et-xmlfile (from openpyxl>=3.1.5->policyengine_us_data==1.44.2)
2025-08-10T11:43:56.1797689Z   Downloading et_xmlfile-2.0.0-py3-none-any.whl.metadata (2.7 kB)
2025-08-10T11:43:56.1993863Z Requirement already satisfied: pip>=24.2 in /opt/hostedtoolcache/Python/3.13.5/x64/lib/python3.13/site-packages (from pip-system-certs>=3.0->policyengine_us_data==1.44.2) (25.2)
2025-08-10T11:43:56.2314143Z Collecting pytest<9,>=8 (from policyengine-core>=3.19.0->policyengine_us_data==1.44.2)
2025-08-10T11:43:56.2341299Z   Downloading pytest-8.4.1-py3-none-any.whl.metadata (7.7 kB)
2025-08-10T11:43:56.2508781Z Collecting numpy (from microdf_python>=1.0.0->policyengine_us_data==1.44.2)
2025-08-10T11:43:56.2542427Z   Downloading numpy-2.1.3-cp313-cp313-manylinux_2_17_x86_64.manylinux2014_x86_64.whl.metadata (62 kB)
2025-08-10T11:43:56.2783610Z Collecting sortedcontainers<3 (from policyengine-core>=3.19.0->policyengine_us_data==1.44.2)
2025-08-10T11:43:56.2808819Z   Downloading sortedcontainers-2.4.0-py2.py3-none-any.whl.metadata (10 kB)
2025-08-10T11:43:56.3322579Z Collecting numexpr<3 (from policyengine-core>=3.19.0->policyengine_us_data==1.44.2)
2025-08-10T11:43:56.3359305Z   Downloading numexpr-2.11.0-cp313-cp313-manylinux_2_27_x86_64.manylinux_2_28_x86_64.whl.metadata (9.0 kB)
2025-08-10T11:43:56.3528023Z Collecting dpath<3 (from policyengine-core>=3.19.0->policyengine_us_data==1.44.2)
2025-08-10T11:43:56.3553046Z   Downloading dpath-2.2.0-py3-none-any.whl.metadata (15 kB)
2025-08-10T11:43:56.3640655Z Collecting psutil (from microimpute>=1.1.4->policyengine_us_data==1.44.2)
2025-08-10T11:43:56.3667735Z   Downloading psutil-6.1.1-cp36-abi3-manylinux_2_12_x86_64.manylinux2010_x86_64.manylinux_2_17_x86_64.manylinux2014_x86_64.whl.metadata (22 kB)
2025-08-10T11:43:56.3896342Z Collecting wheel<1 (from policyengine-core>=3.19.0->policyengine_us_data==1.44.2)
2025-08-10T11:43:56.3908549Z   Using cached wheel-0.45.1-py3-none-any.whl.metadata (2.3 kB)
2025-08-10T11:43:56.4291794Z Collecting h5py<4,>=3 (from policyengine-core>=3.19.0->policyengine_us_data==1.44.2)
2025-08-10T11:43:56.4328458Z   Downloading h5py-3.14.0-cp313-cp313-manylinux_2_17_x86_64.manylinux2014_x86_64.whl.metadata (2.7 kB)
2025-08-10T11:43:56.4994538Z Collecting ipython<9,>=8 (from policyengine-core>=3.19.0->policyengine_us_data==1.44.2)
2025-08-10T11:43:56.5023170Z   Downloading ipython-8.37.0-py3-none-any.whl.metadata (5.1 kB)
2025-08-10T11:43:56.5218751Z Collecting pyvis>=0.3.2 (from policyengine-core>=3.19.0->policyengine_us_data==1.44.2)
2025-08-10T11:43:56.5254772Z   Downloading pyvis-0.3.2-py3-none-any.whl.metadata (1.7 kB)
2025-08-10T11:43:56.5651524Z Collecting huggingface_hub>=0.25.1 (from policyengine-core>=3.19.0->policyengine_us_data==1.44.2)
2025-08-10T11:43:56.5678553Z   Downloading huggingface_hub-0.34.4-py3-none-any.whl.metadata (14 kB)
2025-08-10T11:43:56.5966982Z Collecting standard-imghdr (from policyengine-core>=3.19.0->policyengine_us_data==1.44.2)
2025-08-10T11:43:56.6000026Z   Downloading standard_imghdr-3.13.0-py3-none-any.whl.metadata (862 bytes)
2025-08-10T11:43:56.6295907Z Collecting decorator (from ipython<9,>=8->policyengine-core>=3.19.0->policyengine_us_data==1.44.2)
2025-08-10T11:43:56.6320397Z   Downloading decorator-5.2.1-py3-none-any.whl.metadata (3.9 kB)
2025-08-10T11:43:56.6451496Z Collecting jedi>=0.16 (from ipython<9,>=8->policyengine-core>=3.19.0->policyengine_us_data==1.44.2)
2025-08-10T11:43:56.6474511Z   Downloading jedi-0.19.2-py2.py3-none-any.whl.metadata (22 kB)
2025-08-10T11:43:56.6652209Z Collecting matplotlib-inline (from ipython<9,>=8->policyengine-core>=3.19.0->policyengine_us_data==1.44.2)
2025-08-10T11:43:56.6677037Z   Downloading matplotlib_inline-0.1.7-py3-none-any.whl.metadata (3.9 kB)
2025-08-10T11:43:56.6804504Z Collecting pexpect>4.3 (from ipython<9,>=8->policyengine-core>=3.19.0->policyengine_us_data==1.44.2)
2025-08-10T11:43:56.6828617Z   Downloading pexpect-4.9.0-py2.py3-none-any.whl.metadata (2.5 kB)
2025-08-10T11:43:56.7163580Z Collecting prompt_toolkit<3.1.0,>=3.0.41 (from ipython<9,>=8->policyengine-core>=3.19.0->policyengine_us_data==1.44.2)
2025-08-10T11:43:56.7189704Z   Downloading prompt_toolkit-3.0.51-py3-none-any.whl.metadata (6.4 kB)
2025-08-10T11:43:56.7388215Z Collecting pygments>=2.4.0 (from ipython<9,>=8->policyengine-core>=3.19.0->policyengine_us_data==1.44.2)
2025-08-10T11:43:56.7413591Z   Downloading pygments-2.19.2-py3-none-any.whl.metadata (2.5 kB)
2025-08-10T11:43:56.7527135Z Collecting stack_data (from ipython<9,>=8->policyengine-core>=3.19.0->policyengine_us_data==1.44.2)
2025-08-10T11:43:56.7552274Z   Downloading stack_data-0.6.3-py3-none-any.whl.metadata (18 kB)
2025-08-10T11:43:56.7726934Z Collecting traitlets>=5.13.0 (from ipython<9,>=8->policyengine-core>=3.19.0->policyengine_us_data==1.44.2)
2025-08-10T11:43:56.7763874Z   Downloading traitlets-5.14.3-py3-none-any.whl.metadata (10 kB)
2025-08-10T11:43:56.7956224Z Collecting wcwidth (from prompt_toolkit<3.1.0,>=3.0.41->ipython<9,>=8->policyengine-core>=3.19.0->policyengine_us_data==1.44.2)
2025-08-10T11:43:56.7983392Z   Downloading wcwidth-0.2.13-py2.py3-none-any.whl.metadata (14 kB)
2025-08-10T11:43:56.8130500Z Collecting iniconfig>=1 (from pytest<9,>=8->policyengine-core>=3.19.0->policyengine_us_data==1.44.2)
2025-08-10T11:43:56.8155791Z   Downloading iniconfig-2.1.0-py3-none-any.whl.metadata (2.7 kB)
2025-08-10T11:43:56.8289276Z Collecting pluggy<2,>=1.5 (from pytest<9,>=8->policyengine-core>=3.19.0->policyengine_us_data==1.44.2)
2025-08-10T11:43:56.8315883Z   Downloading pluggy-1.6.0-py3-none-any.whl.metadata (4.8 kB)
2025-08-10T11:43:56.8617429Z Collecting filelock (from huggingface_hub>=0.25.1->policyengine-core>=3.19.0->policyengine_us_data==1.44.2)
2025-08-10T11:43:56.8642071Z   Downloading filelock-3.18.0-py3-none-any.whl.metadata (2.9 kB)
2025-08-10T11:43:56.8874269Z Collecting fsspec>=2023.5.0 (from huggingface_hub>=0.25.1->policyengine-core>=3.19.0->policyengine_us_data==1.44.2)
2025-08-10T11:43:56.8899929Z   Downloading fsspec-2025.7.0-py3-none-any.whl.metadata (12 kB)
2025-08-10T11:43:56.9621523Z Collecting hf-xet<2.0.0,>=1.1.3 (from huggingface_hub>=0.25.1->policyengine-core>=3.19.0->policyengine_us_data==1.44.2)
2025-08-10T11:43:56.9651166Z   Downloading hf_xet-1.1.7-cp37-abi3-manylinux_2_17_x86_64.manylinux2014_x86_64.whl.metadata (703 bytes)
2025-08-10T11:43:56.9890064Z Collecting parso<0.9.0,>=0.8.4 (from jedi>=0.16->ipython<9,>=8->policyengine-core>=3.19.0->policyengine_us_data==1.44.2)
2025-08-10T11:43:56.9914574Z   Downloading parso-0.8.4-py2.py3-none-any.whl.metadata (7.7 kB)
2025-08-10T11:43:57.0066190Z Collecting ptyprocess>=0.5 (from pexpect>4.3->ipython<9,>=8->policyengine-core>=3.19.0->policyengine_us_data==1.44.2)
2025-08-10T11:43:57.0092637Z   Downloading ptyprocess-0.7.0-py2.py3-none-any.whl.metadata (1.3 kB)
2025-08-10T11:43:57.0433372Z Collecting six>=1.5 (from python-dateutil>=2.8.2->pandas>=2.3.1->policyengine_us_data==1.44.2)
2025-08-10T11:43:57.0458759Z   Downloading six-1.17.0-py2.py3-none-any.whl.metadata (1.7 kB)
2025-08-10T11:43:57.0786141Z Collecting jinja2>=2.9.6 (from pyvis>=0.3.2->policyengine-core>=3.19.0->policyengine_us_data==1.44.2)
2025-08-10T11:43:57.0812725Z   Downloading jinja2-3.1.6-py3-none-any.whl.metadata (2.9 kB)
2025-08-10T11:43:57.1008053Z Collecting jsonpickle>=1.4.1 (from pyvis>=0.3.2->policyengine-core>=3.19.0->policyengine_us_data==1.44.2)
2025-08-10T11:43:57.1047336Z   Downloading jsonpickle-4.1.1-py3-none-any.whl.metadata (8.1 kB)
2025-08-10T11:43:57.1329690Z Collecting networkx>=1.11 (from pyvis>=0.3.2->policyengine-core>=3.19.0->policyengine_us_data==1.44.2)
2025-08-10T11:43:57.1355162Z   Downloading networkx-3.5-py3-none-any.whl.metadata (6.3 kB)
2025-08-10T11:43:57.2741445Z Collecting MarkupSafe>=2.0 (from jinja2>=2.9.6->pyvis>=0.3.2->policyengine-core>=3.19.0->policyengine_us_data==1.44.2)
2025-08-10T11:43:57.2769655Z   Downloading MarkupSafe-3.0.2-cp313-cp313-manylinux_2_17_x86_64.manylinux2014_x86_64.whl.metadata (4.0 kB)
2025-08-10T11:43:57.4158151Z Collecting greenlet>=1 (from sqlalchemy>=2.0.41->policyengine_us_data==1.44.2)
2025-08-10T11:43:57.4186323Z   Downloading greenlet-3.2.4-cp313-cp313-manylinux_2_24_x86_64.manylinux_2_28_x86_64.whl.metadata (4.1 kB)
2025-08-10T11:43:57.4803877Z Collecting py-cpuinfo (from tables>=3.10.2->policyengine_us_data==1.44.2)
2025-08-10T11:43:57.4829523Z   Downloading py_cpuinfo-9.0.0-py3-none-any.whl.metadata (794 bytes)
2025-08-10T11:43:57.5620517Z Collecting blosc2>=2.3.0 (from tables>=3.10.2->policyengine_us_data==1.44.2)
2025-08-10T11:43:57.5657265Z   Downloading blosc2-3.6.1-cp313-cp313-manylinux2014_x86_64.manylinux_2_17_x86_64.whl.metadata (7.0 kB)
2025-08-10T11:43:57.5947508Z Collecting ndindex (from blosc2>=2.3.0->tables>=3.10.2->policyengine_us_data==1.44.2)
2025-08-10T11:43:57.5981280Z   Downloading ndindex-1.10.0-cp313-cp313-manylinux_2_17_x86_64.manylinux2014_x86_64.whl.metadata (3.6 kB)
2025-08-10T11:43:57.6608833Z Collecting msgpack (from blosc2>=2.3.0->tables>=3.10.2->policyengine_us_data==1.44.2)
2025-08-10T11:43:57.6637085Z   Downloading msgpack-1.1.1-cp313-cp313-manylinux_2_17_x86_64.manylinux2014_x86_64.whl.metadata (8.4 kB)
2025-08-10T11:43:57.6829425Z Collecting platformdirs (from blosc2>=2.3.0->tables>=3.10.2->policyengine_us_data==1.44.2)
2025-08-10T11:43:57.6854041Z   Downloading platformdirs-4.3.8-py3-none-any.whl.metadata (12 kB)
2025-08-10T11:43:57.7151086Z Collecting sympy>=1.13.3 (from torch>=2.7.1->policyengine_us_data==1.44.2)
2025-08-10T11:43:57.7177262Z   Downloading sympy-1.14.0-py3-none-any.whl.metadata (12 kB)
2025-08-10T11:43:57.7317185Z Collecting nvidia-cuda-nvrtc-cu12==12.8.93 (from torch>=2.7.1->policyengine_us_data==1.44.2)
2025-08-10T11:43:57.7344122Z   Downloading nvidia_cuda_nvrtc_cu12-12.8.93-py3-none-manylinux2010_x86_64.manylinux_2_12_x86_64.whl.metadata (1.7 kB)
2025-08-10T11:43:57.7467445Z Collecting nvidia-cuda-runtime-cu12==12.8.90 (from torch>=2.7.1->policyengine_us_data==1.44.2)
2025-08-10T11:43:57.7493502Z   Downloading nvidia_cuda_runtime_cu12-12.8.90-py3-none-manylinux2014_x86_64.manylinux_2_17_x86_64.whl.metadata (1.7 kB)
2025-08-10T11:43:57.7616501Z Collecting nvidia-cuda-cupti-cu12==12.8.90 (from torch>=2.7.1->policyengine_us_data==1.44.2)
2025-08-10T11:43:57.7659116Z   Downloading nvidia_cuda_cupti_cu12-12.8.90-py3-none-manylinux2014_x86_64.manylinux_2_17_x86_64.whl.metadata (1.7 kB)
2025-08-10T11:43:57.7789547Z Collecting nvidia-cudnn-cu12==9.10.2.21 (from torch>=2.7.1->policyengine_us_data==1.44.2)
2025-08-10T11:43:57.7813990Z   Downloading nvidia_cudnn_cu12-9.10.2.21-py3-none-manylinux_2_27_x86_64.whl.metadata (1.8 kB)
2025-08-10T11:43:57.7935702Z Collecting nvidia-cublas-cu12==12.8.4.1 (from torch>=2.7.1->policyengine_us_data==1.44.2)
2025-08-10T11:43:57.7961446Z   Downloading nvidia_cublas_cu12-12.8.4.1-py3-none-manylinux_2_27_x86_64.whl.metadata (1.7 kB)
2025-08-10T11:43:57.8084787Z Collecting nvidia-cufft-cu12==11.3.3.83 (from torch>=2.7.1->policyengine_us_data==1.44.2)
2025-08-10T11:43:57.8109657Z   Downloading nvidia_cufft_cu12-11.3.3.83-py3-none-manylinux2014_x86_64.manylinux_2_17_x86_64.whl.metadata (1.7 kB)
2025-08-10T11:43:57.8230235Z Collecting nvidia-curand-cu12==10.3.9.90 (from torch>=2.7.1->policyengine_us_data==1.44.2)
2025-08-10T11:43:57.8258654Z   Downloading nvidia_curand_cu12-10.3.9.90-py3-none-manylinux_2_27_x86_64.whl.metadata (1.7 kB)
2025-08-10T11:43:57.8386245Z Collecting nvidia-cusolver-cu12==11.7.3.90 (from torch>=2.7.1->policyengine_us_data==1.44.2)
2025-08-10T11:43:57.8410317Z   Downloading nvidia_cusolver_cu12-11.7.3.90-py3-none-manylinux_2_27_x86_64.whl.metadata (1.8 kB)
2025-08-10T11:43:57.8539973Z Collecting nvidia-cusparse-cu12==12.5.8.93 (from torch>=2.7.1->policyengine_us_data==1.44.2)
2025-08-10T11:43:57.8568262Z   Downloading nvidia_cusparse_cu12-12.5.8.93-py3-none-manylinux2014_x86_64.manylinux_2_17_x86_64.whl.metadata (1.8 kB)
2025-08-10T11:43:57.8732961Z Collecting nvidia-cusparselt-cu12==0.7.1 (from torch>=2.7.1->policyengine_us_data==1.44.2)
2025-08-10T11:43:57.8756535Z   Downloading nvidia_cusparselt_cu12-0.7.1-py3-none-manylinux2014_x86_64.whl.metadata (7.0 kB)
2025-08-10T11:43:57.8869076Z Collecting nvidia-nccl-cu12==2.27.3 (from torch>=2.7.1->policyengine_us_data==1.44.2)
2025-08-10T11:43:57.8893394Z   Downloading nvidia_nccl_cu12-2.27.3-py3-none-manylinux2014_x86_64.manylinux_2_17_x86_64.whl.metadata (2.0 kB)
2025-08-10T11:43:57.9015112Z Collecting nvidia-nvtx-cu12==12.8.90 (from torch>=2.7.1->policyengine_us_data==1.44.2)
2025-08-10T11:43:57.9039610Z   Downloading nvidia_nvtx_cu12-12.8.90-py3-none-manylinux2014_x86_64.manylinux_2_17_x86_64.whl.metadata (1.8 kB)
2025-08-10T11:43:57.9195687Z Collecting nvidia-nvjitlink-cu12==12.8.93 (from torch>=2.7.1->policyengine_us_data==1.44.2)
2025-08-10T11:43:57.9222173Z   Downloading nvidia_nvjitlink_cu12-12.8.93-py3-none-manylinux2010_x86_64.manylinux_2_12_x86_64.whl.metadata (1.7 kB)
2025-08-10T11:43:57.9335851Z Collecting nvidia-cufile-cu12==1.13.1.3 (from torch>=2.7.1->policyengine_us_data==1.44.2)
2025-08-10T11:43:57.9362324Z   Downloading nvidia_cufile_cu12-1.13.1.3-py3-none-manylinux2014_x86_64.manylinux_2_17_x86_64.whl.metadata (1.7 kB)
2025-08-10T11:43:57.9501674Z Collecting triton==3.4.0 (from torch>=2.7.1->policyengine_us_data==1.44.2)
2025-08-10T11:43:57.9534752Z   Downloading triton-3.4.0-cp313-cp313-manylinux_2_27_x86_64.manylinux_2_28_x86_64.whl.metadata (1.7 kB)
2025-08-10T11:43:58.0581385Z Collecting mpmath<1.4,>=1.1.0 (from sympy>=1.13.3->torch>=2.7.1->policyengine_us_data==1.44.2)
2025-08-10T11:43:58.0611946Z   Downloading mpmath-1.3.0-py3-none-any.whl.metadata (8.6 kB)
2025-08-10T11:43:58.1352108Z Collecting jellyfish (from us>=2.0.0->policyengine_us_data==1.44.2)
2025-08-10T11:43:58.1390278Z   Downloading jellyfish-1.2.0-cp313-cp313-manylinux_2_17_x86_64.manylinux2014_x86_64.whl.metadata (2.6 kB)
2025-08-10T11:43:58.1887915Z Collecting executing>=1.2.0 (from stack_data->ipython<9,>=8->policyengine-core>=3.19.0->policyengine_us_data==1.44.2)
2025-08-10T11:43:58.1915022Z   Downloading executing-2.2.0-py2.py3-none-any.whl.metadata (8.9 kB)
2025-08-10T11:43:58.2061879Z Collecting asttokens>=2.1.0 (from stack_data->ipython<9,>=8->policyengine-core>=3.19.0->policyengine_us_data==1.44.2)
2025-08-10T11:43:58.2089712Z   Downloading asttokens-3.0.0-py3-none-any.whl.metadata (4.7 kB)
2025-08-10T11:43:58.2231345Z Collecting pure-eval (from stack_data->ipython<9,>=8->policyengine-core>=3.19.0->policyengine_us_data==1.44.2)
2025-08-10T11:43:58.2257636Z   Downloading pure_eval-0.2.3-py3-none-any.whl.metadata (6.3 kB)
2025-08-10T11:43:58.2423711Z Downloading google_auth-2.40.3-py2.py3-none-any.whl (216 kB)
2025-08-10T11:43:58.2493550Z Downloading cachetools-5.5.2-py3-none-any.whl (10 kB)
2025-08-10T11:43:58.2538007Z Downloading rsa-4.9.1-py3-none-any.whl (34 kB)
2025-08-10T11:43:58.2581976Z Downloading google_cloud_storage-3.2.0-py3-none-any.whl (176 kB)
2025-08-10T11:43:58.2639489Z Downloading google_api_core-2.25.1-py3-none-any.whl (160 kB)
2025-08-10T11:43:58.2694332Z Downloading google_cloud_core-2.4.3-py2.py3-none-any.whl (29 kB)
2025-08-10T11:43:58.2742705Z Downloading google_crc32c-1.7.1-cp313-cp313-manylinux_2_17_x86_64.manylinux2014_x86_64.whl (32 kB)
2025-08-10T11:43:58.2787096Z Downloading google_resumable_media-2.7.2-py2.py3-none-any.whl (81 kB)
2025-08-10T11:43:58.2837877Z Downloading googleapis_common_protos-1.70.0-py3-none-any.whl (294 kB)
2025-08-10T11:43:58.2907133Z Downloading proto_plus-1.26.1-py3-none-any.whl (50 kB)
2025-08-10T11:43:58.2954822Z Downloading protobuf-6.31.1-cp39-abi3-manylinux2014_x86_64.whl (321 kB)
2025-08-10T11:43:58.3024624Z Downloading requests-2.32.4-py3-none-any.whl (64 kB)
2025-08-10T11:43:58.3079732Z Downloading charset_normalizer-3.4.3-cp313-cp313-manylinux2014_x86_64.manylinux_2_17_x86_64.manylinux_2_28_x86_64.whl (151 kB)
2025-08-10T11:43:58.3126043Z Downloading idna-3.10-py3-none-any.whl (70 kB)
2025-08-10T11:43:58.3186877Z Downloading urllib3-2.5.0-py3-none-any.whl (129 kB)
2025-08-10T11:43:58.3236055Z Downloading certifi-2025.8.3-py3-none-any.whl (161 kB)
2025-08-10T11:43:58.3300797Z Downloading microdf_python-1.0.2-py3-none-any.whl (15 kB)
2025-08-10T11:43:58.3355309Z Downloading microimpute-1.1.6-py3-none-any.whl (52 kB)
2025-08-10T11:43:58.3401222Z Downloading joblib-1.5.1-py3-none-any.whl (307 kB)
2025-08-10T11:43:58.3465260Z Downloading optuna-4.4.0-py3-none-any.whl (395 kB)
2025-08-10T11:43:58.3542257Z Downloading pandas-2.3.1-cp313-cp313-manylinux_2_17_x86_64.manylinux2014_x86_64.whl (12.1 MB)
2025-08-10T11:43:58.4143390Z    ━━━━━━━━━━━━━━━━━━━━━━━━━━━━━━━━━━━━━━━━ 12.1/12.1 MB 209.1 MB/s  0:00:00
2025-08-10T11:43:58.4195050Z Downloading plotly-5.24.1-py3-none-any.whl (19.1 MB)
2025-08-10T11:43:58.5028362Z    ━━━━━━━━━━━━━━━━━━━━━━━━━━━━━━━━━━━━━━━━ 19.1/19.1 MB 233.0 MB/s  0:00:00
2025-08-10T11:43:58.5057439Z Downloading pydantic-2.11.7-py3-none-any.whl (444 kB)
2025-08-10T11:43:58.5124652Z Downloading pydantic_core-2.33.2-cp313-cp313-manylinux_2_17_x86_64.manylinux2014_x86_64.whl (2.0 MB)
2025-08-10T11:43:58.5237999Z    ━━━━━━━━━━━━━━━━━━━━━━━━━━━━━━━━━━━━━━━━ 2.0/2.0 MB 193.6 MB/s  0:00:00
2025-08-10T11:43:58.5283176Z Downloading quantile_forest-1.4.0-cp313-cp313-manylinux_2_17_x86_64.manylinux2014_x86_64.whl (1.9 MB)
2025-08-10T11:43:58.5404278Z    ━━━━━━━━━━━━━━━━━━━━━━━━━━━━━━━━━━━━━━━━ 1.9/1.9 MB 164.2 MB/s  0:00:00
2025-08-10T11:43:58.5451147Z Downloading scikit_learn-1.7.1-cp313-cp313-manylinux2014_x86_64.manylinux_2_17_x86_64.whl (9.4 MB)
2025-08-10T11:43:58.5873712Z    ━━━━━━━━━━━━━━━━━━━━━━━━━━━━━━━━━━━━━━━━ 9.4/9.4 MB 230.3 MB/s  0:00:00
2025-08-10T11:43:58.5918875Z Downloading scipy-1.16.1-cp313-cp313-manylinux2014_x86_64.manylinux_2_17_x86_64.whl (35.2 MB)
2025-08-10T11:43:58.7433892Z    ━━━━━━━━━━━━━━━━━━━━━━━━━━━━━━━━━━━━━━━━ 35.2/35.2 MB 234.4 MB/s  0:00:00
2025-08-10T11:43:58.7480912Z Downloading statsmodels-0.14.5-cp313-cp313-manylinux2014_x86_64.manylinux_2_17_x86_64.manylinux_2_28_x86_64.whl (10.5 MB)
2025-08-10T11:43:58.7979123Z    ━━━━━━━━━━━━━━━━━━━━━━━━━━━━━━━━━━━━━━━━ 10.5/10.5 MB 215.0 MB/s  0:00:00
2025-08-10T11:43:58.8004379Z Downloading tqdm-4.67.1-py3-none-any.whl (78 kB)
2025-08-10T11:43:58.8053922Z Downloading alembic-1.16.4-py3-none-any.whl (247 kB)
2025-08-10T11:43:58.8106961Z Downloading annotated_types-0.7.0-py3-none-any.whl (13 kB)
2025-08-10T11:43:58.8150381Z Downloading openpyxl-3.1.5-py2.py3-none-any.whl (250 kB)
2025-08-10T11:43:58.8192644Z Using cached packaging-25.0-py3-none-any.whl (66 kB)
2025-08-10T11:43:58.8216409Z Downloading patsy-1.0.1-py2.py3-none-any.whl (232 kB)
2025-08-10T11:43:58.8272964Z Downloading pip_system_certs-5.2-py3-none-any.whl (5.9 kB)
2025-08-10T11:43:58.8327436Z Downloading policyengine_core-3.19.4-py3-none-any.whl (220 kB)
2025-08-10T11:43:58.8376983Z Downloading dpath-2.2.0-py3-none-any.whl (17 kB)
2025-08-10T11:43:58.8436210Z Downloading h5py-3.14.0-cp313-cp313-manylinux_2_17_x86_64.manylinux2014_x86_64.whl (4.9 MB)
2025-08-10T11:43:58.8671843Z    ━━━━━━━━━━━━━━━━━━━━━━━━━━━━━━━━━━━━━━━━ 4.9/4.9 MB 220.1 MB/s  0:00:00
2025-08-10T11:43:58.8698836Z Downloading ipython-8.37.0-py3-none-any.whl (831 kB)
2025-08-10T11:43:58.8775251Z    ━━━━━━━━━━━━━━━━━━━━━━━━━━━━━━━━━━━━━━━━ 831.9/831.9 kB 127.9 MB/s  0:00:00
2025-08-10T11:43:58.8817276Z Downloading numexpr-2.11.0-cp313-cp313-manylinux_2_27_x86_64.manylinux_2_28_x86_64.whl (406 kB)
2025-08-10T11:43:58.8900135Z Downloading numpy-2.1.3-cp313-cp313-manylinux_2_17_x86_64.manylinux2014_x86_64.whl (16.0 MB)
2025-08-10T11:43:58.9683833Z    ━━━━━━━━━━━━━━━━━━━━━━━━━━━━━━━━━━━━━━━━ 16.0/16.0 MB 208.2 MB/s  0:00:00
2025-08-10T11:43:58.9711690Z Downloading prompt_toolkit-3.0.51-py3-none-any.whl (387 kB)
2025-08-10T11:43:58.9808841Z Downloading psutil-6.1.1-cp36-abi3-manylinux_2_12_x86_64.manylinux2010_x86_64.manylinux_2_17_x86_64.manylinux2014_x86_64.whl (287 kB)
2025-08-10T11:43:58.9863909Z Downloading pytest-8.4.1-py3-none-any.whl (365 kB)
2025-08-10T11:43:58.9921625Z Downloading pluggy-1.6.0-py3-none-any.whl (20 kB)
2025-08-10T11:43:58.9965501Z Downloading sortedcontainers-2.4.0-py2.py3-none-any.whl (29 kB)
2025-08-10T11:43:58.9997080Z Using cached wheel-0.45.1-py3-none-any.whl (72 kB)
2025-08-10T11:43:59.0028948Z Downloading huggingface_hub-0.34.4-py3-none-any.whl (561 kB)
2025-08-10T11:43:59.0088780Z    ━━━━━━━━━━━━━━━━━━━━━━━━━━━━━━━━━━━━━━━━ 561.5/561.5 kB 80.4 MB/s  0:00:00
2025-08-10T11:43:59.0116293Z Downloading hf_xet-1.1.7-cp37-abi3-manylinux_2_17_x86_64.manylinux2014_x86_64.whl (3.2 MB)
2025-08-10T11:43:59.0259973Z    ━━━━━━━━━━━━━━━━━━━━━━━━━━━━━━━━━━━━━━━━ 3.2/3.2 MB 239.7 MB/s  0:00:00
2025-08-10T11:43:59.0284754Z Downloading fsspec-2025.7.0-py3-none-any.whl (199 kB)
2025-08-10T11:43:59.0336097Z Downloading iniconfig-2.1.0-py3-none-any.whl (6.0 kB)
2025-08-10T11:43:59.0380653Z Downloading jedi-0.19.2-py2.py3-none-any.whl (1.6 MB)
2025-08-10T11:43:59.0471283Z    ━━━━━━━━━━━━━━━━━━━━━━━━━━━━━━━━━━━━━━━━ 1.6/1.6 MB 190.6 MB/s  0:00:00
2025-08-10T11:43:59.0505677Z Downloading parso-0.8.4-py2.py3-none-any.whl (103 kB)
2025-08-10T11:43:59.0553869Z Downloading pexpect-4.9.0-py2.py3-none-any.whl (63 kB)
2025-08-10T11:43:59.0625425Z Downloading policyengine_us-1.367.0-py3-none-any.whl (5.8 MB)
2025-08-10T11:43:59.1821036Z    ━━━━━━━━━━━━━━━━━━━━━━━━━━━━━━━━━━━━━━━━ 5.8/5.8 MB 47.4 MB/s  0:00:00
2025-08-10T11:43:59.1848019Z Downloading ptyprocess-0.7.0-py2.py3-none-any.whl (13 kB)
2025-08-10T11:43:59.1895480Z Downloading pyasn1-0.6.1-py3-none-any.whl (83 kB)
2025-08-10T11:43:59.1943749Z Downloading pyasn1_modules-0.4.2-py3-none-any.whl (181 kB)
2025-08-10T11:43:59.2018482Z Downloading pygments-2.19.2-py3-none-any.whl (1.2 MB)
2025-08-10T11:43:59.2103652Z    ━━━━━━━━━━━━━━━━━━━━━━━━━━━━━━━━━━━━━━━━ 1.2/1.2 MB 163.2 MB/s  0:00:00
2025-08-10T11:43:59.2127324Z Downloading python_dateutil-2.9.0.post0-py2.py3-none-any.whl (229 kB)
2025-08-10T11:43:59.2179247Z Downloading pytz-2025.2-py2.py3-none-any.whl (509 kB)
2025-08-10T11:43:59.2293990Z Downloading pyvis-0.3.2-py3-none-any.whl (756 kB)
2025-08-10T11:43:59.2366019Z    ━━━━━━━━━━━━━━━━━━━━━━━━━━━━━━━━━━━━━━━━ 756.0/756.0 kB 119.6 MB/s  0:00:00
2025-08-10T11:43:59.2392175Z Downloading jinja2-3.1.6-py3-none-any.whl (134 kB)
2025-08-10T11:43:59.2441573Z Downloading jsonpickle-4.1.1-py3-none-any.whl (47 kB)
2025-08-10T11:43:59.2487150Z Downloading MarkupSafe-3.0.2-cp313-cp313-manylinux_2_17_x86_64.manylinux2014_x86_64.whl (23 kB)
2025-08-10T11:43:59.2530443Z Downloading networkx-3.5-py3-none-any.whl (2.0 MB)
2025-08-10T11:43:59.2647800Z    ━━━━━━━━━━━━━━━━━━━━━━━━━━━━━━━━━━━━━━━━ 2.0/2.0 MB 193.5 MB/s  0:00:00
2025-08-10T11:43:59.2673528Z Downloading PyYAML-6.0.2-cp313-cp313-manylinux_2_17_x86_64.manylinux2014_x86_64.whl (759 kB)
2025-08-10T11:43:59.2742047Z    ━━━━━━━━━━━━━━━━━━━━━━━━━━━━━━━━━━━━━━━━ 759.5/759.5 kB 131.9 MB/s  0:00:00
2025-08-10T11:43:59.2753138Z Using cached setuptools-80.9.0-py3-none-any.whl (1.2 MB)
2025-08-10T11:43:59.2787016Z Downloading six-1.17.0-py2.py3-none-any.whl (11 kB)
2025-08-10T11:43:59.2850248Z Downloading sqlalchemy-2.0.42-cp313-cp313-manylinux_2_17_x86_64.manylinux2014_x86_64.whl (3.3 MB)
2025-08-10T11:43:59.3013467Z    ━━━━━━━━━━━━━━━━━━━━━━━━━━━━━━━━━━━━━━━━ 3.3/3.3 MB 216.6 MB/s  0:00:00
2025-08-10T11:43:59.3057859Z Downloading greenlet-3.2.4-cp313-cp313-manylinux_2_24_x86_64.manylinux_2_28_x86_64.whl (610 kB)
2025-08-10T11:43:59.3131954Z    ━━━━━━━━━━━━━━━━━━━━━━━━━━━━━━━━━━━━━━━━ 610.5/610.5 kB 65.4 MB/s  0:00:00
2025-08-10T11:43:59.3158843Z Downloading sqlmodel-0.0.24-py3-none-any.whl (28 kB)
2025-08-10T11:43:59.3228455Z Downloading tables-3.10.2-cp313-cp313-manylinux_2_17_x86_64.manylinux2014_x86_64.whl (7.5 MB)
2025-08-10T11:43:59.3562119Z    ━━━━━━━━━━━━━━━━━━━━━━━━━━━━━━━━━━━━━━━━ 7.5/7.5 MB 233.4 MB/s  0:00:00
2025-08-10T11:43:59.3609083Z Downloading blosc2-3.6.1-cp313-cp313-manylinux2014_x86_64.manylinux_2_17_x86_64.whl (4.4 MB)
2025-08-10T11:43:59.3818877Z    ━━━━━━━━━━━━━━━━━━━━━━━━━━━━━━━━━━━━━━━━ 4.4/4.4 MB 227.1 MB/s  0:00:00
2025-08-10T11:43:59.3852852Z Downloading tenacity-9.1.2-py3-none-any.whl (28 kB)
2025-08-10T11:43:59.3893738Z Downloading threadpoolctl-3.6.0-py3-none-any.whl (18 kB)
2025-08-10T11:43:59.3968540Z Downloading torch-2.8.0-cp313-cp313-manylinux_2_28_x86_64.whl (887.9 MB)
2025-08-10T11:44:06.5728028Z    ━━━━━━━━━━━━━━━━━━━━━━━━━━━━━━━━━━━━━━━━ 887.9/887.9 MB 53.5 MB/s  0:00:07
2025-08-10T11:44:06.5759269Z Downloading nvidia_cublas_cu12-12.8.4.1-py3-none-manylinux_2_27_x86_64.whl (594.3 MB)
2025-08-10T11:44:11.1188941Z    ━━━━━━━━━━━━━━━━━━━━━━━━━━━━━━━━━━━━━━━━ 594.3/594.3 MB 77.4 MB/s  0:00:04
2025-08-10T11:44:11.1222102Z Downloading nvidia_cuda_cupti_cu12-12.8.90-py3-none-manylinux2014_x86_64.manylinux_2_17_x86_64.whl (10.2 MB)
2025-08-10T11:44:11.1794423Z    ━━━━━━━━━━━━━━━━━━━━━━━━━━━━━━━━━━━━━━━━ 10.2/10.2 MB 187.9 MB/s  0:00:00
2025-08-10T11:44:11.1826926Z Downloading nvidia_cuda_nvrtc_cu12-12.8.93-py3-none-manylinux2010_x86_64.manylinux_2_12_x86_64.whl (88.0 MB)
2025-08-10T11:44:11.6165904Z    ━━━━━━━━━━━━━━━━━━━━━━━━━━━━━━━━━━━━━━━━ 88.0/88.0 MB 204.2 MB/s  0:00:00
2025-08-10T11:44:11.6196063Z Downloading nvidia_cuda_runtime_cu12-12.8.90-py3-none-manylinux2014_x86_64.manylinux_2_17_x86_64.whl (954 kB)
2025-08-10T11:44:11.6286563Z    ━━━━━━━━━━━━━━━━━━━━━━━━━━━━━━━━━━━━━━━━ 954.8/954.8 kB 130.4 MB/s  0:00:00
2025-08-10T11:44:11.6361632Z Downloading nvidia_cudnn_cu12-9.10.2.21-py3-none-manylinux_2_27_x86_64.whl (706.8 MB)
2025-08-10T11:44:17.6357378Z    ━━━━━━━━━━━━━━━━━━━━━━━━━━━━━━━━━━━━━━━━ 706.8/706.8 MB 58.7 MB/s  0:00:05
2025-08-10T11:44:17.6423019Z Downloading nvidia_cufft_cu12-11.3.3.83-py3-none-manylinux2014_x86_64.manylinux_2_17_x86_64.whl (193.1 MB)
2025-08-10T11:44:18.6844550Z    ━━━━━━━━━━━━━━━━━━━━━━━━━━━━━━━━━━━━━━━━ 193.1/193.1 MB 185.5 MB/s  0:00:01
2025-08-10T11:44:18.6895098Z Downloading nvidia_cufile_cu12-1.13.1.3-py3-none-manylinux2014_x86_64.manylinux_2_17_x86_64.whl (1.2 MB)
2025-08-10T11:44:18.6977866Z    ━━━━━━━━━━━━━━━━━━━━━━━━━━━━━━━━━━━━━━━━ 1.2/1.2 MB 159.7 MB/s  0:00:00
2025-08-10T11:44:18.7032880Z Downloading nvidia_curand_cu12-10.3.9.90-py3-none-manylinux_2_27_x86_64.whl (63.6 MB)
2025-08-10T11:44:19.0030706Z    ━━━━━━━━━━━━━━━━━━━━━━━━━━━━━━━━━━━━━━━━ 63.6/63.6 MB 213.2 MB/s  0:00:00
2025-08-10T11:44:19.0086361Z Downloading nvidia_cusolver_cu12-11.7.3.90-py3-none-manylinux_2_27_x86_64.whl (267.5 MB)
2025-08-10T11:44:20.9390426Z    ━━━━━━━━━━━━━━━━━━━━━━━━━━━━━━━━━━━━━━━━ 267.5/267.5 MB 137.1 MB/s  0:00:01
2025-08-10T11:44:20.9438808Z Downloading nvidia_cusparse_cu12-12.5.8.93-py3-none-manylinux2014_x86_64.manylinux_2_17_x86_64.whl (288.2 MB)
2025-08-10T11:44:23.4460603Z    ━━━━━━━━━━━━━━━━━━━━━━━━━━━━━━━━━━━━━━━━ 288.2/288.2 MB 107.9 MB/s  0:00:02
2025-08-10T11:44:23.4523006Z Downloading nvidia_cusparselt_cu12-0.7.1-py3-none-manylinux2014_x86_64.whl (287.2 MB)
2025-08-10T11:44:25.7525559Z    ━━━━━━━━━━━━━━━━━━━━━━━━━━━━━━━━━━━━━━━━ 287.2/287.2 MB 117.9 MB/s  0:00:02
2025-08-10T11:44:25.7552743Z Downloading nvidia_nccl_cu12-2.27.3-py3-none-manylinux2014_x86_64.manylinux_2_17_x86_64.whl (322.4 MB)
2025-08-10T11:44:28.5655164Z    ━━━━━━━━━━━━━━━━━━━━━━━━━━━━━━━━━━━━━━━━ 322.4/322.4 MB 101.4 MB/s  0:00:02
2025-08-10T11:44:28.5720981Z Downloading nvidia_nvjitlink_cu12-12.8.93-py3-none-manylinux2010_x86_64.manylinux_2_12_x86_64.whl (39.3 MB)
2025-08-10T11:44:28.7458982Z    ━━━━━━━━━━━━━━━━━━━━━━━━━━━━━━━━━━━━━━━━ 39.3/39.3 MB 229.3 MB/s  0:00:00
2025-08-10T11:44:28.7487849Z Downloading nvidia_nvtx_cu12-12.8.90-py3-none-manylinux2014_x86_64.manylinux_2_17_x86_64.whl (89 kB)
2025-08-10T11:44:28.7569220Z Downloading triton-3.4.0-cp313-cp313-manylinux_2_27_x86_64.manylinux_2_28_x86_64.whl (155.6 MB)
2025-08-10T11:44:29.4759280Z    ━━━━━━━━━━━━━━━━━━━━━━━━━━━━━━━━━━━━━━━━ 155.6/155.6 MB 216.9 MB/s  0:00:00
2025-08-10T11:44:29.4794662Z Downloading sympy-1.14.0-py3-none-any.whl (6.3 MB)
2025-08-10T11:44:29.5124953Z    ━━━━━━━━━━━━━━━━━━━━━━━━━━━━━━━━━━━━━━━━ 6.3/6.3 MB 207.4 MB/s  0:00:00
2025-08-10T11:44:29.5156834Z Downloading mpmath-1.3.0-py3-none-any.whl (536 kB)
2025-08-10T11:44:29.5216411Z    ━━━━━━━━━━━━━━━━━━━━━━━━━━━━━━━━━━━━━━━━ 536.2/536.2 kB 81.7 MB/s  0:00:00
2025-08-10T11:44:29.5242229Z Downloading traitlets-5.14.3-py3-none-any.whl (85 kB)
2025-08-10T11:44:29.5291482Z Downloading typing_extensions-4.14.1-py3-none-any.whl (43 kB)
2025-08-10T11:44:29.5337460Z Downloading typing_inspection-0.4.1-py3-none-any.whl (14 kB)
2025-08-10T11:44:29.5382761Z Downloading tzdata-2025.2-py2.py3-none-any.whl (347 kB)
2025-08-10T11:44:29.5445303Z Downloading us-3.2.0-py3-none-any.whl (13 kB)
2025-08-10T11:44:29.5491306Z Downloading colorlog-6.9.0-py3-none-any.whl (11 kB)
2025-08-10T11:44:29.5532503Z Downloading decorator-5.2.1-py3-none-any.whl (9.2 kB)
2025-08-10T11:44:29.5574297Z Downloading et_xmlfile-2.0.0-py3-none-any.whl (18 kB)
2025-08-10T11:44:29.5615692Z Downloading filelock-3.18.0-py3-none-any.whl (16 kB)
2025-08-10T11:44:29.5693325Z Downloading jellyfish-1.2.0-cp313-cp313-manylinux_2_17_x86_64.manylinux2014_x86_64.whl (355 kB)
2025-08-10T11:44:29.5748834Z Downloading mako-1.3.10-py3-none-any.whl (78 kB)
2025-08-10T11:44:29.5794052Z Downloading matplotlib_inline-0.1.7-py3-none-any.whl (9.9 kB)
2025-08-10T11:44:29.5878554Z Downloading msgpack-1.1.1-cp313-cp313-manylinux_2_17_x86_64.manylinux2014_x86_64.whl (423 kB)
2025-08-10T11:44:29.5952964Z Downloading ndindex-1.10.0-cp313-cp313-manylinux_2_17_x86_64.manylinux2014_x86_64.whl (526 kB)
2025-08-10T11:44:29.6008458Z    ━━━━━━━━━━━━━━━━━━━━━━━━━━━━━━━━━━━━━━━━ 526.9/526.9 kB 83.9 MB/s  0:00:00
2025-08-10T11:44:29.6032614Z Downloading platformdirs-4.3.8-py3-none-any.whl (18 kB)
2025-08-10T11:44:29.6074486Z Downloading py_cpuinfo-9.0.0-py3-none-any.whl (22 kB)
2025-08-10T11:44:29.6121586Z Downloading stack_data-0.6.3-py3-none-any.whl (24 kB)
2025-08-10T11:44:29.6163109Z Downloading asttokens-3.0.0-py3-none-any.whl (26 kB)
2025-08-10T11:44:29.6208337Z Downloading executing-2.2.0-py2.py3-none-any.whl (26 kB)
2025-08-10T11:44:29.6252344Z Downloading pure_eval-0.2.3-py3-none-any.whl (11 kB)
2025-08-10T11:44:29.6300652Z Downloading standard_imghdr-3.13.0-py3-none-any.whl (4.6 kB)
2025-08-10T11:44:29.6343287Z Downloading wcwidth-0.2.13-py2.py3-none-any.whl (34 kB)
2025-08-10T11:44:32.8432705Z Building wheels for collected packages: policyengine_us_data
2025-08-10T11:44:32.8446007Z   Building wheel for policyengine_us_data (pyproject.toml): started
2025-08-10T11:44:33.3765675Z   Building wheel for policyengine_us_data (pyproject.toml): finished with status 'done'
2025-08-10T11:44:33.3783234Z   Created wheel for policyengine_us_data: filename=policyengine_us_data-1.44.2-py3-none-any.whl size=1277161 sha256=7b6acb7d38d1d384dc91c32767db203e5dda5a7b7ed4f31cf0ec8f8363f0625a
2025-08-10T11:44:33.3787469Z   Stored in directory: /home/runner/.cache/pip/wheels/29/b0/3c/6796889ea510c4f0b4e3b87095cd21d0c40072dfce146ffbf5
2025-08-10T11:44:33.3809884Z Successfully built policyengine_us_data
2025-08-10T11:44:33.8070821Z Installing collected packages: wcwidth, standard-imghdr, sortedcontainers, pytz, py-cpuinfo, pure-eval, ptyprocess, nvidia-cusparselt-cu12, mpmath, wheel, urllib3, tzdata, typing-extensions, traitlets, tqdm, threadpoolctl, tenacity, sympy, six, setuptools, PyYAML, pygments, pyasn1, psutil, protobuf, prompt_toolkit, pluggy, platformdirs, pip-system-certs, pexpect, parso, packaging, nvidia-nvtx-cu12, nvidia-nvjitlink-cu12, nvidia-nccl-cu12, nvidia-curand-cu12, nvidia-cufile-cu12, nvidia-cuda-runtime-cu12, nvidia-cuda-nvrtc-cu12, nvidia-cuda-cupti-cu12, nvidia-cublas-cu12, numpy, networkx, ndindex, msgpack, MarkupSafe, jsonpickle, joblib, jellyfish, iniconfig, idna, hf-xet, greenlet, google-crc32c, fsspec, filelock, executing, et-xmlfile, dpath, decorator, colorlog, charset_normalizer, certifi, cachetools, asttokens, annotated-types, us, typing-inspection, triton, stack_data, sqlalchemy, scipy, rsa, requests, python-dateutil, pytest, pydantic-core, pyasn1-modules, proto-plus, plotly, patsy, openpyxl, nvidia-cusparse-cu12, nvidia-cufft-cu12, nvidia-cudnn-cu12, numexpr, matplotlib-inline, Mako, jinja2, jedi, h5py, googleapis-common-protos, google-resumable-media, scikit-learn, pydantic, pandas, nvidia-cusolver-cu12, ipython, huggingface_hub, google-auth, blosc2, alembic, torch, tables, statsmodels, sqlmodel, quantile-forest, pyvis, optuna, microdf_python, google-api-core, policyengine-core, microimpute, google-cloud-core, google-cloud-storage, policyengine-us, policyengine_us_data
2025-08-10T11:46:04.2831917Z 
2025-08-10T11:46:04.2961766Z Successfully installed Mako-1.3.10 MarkupSafe-3.0.2 PyYAML-6.0.2 alembic-1.16.4 annotated-types-0.7.0 asttokens-3.0.0 blosc2-3.6.1 cachetools-5.5.2 certifi-2025.8.3 charset_normalizer-3.4.3 colorlog-6.9.0 decorator-5.2.1 dpath-2.2.0 et-xmlfile-2.0.0 executing-2.2.0 filelock-3.18.0 fsspec-2025.7.0 google-api-core-2.25.1 google-auth-2.40.3 google-cloud-core-2.4.3 google-cloud-storage-3.2.0 google-crc32c-1.7.1 google-resumable-media-2.7.2 googleapis-common-protos-1.70.0 greenlet-3.2.4 h5py-3.14.0 hf-xet-1.1.7 huggingface_hub-0.34.4 idna-3.10 iniconfig-2.1.0 ipython-8.37.0 jedi-0.19.2 jellyfish-1.2.0 jinja2-3.1.6 joblib-1.5.1 jsonpickle-4.1.1 matplotlib-inline-0.1.7 microdf_python-1.0.2 microimpute-1.1.6 mpmath-1.3.0 msgpack-1.1.1 ndindex-1.10.0 networkx-3.5 numexpr-2.11.0 numpy-2.1.3 nvidia-cublas-cu12-12.8.4.1 nvidia-cuda-cupti-cu12-12.8.90 nvidia-cuda-nvrtc-cu12-12.8.93 nvidia-cuda-runtime-cu12-12.8.90 nvidia-cudnn-cu12-9.10.2.21 nvidia-cufft-cu12-11.3.3.83 nvidia-cufile-cu12-1.13.1.3 nvidia-curand-cu12-10.3.9.90 nvidia-cusolver-cu12-11.7.3.90 nvidia-cusparse-cu12-12.5.8.93 nvidia-cusparselt-cu12-0.7.1 nvidia-nccl-cu12-2.27.3 nvidia-nvjitlink-cu12-12.8.93 nvidia-nvtx-cu12-12.8.90 openpyxl-3.1.5 optuna-4.4.0 packaging-25.0 pandas-2.3.1 parso-0.8.4 patsy-1.0.1 pexpect-4.9.0 pip-system-certs-5.2 platformdirs-4.3.8 plotly-5.24.1 pluggy-1.6.0 policyengine-core-3.19.4 policyengine-us-1.367.0 policyengine_us_data-1.44.2 prompt_toolkit-3.0.51 proto-plus-1.26.1 protobuf-6.31.1 psutil-6.1.1 ptyprocess-0.7.0 pure-eval-0.2.3 py-cpuinfo-9.0.0 pyasn1-0.6.1 pyasn1-modules-0.4.2 pydantic-2.11.7 pydantic-core-2.33.2 pygments-2.19.2 pytest-8.4.1 python-dateutil-2.9.0.post0 pytz-2025.2 pyvis-0.3.2 quantile-forest-1.4.0 requests-2.32.4 rsa-4.9.1 scikit-learn-1.7.1 scipy-1.16.1 setuptools-80.9.0 six-1.17.0 sortedcontainers-2.4.0 sqlalchemy-2.0.42 sqlmodel-0.0.24 stack_data-0.6.3 standard-imghdr-3.13.0 statsmodels-0.14.5 sympy-1.14.0 tables-3.10.2 tenacity-9.1.2 threadpoolctl-3.6.0 torch-2.8.0 tqdm-4.67.1 traitlets-5.14.3 triton-3.4.0 typing-extensions-4.14.1 typing-inspection-0.4.1 tzdata-2025.2 urllib3-2.5.0 us-3.2.0 wcwidth-0.2.13 wheel-0.45.1
2025-08-10T11:46:05.5614615Z ##[group]Run python -c "import policyengine_us_data; print('Minimal import OK')"
2025-08-10T11:46:05.5615179Z [36;1mpython -c "import policyengine_us_data; print('Minimal import OK')"[0m
2025-08-10T11:46:05.5682408Z shell: /usr/bin/bash -e {0}
2025-08-10T11:46:05.5682639Z env:
2025-08-10T11:46:05.5682872Z   pythonLocation: /opt/hostedtoolcache/Python/3.13.5/x64
2025-08-10T11:46:05.5683261Z   PKG_CONFIG_PATH: /opt/hostedtoolcache/Python/3.13.5/x64/lib/pkgconfig
2025-08-10T11:46:05.5683630Z   Python_ROOT_DIR: /opt/hostedtoolcache/Python/3.13.5/x64
2025-08-10T11:46:05.5683949Z   Python2_ROOT_DIR: /opt/hostedtoolcache/Python/3.13.5/x64
2025-08-10T11:46:05.5684276Z   Python3_ROOT_DIR: /opt/hostedtoolcache/Python/3.13.5/x64
2025-08-10T11:46:05.5684598Z   LD_LIBRARY_PATH: /opt/hostedtoolcache/Python/3.13.5/x64/lib
2025-08-10T11:46:05.5684873Z ##[endgroup]
2025-08-10T11:46:10.3353221Z TEST_LITE == False
2025-08-10T11:46:10.3353659Z Minimal import OK
2025-08-10T11:46:11.0155148Z ##[group]Run python -c "from policyengine_core.data import Dataset; print('Core import OK')"
2025-08-10T11:46:11.0155739Z [36;1mpython -c "from policyengine_core.data import Dataset; print('Core import OK')"[0m
2025-08-10T11:46:11.0197716Z shell: /usr/bin/bash -e {0}
2025-08-10T11:46:11.0197935Z env:
2025-08-10T11:46:11.0198162Z   pythonLocation: /opt/hostedtoolcache/Python/3.13.5/x64
2025-08-10T11:46:11.0198550Z   PKG_CONFIG_PATH: /opt/hostedtoolcache/Python/3.13.5/x64/lib/pkgconfig
2025-08-10T11:46:11.0198934Z   Python_ROOT_DIR: /opt/hostedtoolcache/Python/3.13.5/x64
2025-08-10T11:46:11.0199278Z   Python2_ROOT_DIR: /opt/hostedtoolcache/Python/3.13.5/x64
2025-08-10T11:46:11.0199637Z   Python3_ROOT_DIR: /opt/hostedtoolcache/Python/3.13.5/x64
2025-08-10T11:46:11.0199975Z   LD_LIBRARY_PATH: /opt/hostedtoolcache/Python/3.13.5/x64/lib
2025-08-10T11:46:11.0200261Z ##[endgroup]
2025-08-10T11:46:11.9789377Z Core import OK
2025-08-10T11:46:12.1971211Z Post job cleanup.
2025-08-10T11:46:12.3709651Z Post job cleanup.
2025-08-10T11:46:12.4706156Z [command]/usr/bin/git version
2025-08-10T11:46:12.4744616Z git version 2.50.1
2025-08-10T11:46:12.4800032Z Temporarily overriding HOME='/home/runner/work/_temp/38f2cc5c-ebe9-4e37-abcb-c5302b72570a' before making global git config changes
2025-08-10T11:46:12.4801225Z Adding repository directory to the temporary git global config as a safe directory
2025-08-10T11:46:12.4805848Z [command]/usr/bin/git config --global --add safe.directory /home/runner/work/policyengine-us-data/policyengine-us-data
2025-08-10T11:46:12.4844570Z [command]/usr/bin/git config --local --name-only --get-regexp core\.sshCommand
2025-08-10T11:46:12.4878541Z [command]/usr/bin/git submodule foreach --recursive sh -c "git config --local --name-only --get-regexp 'core\.sshCommand' && git config --local --unset-all 'core.sshCommand' || :"
2025-08-10T11:46:12.5139244Z [command]/usr/bin/git config --local --name-only --get-regexp http\.https\:\/\/github\.com\/\.extraheader
2025-08-10T11:46:12.5165607Z http.https://github.com/.extraheader
2025-08-10T11:46:12.5179592Z [command]/usr/bin/git config --local --unset-all http.https://github.com/.extraheader
2025-08-10T11:46:12.5216050Z [command]/usr/bin/git submodule foreach --recursive sh -c "git config --local --name-only --get-regexp 'http\.https\:\/\/github\.com\/\.extraheader' && git config --local --unset-all 'http.https://github.com/.extraheader' || :"
2025-08-10T11:46:12.5587606Z Cleaning up orphan processes
