2025-08-11T01:07:11.1995168Z Current runner version: '2.327.1'
2025-08-11T01:07:11.2019963Z ##[group]Runner Image Provisioner
2025-08-11T01:07:11.2020865Z Hosted Compute Agent
2025-08-11T01:07:11.2021453Z Version: 20250711.363
2025-08-11T01:07:11.2022425Z Commit: 6785254374ce925a23743850c1cb91912ce5c14c
2025-08-11T01:07:11.2023193Z Build Date: 2025-07-11T20:04:25Z
2025-08-11T01:07:11.2023857Z ##[endgroup]
2025-08-11T01:07:11.2024355Z ##[group]Operating System
2025-08-11T01:07:11.2024966Z Ubuntu
2025-08-11T01:07:11.2025448Z 24.04.2
2025-08-11T01:07:11.2025958Z LTS
2025-08-11T01:07:11.2026385Z ##[endgroup]
2025-08-11T01:07:11.2026983Z ##[group]Runner Image
2025-08-11T01:07:11.2027531Z Image: ubuntu-24.04
2025-08-11T01:07:11.2028038Z Version: 20250804.2.0
2025-08-11T01:07:11.2029122Z Included Software: https://github.com/actions/runner-images/blob/ubuntu24/20250804.2/images/ubuntu/Ubuntu2404-Readme.md
2025-08-11T01:07:11.2030665Z Image Release: https://github.com/actions/runner-images/releases/tag/ubuntu24%2F20250804.2
2025-08-11T01:07:11.2031848Z ##[endgroup]
2025-08-11T01:07:11.2034268Z ##[group]GITHUB_TOKEN Permissions
2025-08-11T01:07:11.2036265Z Actions: write
2025-08-11T01:07:11.2036839Z Attestations: write
2025-08-11T01:07:11.2037348Z Checks: write
2025-08-11T01:07:11.2037946Z Contents: write
2025-08-11T01:07:11.2038496Z Deployments: write
2025-08-11T01:07:11.2038981Z Discussions: write
2025-08-11T01:07:11.2039540Z Issues: write
2025-08-11T01:07:11.2040009Z Metadata: read
2025-08-11T01:07:11.2040513Z Models: read
2025-08-11T01:07:11.2041021Z Packages: write
2025-08-11T01:07:11.2042007Z Pages: write
2025-08-11T01:07:11.2042664Z PullRequests: write
2025-08-11T01:07:11.2043309Z RepositoryProjects: write
2025-08-11T01:07:11.2043885Z SecurityEvents: write
2025-08-11T01:07:11.2044547Z Statuses: write
2025-08-11T01:07:11.2045111Z ##[endgroup]
2025-08-11T01:07:11.2047172Z Secret source: Actions
2025-08-11T01:07:11.2047889Z Prepare workflow directory
2025-08-11T01:07:11.2363234Z Prepare all required actions
2025-08-11T01:07:11.2408417Z Getting action download info
2025-08-11T01:07:11.5637429Z ##[group]Download immutable action package 'actions/checkout@v4'
2025-08-11T01:07:11.5638580Z Version: 4.2.2
2025-08-11T01:07:11.5639582Z Digest: sha256:ccb2698953eaebd21c7bf6268a94f9c26518a7e38e27e0b83c1fe1ad049819b1
2025-08-11T01:07:11.5640707Z Source commit SHA: 11bd71901bbe5b1630ceea73d27597364c9af683
2025-08-11T01:07:11.5641508Z ##[endgroup]
2025-08-11T01:07:11.6333934Z ##[group]Download immutable action package 'actions/setup-python@v5'
2025-08-11T01:07:11.6334726Z Version: 5.6.0
2025-08-11T01:07:11.6335511Z Digest: sha256:0b35a0c11c97499e4e0576589036d450b9f5f9da74b7774225b3614b57324404
2025-08-11T01:07:11.6336488Z Source commit SHA: a26af69be951a213d495a4c3e4e4022e16d87065
2025-08-11T01:07:11.6337169Z ##[endgroup]
2025-08-11T01:07:11.8926804Z Complete job name: Smoke test (ubuntu-latest, Python 3.13)
2025-08-11T01:07:11.9525311Z ##[group]Run actions/checkout@v4
2025-08-11T01:07:11.9526247Z with:
2025-08-11T01:07:11.9526700Z   repository: PolicyEngine/policyengine-us-data
2025-08-11T01:07:11.9527421Z   token: ***
2025-08-11T01:07:11.9527798Z   ssh-strict: true
2025-08-11T01:07:11.9528172Z   ssh-user: git
2025-08-11T01:07:11.9528564Z   persist-credentials: true
2025-08-11T01:07:11.9528991Z   clean: true
2025-08-11T01:07:11.9529374Z   sparse-checkout-cone-mode: true
2025-08-11T01:07:11.9529848Z   fetch-depth: 1
2025-08-11T01:07:11.9530215Z   fetch-tags: false
2025-08-11T01:07:11.9530610Z   show-progress: true
2025-08-11T01:07:11.9531000Z   lfs: false
2025-08-11T01:07:11.9531363Z   submodules: false
2025-08-11T01:07:11.9531917Z   set-safe-directory: true
2025-08-11T01:07:11.9532636Z ##[endgroup]
2025-08-11T01:07:12.0650313Z Syncing repository: PolicyEngine/policyengine-us-data
2025-08-11T01:07:12.0652690Z ##[group]Getting Git version info
2025-08-11T01:07:12.0654185Z Working directory is '/home/runner/work/policyengine-us-data/policyengine-us-data'
2025-08-11T01:07:12.0656128Z [command]/usr/bin/git version
2025-08-11T01:07:12.0684469Z git version 2.50.1
2025-08-11T01:07:12.0710999Z ##[endgroup]
2025-08-11T01:07:12.0726682Z Temporarily overriding HOME='/home/runner/work/_temp/5d840226-3d2b-468f-aa54-0a4f7d4a58e7' before making global git config changes
2025-08-11T01:07:12.0729023Z Adding repository directory to the temporary git global config as a safe directory
2025-08-11T01:07:12.0733239Z [command]/usr/bin/git config --global --add safe.directory /home/runner/work/policyengine-us-data/policyengine-us-data
2025-08-11T01:07:12.0766447Z Deleting the contents of '/home/runner/work/policyengine-us-data/policyengine-us-data'
2025-08-11T01:07:12.0770062Z ##[group]Initializing the repository
2025-08-11T01:07:12.0775206Z [command]/usr/bin/git init /home/runner/work/policyengine-us-data/policyengine-us-data
2025-08-11T01:07:12.0826776Z hint: Using 'master' as the name for the initial branch. This default branch name
2025-08-11T01:07:12.0828478Z hint: is subject to change. To configure the initial branch name to use in all
2025-08-11T01:07:12.0829569Z hint: of your new repositories, which will suppress this warning, call:
2025-08-11T01:07:12.0830576Z hint:
2025-08-11T01:07:12.0831395Z hint: 	git config --global init.defaultBranch <name>
2025-08-11T01:07:12.0832799Z hint:
2025-08-11T01:07:12.0833868Z hint: Names commonly chosen instead of 'master' are 'main', 'trunk' and
2025-08-11T01:07:12.0835458Z hint: 'development'. The just-created branch can be renamed via this command:
2025-08-11T01:07:12.0836721Z hint:
2025-08-11T01:07:12.0837349Z hint: 	git branch -m <name>
2025-08-11T01:07:12.0838078Z hint:
2025-08-11T01:07:12.0839048Z hint: Disable this message with "git config set advice.defaultBranchName false"
2025-08-11T01:07:12.0841077Z Initialized empty Git repository in /home/runner/work/policyengine-us-data/policyengine-us-data/.git/
2025-08-11T01:07:12.0844444Z [command]/usr/bin/git remote add origin https://github.com/PolicyEngine/policyengine-us-data
2025-08-11T01:07:12.0873538Z ##[endgroup]
2025-08-11T01:07:12.0874710Z ##[group]Disabling automatic garbage collection
2025-08-11T01:07:12.0878356Z [command]/usr/bin/git config --local gc.auto 0
2025-08-11T01:07:12.0906629Z ##[endgroup]
2025-08-11T01:07:12.0907803Z ##[group]Setting up auth
2025-08-11T01:07:12.0914463Z [command]/usr/bin/git config --local --name-only --get-regexp core\.sshCommand
2025-08-11T01:07:12.0944634Z [command]/usr/bin/git submodule foreach --recursive sh -c "git config --local --name-only --get-regexp 'core\.sshCommand' && git config --local --unset-all 'core.sshCommand' || :"
2025-08-11T01:07:12.1197102Z [command]/usr/bin/git config --local --name-only --get-regexp http\.https\:\/\/github\.com\/\.extraheader
2025-08-11T01:07:12.1231083Z [command]/usr/bin/git submodule foreach --recursive sh -c "git config --local --name-only --get-regexp 'http\.https\:\/\/github\.com\/\.extraheader' && git config --local --unset-all 'http.https://github.com/.extraheader' || :"
2025-08-11T01:07:12.1451235Z [command]/usr/bin/git config --local http.https://github.com/.extraheader AUTHORIZATION: basic ***
2025-08-11T01:07:12.1494338Z ##[endgroup]
2025-08-11T01:07:12.1495126Z ##[group]Fetching the repository
2025-08-11T01:07:12.1502520Z [command]/usr/bin/git -c protocol.version=2 fetch --no-tags --prune --no-recurse-submodules --depth=1 origin +158a866126272e28f7cde417c30c13b99d62cba1:refs/remotes/pull/428/merge
2025-08-11T01:07:12.8034752Z From https://github.com/PolicyEngine/policyengine-us-data
2025-08-11T01:07:12.8036638Z  * [new ref]         158a866126272e28f7cde417c30c13b99d62cba1 -> pull/428/merge
2025-08-11T01:07:12.8060581Z ##[endgroup]
2025-08-11T01:07:12.8062275Z ##[group]Determining the checkout info
2025-08-11T01:07:12.8063907Z ##[endgroup]
2025-08-11T01:07:12.8068963Z [command]/usr/bin/git sparse-checkout disable
2025-08-11T01:07:12.8108441Z [command]/usr/bin/git config --local --unset-all extensions.worktreeConfig
2025-08-11T01:07:12.8140346Z ##[group]Checking out the ref
2025-08-11T01:07:12.8143081Z [command]/usr/bin/git checkout --progress --force refs/remotes/pull/428/merge
2025-08-11T01:07:12.8685650Z Note: switching to 'refs/remotes/pull/428/merge'.
2025-08-11T01:07:12.8687243Z 
2025-08-11T01:07:12.8687974Z You are in 'detached HEAD' state. You can look around, make experimental
2025-08-11T01:07:12.8689242Z changes and commit them, and you can discard any commits you make in this
2025-08-11T01:07:12.8690428Z state without impacting any branches by switching back to a branch.
2025-08-11T01:07:12.8691121Z 
2025-08-11T01:07:12.8691642Z If you want to create a new branch to retain commits you create, you may
2025-08-11T01:07:12.8692985Z do so (now or later) by using -c with the switch command. Example:
2025-08-11T01:07:12.8693645Z 
2025-08-11T01:07:12.8693986Z   git switch -c <new-branch-name>
2025-08-11T01:07:12.8694753Z 
2025-08-11T01:07:12.8695266Z Or undo this operation with:
2025-08-11T01:07:12.8696002Z 
2025-08-11T01:07:12.8696340Z   git switch -
2025-08-11T01:07:12.8696786Z 
2025-08-11T01:07:12.8697392Z Turn off this advice by setting config variable advice.detachedHead to false
2025-08-11T01:07:12.8698208Z 
2025-08-11T01:07:12.8699386Z HEAD is now at 158a866 Merge 9f0764b8c0978e895cf58b083e1406bc06b1a706 into 4a96cfc8b203ff846bd248fc34056015eb7f041c
2025-08-11T01:07:12.8702620Z ##[endgroup]
2025-08-11T01:07:12.8733435Z [command]/usr/bin/git log -1 --format=%H
2025-08-11T01:07:12.8755361Z 158a866126272e28f7cde417c30c13b99d62cba1
2025-08-11T01:07:12.9055723Z ##[group]Run actions/setup-python@v5
2025-08-11T01:07:12.9056798Z with:
2025-08-11T01:07:12.9057599Z   python-version: 3.13
2025-08-11T01:07:12.9058534Z   check-latest: false
2025-08-11T01:07:12.9059684Z   token: ***
2025-08-11T01:07:12.9060528Z   update-environment: true
2025-08-11T01:07:12.9061510Z   allow-prereleases: false
2025-08-11T01:07:12.9062838Z   freethreaded: false
2025-08-11T01:07:12.9063712Z ##[endgroup]
2025-08-11T01:07:13.0721346Z ##[group]Installed versions
2025-08-11T01:07:13.0796289Z Successfully set up CPython (3.13.5)
2025-08-11T01:07:13.0798923Z ##[endgroup]
2025-08-11T01:07:13.0942301Z ##[group]Run python -m pip install .
2025-08-11T01:07:13.0943451Z [36;1mpython -m pip install .[0m
2025-08-11T01:07:13.1433044Z shell: /usr/bin/bash -e {0}
2025-08-11T01:07:13.1433972Z env:
2025-08-11T01:07:13.1434906Z   pythonLocation: /opt/hostedtoolcache/Python/3.13.5/x64
2025-08-11T01:07:13.1436434Z   PKG_CONFIG_PATH: /opt/hostedtoolcache/Python/3.13.5/x64/lib/pkgconfig
2025-08-11T01:07:13.1437934Z   Python_ROOT_DIR: /opt/hostedtoolcache/Python/3.13.5/x64
2025-08-11T01:07:13.1439301Z   Python2_ROOT_DIR: /opt/hostedtoolcache/Python/3.13.5/x64
2025-08-11T01:07:13.1440681Z   Python3_ROOT_DIR: /opt/hostedtoolcache/Python/3.13.5/x64
2025-08-11T01:07:13.1442238Z   LD_LIBRARY_PATH: /opt/hostedtoolcache/Python/3.13.5/x64/lib
2025-08-11T01:07:13.1443370Z ##[endgroup]
2025-08-11T01:07:20.5818234Z Processing /home/runner/work/policyengine-us-data/policyengine-us-data
2025-08-11T01:07:20.5842852Z   Installing build dependencies: started
2025-08-11T01:07:21.5602753Z   Installing build dependencies: finished with status 'done'
2025-08-11T01:07:21.5608743Z   Getting requirements to build wheel: started
2025-08-11T01:07:22.3896761Z   Getting requirements to build wheel: finished with status 'done'
2025-08-11T01:07:22.3906070Z   Preparing metadata (pyproject.toml): started
2025-08-11T01:07:22.6666036Z   Preparing metadata (pyproject.toml): finished with status 'done'
2025-08-11T01:07:23.0217872Z Collecting policyengine-us>=1.353.0 (from policyengine_us_data==1.44.2)
2025-08-11T01:07:23.0568505Z   Downloading policyengine_us-1.368.0-py3-none-any.whl.metadata (1.7 kB)
2025-08-11T01:07:23.0922118Z Collecting policyengine-core>=3.19.0 (from policyengine_us_data==1.44.2)
2025-08-11T01:07:23.0970031Z   Downloading policyengine_core-3.19.4-py3-none-any.whl.metadata (7.4 kB)
2025-08-11T01:07:23.2062073Z Collecting pandas>=2.3.1 (from policyengine_us_data==1.44.2)
2025-08-11T01:07:23.2108291Z   Downloading pandas-2.3.1-cp313-cp313-manylinux_2_17_x86_64.manylinux2014_x86_64.whl.metadata (91 kB)
2025-08-11T01:07:23.2796895Z Collecting requests>=2.25.0 (from policyengine_us_data==1.44.2)
2025-08-11T01:07:23.2827317Z   Downloading requests-2.32.4-py3-none-any.whl.metadata (4.9 kB)
2025-08-11T01:07:23.3159977Z Collecting tqdm>=4.60.0 (from policyengine_us_data==1.44.2)
2025-08-11T01:07:23.3205147Z   Downloading tqdm-4.67.1-py3-none-any.whl.metadata (57 kB)
2025-08-11T01:07:23.3362969Z Collecting microdf_python>=1.0.0 (from policyengine_us_data==1.44.2)
2025-08-11T01:07:23.3402641Z   Downloading microdf_python-1.0.2-py3-none-any.whl.metadata (2.5 kB)
2025-08-11T01:07:23.4550467Z Collecting setuptools>=60 (from policyengine_us_data==1.44.2)
2025-08-11T01:07:23.4563574Z   Using cached setuptools-80.9.0-py3-none-any.whl.metadata (6.6 kB)
2025-08-11T01:07:23.4768083Z Collecting microimpute>=1.1.4 (from policyengine_us_data==1.44.2)
2025-08-11T01:07:23.4842897Z   Downloading microimpute-1.1.6-py3-none-any.whl.metadata (2.0 kB)
2025-08-11T01:07:23.4979777Z Collecting pip-system-certs>=3.0 (from policyengine_us_data==1.44.2)
2025-08-11T01:07:23.5027312Z   Downloading pip_system_certs-5.2-py3-none-any.whl.metadata (3.9 kB)
2025-08-11T01:07:23.5287790Z Collecting google-cloud-storage>=2.0.0 (from policyengine_us_data==1.44.2)
2025-08-11T01:07:23.5318729Z   Downloading google_cloud_storage-3.2.0-py3-none-any.whl.metadata (13 kB)
2025-08-11T01:07:23.5713856Z Collecting google-auth>=2.0.0 (from policyengine_us_data==1.44.2)
2025-08-11T01:07:23.5746101Z   Downloading google_auth-2.40.3-py2.py3-none-any.whl.metadata (6.2 kB)
2025-08-11T01:07:23.6953571Z Collecting scipy>=1.15.3 (from policyengine_us_data==1.44.2)
2025-08-11T01:07:23.7002927Z   Downloading scipy-1.16.1-cp313-cp313-manylinux2014_x86_64.manylinux_2_17_x86_64.whl.metadata (61 kB)
2025-08-11T01:07:23.7583457Z Collecting statsmodels>=0.14.5 (from policyengine_us_data==1.44.2)
2025-08-11T01:07:23.7633309Z   Downloading statsmodels-0.14.5-cp313-cp313-manylinux2014_x86_64.manylinux_2_17_x86_64.manylinux_2_28_x86_64.whl.metadata (9.5 kB)
2025-08-11T01:07:23.7828689Z Collecting openpyxl>=3.1.5 (from policyengine_us_data==1.44.2)
2025-08-11T01:07:23.7858521Z   Downloading openpyxl-3.1.5-py2.py3-none-any.whl.metadata (2.5 kB)
2025-08-11T01:07:23.8127602Z Collecting tables>=3.10.2 (from policyengine_us_data==1.44.2)
2025-08-11T01:07:23.8175800Z   Downloading tables-3.10.2-cp313-cp313-manylinux_2_17_x86_64.manylinux2014_x86_64.whl.metadata (2.0 kB)
2025-08-11T01:07:23.8639612Z Collecting torch>=2.7.1 (from policyengine_us_data==1.44.2)
2025-08-11T01:07:23.8694199Z   Downloading torch-2.8.0-cp313-cp313-manylinux_2_28_x86_64.whl.metadata (30 kB)
2025-08-11T01:07:23.8886181Z Collecting us>=2.0.0 (from policyengine_us_data==1.44.2)
2025-08-11T01:07:23.8916072Z   Downloading us-3.2.0-py3-none-any.whl.metadata (10 kB)
2025-08-11T01:07:24.1479339Z Collecting sqlalchemy>=2.0.41 (from policyengine_us_data==1.44.2)
2025-08-11T01:07:24.1536391Z   Downloading sqlalchemy-2.0.42-cp313-cp313-manylinux_2_17_x86_64.manylinux2014_x86_64.whl.metadata (9.6 kB)
2025-08-11T01:07:24.1753641Z Collecting sqlmodel>=0.0.24 (from policyengine_us_data==1.44.2)
2025-08-11T01:07:24.1807928Z   Downloading sqlmodel-0.0.24-py3-none-any.whl.metadata (10 kB)
2025-08-11T01:07:24.2003686Z Collecting cachetools<6.0,>=2.0.0 (from google-auth>=2.0.0->policyengine_us_data==1.44.2)
2025-08-11T01:07:24.2038508Z   Downloading cachetools-5.5.2-py3-none-any.whl.metadata (5.4 kB)
2025-08-11T01:07:24.2217888Z Collecting pyasn1-modules>=0.2.1 (from google-auth>=2.0.0->policyengine_us_data==1.44.2)
2025-08-11T01:07:24.2259246Z   Downloading pyasn1_modules-0.4.2-py3-none-any.whl.metadata (3.5 kB)
2025-08-11T01:07:24.2412968Z Collecting rsa<5,>=3.1.4 (from google-auth>=2.0.0->policyengine_us_data==1.44.2)
2025-08-11T01:07:24.2444268Z   Downloading rsa-4.9.1-py3-none-any.whl.metadata (5.6 kB)
2025-08-11T01:07:24.2696877Z Collecting pyasn1>=0.1.3 (from rsa<5,>=3.1.4->google-auth>=2.0.0->policyengine_us_data==1.44.2)
2025-08-11T01:07:24.2726916Z   Downloading pyasn1-0.6.1-py3-none-any.whl.metadata (8.4 kB)
2025-08-11T01:07:24.3184753Z Collecting google-api-core<3.0.0,>=2.15.0 (from google-cloud-storage>=2.0.0->policyengine_us_data==1.44.2)
2025-08-11T01:07:24.3219202Z   Downloading google_api_core-2.25.1-py3-none-any.whl.metadata (3.0 kB)
2025-08-11T01:07:24.3416750Z Collecting google-cloud-core<3.0.0,>=2.4.2 (from google-cloud-storage>=2.0.0->policyengine_us_data==1.44.2)
2025-08-11T01:07:24.3448687Z   Downloading google_cloud_core-2.4.3-py2.py3-none-any.whl.metadata (2.7 kB)
2025-08-11T01:07:24.3632932Z Collecting google-resumable-media<3.0.0,>=2.7.2 (from google-cloud-storage>=2.0.0->policyengine_us_data==1.44.2)
2025-08-11T01:07:24.3662184Z   Downloading google_resumable_media-2.7.2-py2.py3-none-any.whl.metadata (2.2 kB)
2025-08-11T01:07:24.4178803Z Collecting google-crc32c<2.0.0,>=1.1.3 (from google-cloud-storage>=2.0.0->policyengine_us_data==1.44.2)
2025-08-11T01:07:24.4225220Z   Downloading google_crc32c-1.7.1-cp313-cp313-manylinux_2_17_x86_64.manylinux2014_x86_64.whl.metadata (2.3 kB)
2025-08-11T01:07:24.4419681Z Collecting googleapis-common-protos<2.0.0,>=1.56.2 (from google-api-core<3.0.0,>=2.15.0->google-cloud-storage>=2.0.0->policyengine_us_data==1.44.2)
2025-08-11T01:07:24.4462435Z   Downloading googleapis_common_protos-1.70.0-py3-none-any.whl.metadata (9.3 kB)
2025-08-11T01:07:24.6839912Z Collecting protobuf!=3.20.0,!=3.20.1,!=4.21.0,!=4.21.1,!=4.21.2,!=4.21.3,!=4.21.4,!=4.21.5,<7.0.0,>=3.19.5 (from google-api-core<3.0.0,>=2.15.0->google-cloud-storage>=2.0.0->policyengine_us_data==1.44.2)
2025-08-11T01:07:24.6880336Z   Downloading protobuf-6.31.1-cp39-abi3-manylinux2014_x86_64.whl.metadata (593 bytes)
2025-08-11T01:07:24.7066991Z Collecting proto-plus<2.0.0,>=1.22.3 (from google-api-core<3.0.0,>=2.15.0->google-cloud-storage>=2.0.0->policyengine_us_data==1.44.2)
2025-08-11T01:07:24.7099884Z   Downloading proto_plus-1.26.1-py3-none-any.whl.metadata (2.2 kB)
2025-08-11T01:07:24.9920759Z Collecting charset_normalizer<4,>=2 (from requests>=2.25.0->policyengine_us_data==1.44.2)
2025-08-11T01:07:24.9969637Z   Downloading charset_normalizer-3.4.3-cp313-cp313-manylinux2014_x86_64.manylinux_2_17_x86_64.manylinux_2_28_x86_64.whl.metadata (36 kB)
2025-08-11T01:07:25.0137039Z Collecting idna<4,>=2.5 (from requests>=2.25.0->policyengine_us_data==1.44.2)
2025-08-11T01:07:25.0168194Z   Downloading idna-3.10-py3-none-any.whl.metadata (10 kB)
2025-08-11T01:07:25.0448600Z Collecting urllib3<3,>=1.21.1 (from requests>=2.25.0->policyengine_us_data==1.44.2)
2025-08-11T01:07:25.0482085Z   Downloading urllib3-2.5.0-py3-none-any.whl.metadata (6.5 kB)
2025-08-11T01:07:25.0710416Z Collecting certifi>=2017.4.17 (from requests>=2.25.0->policyengine_us_data==1.44.2)
2025-08-11T01:07:25.0740706Z   Downloading certifi-2025.8.3-py3-none-any.whl.metadata (2.4 kB)
2025-08-11T01:07:25.2466561Z Collecting numpy (from microdf_python>=1.0.0->policyengine_us_data==1.44.2)
2025-08-11T01:07:25.2522890Z   Downloading numpy-2.3.2-cp313-cp313-manylinux_2_27_x86_64.manylinux_2_28_x86_64.whl.metadata (62 kB)
2025-08-11T01:07:25.3125156Z Collecting plotly<6.0.0,>=5.24.0 (from microimpute>=1.1.4->policyengine_us_data==1.44.2)
2025-08-11T01:07:25.3176499Z   Downloading plotly-5.24.1-py3-none-any.whl.metadata (7.3 kB)
2025-08-11T01:07:25.3951626Z Collecting scikit-learn<2.0.0,>=1.6.1 (from microimpute>=1.1.4->policyengine_us_data==1.44.2)
2025-08-11T01:07:25.4041522Z   Downloading scikit_learn-1.7.1-cp313-cp313-manylinux2014_x86_64.manylinux_2_17_x86_64.whl.metadata (11 kB)
2025-08-11T01:07:25.4752702Z Collecting quantile-forest<1.5.0,>=1.4.0 (from microimpute>=1.1.4->policyengine_us_data==1.44.2)
2025-08-11T01:07:25.4824001Z   Downloading quantile_forest-1.4.0-cp313-cp313-manylinux_2_17_x86_64.manylinux2014_x86_64.whl.metadata (5.2 kB)
2025-08-11T01:07:25.6052690Z Collecting pydantic<3.0.0,>=2.8.0 (from microimpute>=1.1.4->policyengine_us_data==1.44.2)
2025-08-11T01:07:25.6089674Z   Downloading pydantic-2.11.7-py3-none-any.whl.metadata (67 kB)
2025-08-11T01:07:25.6281715Z Collecting optuna<5.0.0,>=4.3.0 (from microimpute>=1.1.4->policyengine_us_data==1.44.2)
2025-08-11T01:07:25.6313100Z   Downloading optuna-4.4.0-py3-none-any.whl.metadata (17 kB)
2025-08-11T01:07:25.6584096Z Collecting joblib<2.0.0,>=1.5.0 (from microimpute>=1.1.4->policyengine_us_data==1.44.2)
2025-08-11T01:07:25.6613515Z   Downloading joblib-1.5.1-py3-none-any.whl.metadata (5.6 kB)
2025-08-11T01:07:25.7294342Z Collecting psutil (from microimpute>=1.1.4->policyengine_us_data==1.44.2)
2025-08-11T01:07:25.7328129Z   Downloading psutil-7.0.0-cp36-abi3-manylinux_2_12_x86_64.manylinux2010_x86_64.manylinux_2_17_x86_64.manylinux2014_x86_64.whl.metadata (22 kB)
2025-08-11T01:07:25.7625037Z Collecting alembic>=1.5.0 (from optuna<5.0.0,>=4.3.0->microimpute>=1.1.4->policyengine_us_data==1.44.2)
2025-08-11T01:07:25.7662018Z   Downloading alembic-1.16.4-py3-none-any.whl.metadata (7.3 kB)
2025-08-11T01:07:25.7843586Z Collecting colorlog (from optuna<5.0.0,>=4.3.0->microimpute>=1.1.4->policyengine_us_data==1.44.2)
2025-08-11T01:07:25.7873758Z   Downloading colorlog-6.9.0-py3-none-any.whl.metadata (10 kB)
2025-08-11T01:07:25.8040810Z Collecting packaging>=20.0 (from optuna<5.0.0,>=4.3.0->microimpute>=1.1.4->policyengine_us_data==1.44.2)
2025-08-11T01:07:25.8051463Z   Using cached packaging-25.0-py3-none-any.whl.metadata (3.3 kB)
2025-08-11T01:07:25.8476014Z Collecting PyYAML (from optuna<5.0.0,>=4.3.0->microimpute>=1.1.4->policyengine_us_data==1.44.2)
2025-08-11T01:07:25.8509703Z   Downloading PyYAML-6.0.2-cp313-cp313-manylinux_2_17_x86_64.manylinux2014_x86_64.whl.metadata (2.1 kB)
2025-08-11T01:07:25.8715430Z Collecting python-dateutil>=2.8.2 (from pandas>=2.3.1->policyengine_us_data==1.44.2)
2025-08-11T01:07:25.8757668Z   Downloading python_dateutil-2.9.0.post0-py2.py3-none-any.whl.metadata (8.4 kB)
2025-08-11T01:07:25.9120246Z Collecting pytz>=2020.1 (from pandas>=2.3.1->policyengine_us_data==1.44.2)
2025-08-11T01:07:25.9158171Z   Downloading pytz-2025.2-py2.py3-none-any.whl.metadata (22 kB)
2025-08-11T01:07:25.9305711Z Collecting tzdata>=2022.7 (from pandas>=2.3.1->policyengine_us_data==1.44.2)
2025-08-11T01:07:25.9336304Z   Downloading tzdata-2025.2-py2.py3-none-any.whl.metadata (1.4 kB)
2025-08-11T01:07:25.9517208Z Collecting tenacity>=6.2.0 (from plotly<6.0.0,>=5.24.0->microimpute>=1.1.4->policyengine_us_data==1.44.2)
2025-08-11T01:07:25.9547845Z   Downloading tenacity-9.1.2-py3-none-any.whl.metadata (1.2 kB)
2025-08-11T01:07:25.9663366Z Collecting annotated-types>=0.6.0 (from pydantic<3.0.0,>=2.8.0->microimpute>=1.1.4->policyengine_us_data==1.44.2)
2025-08-11T01:07:25.9704940Z   Downloading annotated_types-0.7.0-py3-none-any.whl.metadata (15 kB)
2025-08-11T01:07:26.5920553Z Collecting pydantic-core==2.33.2 (from pydantic<3.0.0,>=2.8.0->microimpute>=1.1.4->policyengine_us_data==1.44.2)
2025-08-11T01:07:26.5969004Z   Downloading pydantic_core-2.33.2-cp313-cp313-manylinux_2_17_x86_64.manylinux2014_x86_64.whl.metadata (6.8 kB)
2025-08-11T01:07:26.6144403Z Collecting typing-extensions>=4.12.2 (from pydantic<3.0.0,>=2.8.0->microimpute>=1.1.4->policyengine_us_data==1.44.2)
2025-08-11T01:07:26.6178799Z   Downloading typing_extensions-4.14.1-py3-none-any.whl.metadata (3.0 kB)
2025-08-11T01:07:26.6279272Z Collecting typing-inspection>=0.4.0 (from pydantic<3.0.0,>=2.8.0->microimpute>=1.1.4->policyengine_us_data==1.44.2)
2025-08-11T01:07:26.6309045Z   Downloading typing_inspection-0.4.1-py3-none-any.whl.metadata (2.6 kB)
2025-08-11T01:07:26.6738926Z Collecting threadpoolctl>=3.1.0 (from scikit-learn<2.0.0,>=1.6.1->microimpute>=1.1.4->policyengine_us_data==1.44.2)
2025-08-11T01:07:26.6772504Z   Downloading threadpoolctl-3.6.0-py3-none-any.whl.metadata (13 kB)
2025-08-11T01:07:26.7235642Z Collecting patsy>=0.5.6 (from statsmodels>=0.14.5->policyengine_us_data==1.44.2)
2025-08-11T01:07:26.7267132Z   Downloading patsy-1.0.1-py2.py3-none-any.whl.metadata (3.3 kB)
2025-08-11T01:07:26.7637652Z Collecting Mako (from alembic>=1.5.0->optuna<5.0.0,>=4.3.0->microimpute>=1.1.4->policyengine_us_data==1.44.2)
2025-08-11T01:07:26.7668452Z   Downloading mako-1.3.10-py3-none-any.whl.metadata (2.9 kB)
2025-08-11T01:07:26.7818402Z Collecting et-xmlfile (from openpyxl>=3.1.5->policyengine_us_data==1.44.2)
2025-08-11T01:07:26.7851974Z   Downloading et_xmlfile-2.0.0-py3-none-any.whl.metadata (2.7 kB)
2025-08-11T01:07:26.8043040Z Requirement already satisfied: pip>=24.2 in /opt/hostedtoolcache/Python/3.13.5/x64/lib/python3.13/site-packages (from pip-system-certs>=3.0->policyengine_us_data==1.44.2) (25.2)
2025-08-11T01:07:26.8366947Z Collecting pytest<9,>=8 (from policyengine-core>=3.19.0->policyengine_us_data==1.44.2)
2025-08-11T01:07:26.8397658Z   Downloading pytest-8.4.1-py3-none-any.whl.metadata (7.7 kB)
2025-08-11T01:07:26.8572706Z Collecting numpy (from microdf_python>=1.0.0->policyengine_us_data==1.44.2)
2025-08-11T01:07:26.8625685Z   Downloading numpy-2.1.3-cp313-cp313-manylinux_2_17_x86_64.manylinux2014_x86_64.whl.metadata (62 kB)
2025-08-11T01:07:26.8870422Z Collecting sortedcontainers<3 (from policyengine-core>=3.19.0->policyengine_us_data==1.44.2)
2025-08-11T01:07:26.8900368Z   Downloading sortedcontainers-2.4.0-py2.py3-none-any.whl.metadata (10 kB)
2025-08-11T01:07:26.9412914Z Collecting numexpr<3 (from policyengine-core>=3.19.0->policyengine_us_data==1.44.2)
2025-08-11T01:07:26.9456000Z   Downloading numexpr-2.11.0-cp313-cp313-manylinux_2_27_x86_64.manylinux_2_28_x86_64.whl.metadata (9.0 kB)
2025-08-11T01:07:26.9613815Z Collecting dpath<3 (from policyengine-core>=3.19.0->policyengine_us_data==1.44.2)
2025-08-11T01:07:26.9645880Z   Downloading dpath-2.2.0-py3-none-any.whl.metadata (15 kB)
2025-08-11T01:07:26.9732749Z Collecting psutil (from microimpute>=1.1.4->policyengine_us_data==1.44.2)
2025-08-11T01:07:26.9772758Z   Downloading psutil-6.1.1-cp36-abi3-manylinux_2_12_x86_64.manylinux2010_x86_64.manylinux_2_17_x86_64.manylinux2014_x86_64.whl.metadata (22 kB)
2025-08-11T01:07:27.0007368Z Collecting wheel<1 (from policyengine-core>=3.19.0->policyengine_us_data==1.44.2)
2025-08-11T01:07:27.0018026Z   Using cached wheel-0.45.1-py3-none-any.whl.metadata (2.3 kB)
2025-08-11T01:07:27.0384502Z Collecting h5py<4,>=3 (from policyengine-core>=3.19.0->policyengine_us_data==1.44.2)
2025-08-11T01:07:27.0428023Z   Downloading h5py-3.14.0-cp313-cp313-manylinux_2_17_x86_64.manylinux2014_x86_64.whl.metadata (2.7 kB)
2025-08-11T01:07:27.1150412Z Collecting ipython<9,>=8 (from policyengine-core>=3.19.0->policyengine_us_data==1.44.2)
2025-08-11T01:07:27.1180189Z   Downloading ipython-8.37.0-py3-none-any.whl.metadata (5.1 kB)
2025-08-11T01:07:27.1359102Z Collecting pyvis>=0.3.2 (from policyengine-core>=3.19.0->policyengine_us_data==1.44.2)
2025-08-11T01:07:27.1405897Z   Downloading pyvis-0.3.2-py3-none-any.whl.metadata (1.7 kB)
2025-08-11T01:07:27.1780739Z Collecting huggingface_hub>=0.25.1 (from policyengine-core>=3.19.0->policyengine_us_data==1.44.2)
2025-08-11T01:07:27.1810596Z   Downloading huggingface_hub-0.34.4-py3-none-any.whl.metadata (14 kB)
2025-08-11T01:07:27.2103294Z Collecting standard-imghdr (from policyengine-core>=3.19.0->policyengine_us_data==1.44.2)
2025-08-11T01:07:27.2160505Z   Downloading standard_imghdr-3.13.0-py3-none-any.whl.metadata (862 bytes)
2025-08-11T01:07:27.2503737Z Collecting decorator (from ipython<9,>=8->policyengine-core>=3.19.0->policyengine_us_data==1.44.2)
2025-08-11T01:07:27.2533355Z   Downloading decorator-5.2.1-py3-none-any.whl.metadata (3.9 kB)
2025-08-11T01:07:27.2667611Z Collecting jedi>=0.16 (from ipython<9,>=8->policyengine-core>=3.19.0->policyengine_us_data==1.44.2)
2025-08-11T01:07:27.2716415Z   Downloading jedi-0.19.2-py2.py3-none-any.whl.metadata (22 kB)
2025-08-11T01:07:27.2870677Z Collecting matplotlib-inline (from ipython<9,>=8->policyengine-core>=3.19.0->policyengine_us_data==1.44.2)
2025-08-11T01:07:27.2900079Z   Downloading matplotlib_inline-0.1.7-py3-none-any.whl.metadata (3.9 kB)
2025-08-11T01:07:27.3013585Z Collecting pexpect>4.3 (from ipython<9,>=8->policyengine-core>=3.19.0->policyengine_us_data==1.44.2)
2025-08-11T01:07:27.3046620Z   Downloading pexpect-4.9.0-py2.py3-none-any.whl.metadata (2.5 kB)
2025-08-11T01:07:27.3336137Z Collecting prompt_toolkit<3.1.0,>=3.0.41 (from ipython<9,>=8->policyengine-core>=3.19.0->policyengine_us_data==1.44.2)
2025-08-11T01:07:27.3369447Z   Downloading prompt_toolkit-3.0.51-py3-none-any.whl.metadata (6.4 kB)
2025-08-11T01:07:27.3565708Z Collecting pygments>=2.4.0 (from ipython<9,>=8->policyengine-core>=3.19.0->policyengine_us_data==1.44.2)
2025-08-11T01:07:27.3596356Z   Downloading pygments-2.19.2-py3-none-any.whl.metadata (2.5 kB)
2025-08-11T01:07:27.3714168Z Collecting stack_data (from ipython<9,>=8->policyengine-core>=3.19.0->policyengine_us_data==1.44.2)
2025-08-11T01:07:27.3753675Z   Downloading stack_data-0.6.3-py3-none-any.whl.metadata (18 kB)
2025-08-11T01:07:27.3929717Z Collecting traitlets>=5.13.0 (from ipython<9,>=8->policyengine-core>=3.19.0->policyengine_us_data==1.44.2)
2025-08-11T01:07:27.3968183Z   Downloading traitlets-5.14.3-py3-none-any.whl.metadata (10 kB)
2025-08-11T01:07:27.4162089Z Collecting wcwidth (from prompt_toolkit<3.1.0,>=3.0.41->ipython<9,>=8->policyengine-core>=3.19.0->policyengine_us_data==1.44.2)
2025-08-11T01:07:27.4193888Z   Downloading wcwidth-0.2.13-py2.py3-none-any.whl.metadata (14 kB)
2025-08-11T01:07:27.4340526Z Collecting iniconfig>=1 (from pytest<9,>=8->policyengine-core>=3.19.0->policyengine_us_data==1.44.2)
2025-08-11T01:07:27.4371023Z   Downloading iniconfig-2.1.0-py3-none-any.whl.metadata (2.7 kB)
2025-08-11T01:07:27.4494328Z Collecting pluggy<2,>=1.5 (from pytest<9,>=8->policyengine-core>=3.19.0->policyengine_us_data==1.44.2)
2025-08-11T01:07:27.4525707Z   Downloading pluggy-1.6.0-py3-none-any.whl.metadata (4.8 kB)
2025-08-11T01:07:27.4826396Z Collecting filelock (from huggingface_hub>=0.25.1->policyengine-core>=3.19.0->policyengine_us_data==1.44.2)
2025-08-11T01:07:27.4861524Z   Downloading filelock-3.18.0-py3-none-any.whl.metadata (2.9 kB)
2025-08-11T01:07:27.5110569Z Collecting fsspec>=2023.5.0 (from huggingface_hub>=0.25.1->policyengine-core>=3.19.0->policyengine_us_data==1.44.2)
2025-08-11T01:07:27.5140727Z   Downloading fsspec-2025.7.0-py3-none-any.whl.metadata (12 kB)
2025-08-11T01:07:27.5859197Z Collecting hf-xet<2.0.0,>=1.1.3 (from huggingface_hub>=0.25.1->policyengine-core>=3.19.0->policyengine_us_data==1.44.2)
2025-08-11T01:07:27.5888574Z   Downloading hf_xet-1.1.7-cp37-abi3-manylinux_2_17_x86_64.manylinux2014_x86_64.whl.metadata (703 bytes)
2025-08-11T01:07:27.6114806Z Collecting parso<0.9.0,>=0.8.4 (from jedi>=0.16->ipython<9,>=8->policyengine-core>=3.19.0->policyengine_us_data==1.44.2)
2025-08-11T01:07:27.6143347Z   Downloading parso-0.8.4-py2.py3-none-any.whl.metadata (7.7 kB)
2025-08-11T01:07:27.6277866Z Collecting ptyprocess>=0.5 (from pexpect>4.3->ipython<9,>=8->policyengine-core>=3.19.0->policyengine_us_data==1.44.2)
2025-08-11T01:07:27.6307968Z   Downloading ptyprocess-0.7.0-py2.py3-none-any.whl.metadata (1.3 kB)
2025-08-11T01:07:27.6646935Z Collecting six>=1.5 (from python-dateutil>=2.8.2->pandas>=2.3.1->policyengine_us_data==1.44.2)
2025-08-11T01:07:27.6677420Z   Downloading six-1.17.0-py2.py3-none-any.whl.metadata (1.7 kB)
2025-08-11T01:07:27.7102846Z Collecting jinja2>=2.9.6 (from pyvis>=0.3.2->policyengine-core>=3.19.0->policyengine_us_data==1.44.2)
2025-08-11T01:07:27.7138634Z   Downloading jinja2-3.1.6-py3-none-any.whl.metadata (2.9 kB)
2025-08-11T01:07:27.7306514Z Collecting jsonpickle>=1.4.1 (from pyvis>=0.3.2->policyengine-core>=3.19.0->policyengine_us_data==1.44.2)
2025-08-11T01:07:27.7336079Z   Downloading jsonpickle-4.1.1-py3-none-any.whl.metadata (8.1 kB)
2025-08-11T01:07:27.8373138Z Collecting networkx>=1.11 (from pyvis>=0.3.2->policyengine-core>=3.19.0->policyengine_us_data==1.44.2)
2025-08-11T01:07:27.8405144Z   Downloading networkx-3.5-py3-none-any.whl.metadata (6.3 kB)
2025-08-11T01:07:27.8953806Z Collecting MarkupSafe>=2.0 (from jinja2>=2.9.6->pyvis>=0.3.2->policyengine-core>=3.19.0->policyengine_us_data==1.44.2)
2025-08-11T01:07:27.8985890Z   Downloading MarkupSafe-3.0.2-cp313-cp313-manylinux_2_17_x86_64.manylinux2014_x86_64.whl.metadata (4.0 kB)
2025-08-11T01:07:28.0379429Z Collecting greenlet>=1 (from sqlalchemy>=2.0.41->policyengine_us_data==1.44.2)
2025-08-11T01:07:28.0414510Z   Downloading greenlet-3.2.4-cp313-cp313-manylinux_2_24_x86_64.manylinux_2_28_x86_64.whl.metadata (4.1 kB)
2025-08-11T01:07:28.1088634Z Collecting py-cpuinfo (from tables>=3.10.2->policyengine_us_data==1.44.2)
2025-08-11T01:07:28.1123459Z   Downloading py_cpuinfo-9.0.0-py3-none-any.whl.metadata (794 bytes)
2025-08-11T01:07:28.1934757Z Collecting blosc2>=2.3.0 (from tables>=3.10.2->policyengine_us_data==1.44.2)
2025-08-11T01:07:28.1994298Z   Downloading blosc2-3.6.1-cp313-cp313-manylinux2014_x86_64.manylinux_2_17_x86_64.whl.metadata (7.0 kB)
2025-08-11T01:07:28.2295296Z Collecting ndindex (from blosc2>=2.3.0->tables>=3.10.2->policyengine_us_data==1.44.2)
2025-08-11T01:07:28.2345541Z   Downloading ndindex-1.10.0-cp313-cp313-manylinux_2_17_x86_64.manylinux2014_x86_64.whl.metadata (3.6 kB)
2025-08-11T01:07:28.2980620Z Collecting msgpack (from blosc2>=2.3.0->tables>=3.10.2->policyengine_us_data==1.44.2)
2025-08-11T01:07:28.3011586Z   Downloading msgpack-1.1.1-cp313-cp313-manylinux_2_17_x86_64.manylinux2014_x86_64.whl.metadata (8.4 kB)
2025-08-11T01:07:28.3185821Z Collecting platformdirs (from blosc2>=2.3.0->tables>=3.10.2->policyengine_us_data==1.44.2)
2025-08-11T01:07:28.3218809Z   Downloading platformdirs-4.3.8-py3-none-any.whl.metadata (12 kB)
2025-08-11T01:07:28.3527694Z Collecting sympy>=1.13.3 (from torch>=2.7.1->policyengine_us_data==1.44.2)
2025-08-11T01:07:28.3565728Z   Downloading sympy-1.14.0-py3-none-any.whl.metadata (12 kB)
2025-08-11T01:07:28.3710659Z Collecting nvidia-cuda-nvrtc-cu12==12.8.93 (from torch>=2.7.1->policyengine_us_data==1.44.2)
2025-08-11T01:07:28.3740815Z   Downloading nvidia_cuda_nvrtc_cu12-12.8.93-py3-none-manylinux2010_x86_64.manylinux_2_12_x86_64.whl.metadata (1.7 kB)
2025-08-11T01:07:28.3870734Z Collecting nvidia-cuda-runtime-cu12==12.8.90 (from torch>=2.7.1->policyengine_us_data==1.44.2)
2025-08-11T01:07:28.3904528Z   Downloading nvidia_cuda_runtime_cu12-12.8.90-py3-none-manylinux2014_x86_64.manylinux_2_17_x86_64.whl.metadata (1.7 kB)
2025-08-11T01:07:28.4036167Z Collecting nvidia-cuda-cupti-cu12==12.8.90 (from torch>=2.7.1->policyengine_us_data==1.44.2)
2025-08-11T01:07:28.4067621Z   Downloading nvidia_cuda_cupti_cu12-12.8.90-py3-none-manylinux2014_x86_64.manylinux_2_17_x86_64.whl.metadata (1.7 kB)
2025-08-11T01:07:28.4205680Z Collecting nvidia-cudnn-cu12==9.10.2.21 (from torch>=2.7.1->policyengine_us_data==1.44.2)
2025-08-11T01:07:28.4237343Z   Downloading nvidia_cudnn_cu12-9.10.2.21-py3-none-manylinux_2_27_x86_64.whl.metadata (1.8 kB)
2025-08-11T01:07:28.4365948Z Collecting nvidia-cublas-cu12==12.8.4.1 (from torch>=2.7.1->policyengine_us_data==1.44.2)
2025-08-11T01:07:28.4400972Z   Downloading nvidia_cublas_cu12-12.8.4.1-py3-none-manylinux_2_27_x86_64.whl.metadata (1.7 kB)
2025-08-11T01:07:28.4529349Z Collecting nvidia-cufft-cu12==11.3.3.83 (from torch>=2.7.1->policyengine_us_data==1.44.2)
2025-08-11T01:07:28.4567174Z   Downloading nvidia_cufft_cu12-11.3.3.83-py3-none-manylinux2014_x86_64.manylinux_2_17_x86_64.whl.metadata (1.7 kB)
2025-08-11T01:07:28.4690952Z Collecting nvidia-curand-cu12==10.3.9.90 (from torch>=2.7.1->policyengine_us_data==1.44.2)
2025-08-11T01:07:28.4729818Z   Downloading nvidia_curand_cu12-10.3.9.90-py3-none-manylinux_2_27_x86_64.whl.metadata (1.7 kB)
2025-08-11T01:07:28.4858731Z Collecting nvidia-cusolver-cu12==11.7.3.90 (from torch>=2.7.1->policyengine_us_data==1.44.2)
2025-08-11T01:07:28.4894008Z   Downloading nvidia_cusolver_cu12-11.7.3.90-py3-none-manylinux_2_27_x86_64.whl.metadata (1.8 kB)
2025-08-11T01:07:28.5020297Z Collecting nvidia-cusparse-cu12==12.5.8.93 (from torch>=2.7.1->policyengine_us_data==1.44.2)
2025-08-11T01:07:28.5051661Z   Downloading nvidia_cusparse_cu12-12.5.8.93-py3-none-manylinux2014_x86_64.manylinux_2_17_x86_64.whl.metadata (1.8 kB)
2025-08-11T01:07:28.5148089Z Collecting nvidia-cusparselt-cu12==0.7.1 (from torch>=2.7.1->policyengine_us_data==1.44.2)
2025-08-11T01:07:28.5183523Z   Downloading nvidia_cusparselt_cu12-0.7.1-py3-none-manylinux2014_x86_64.whl.metadata (7.0 kB)
2025-08-11T01:07:28.5300043Z Collecting nvidia-nccl-cu12==2.27.3 (from torch>=2.7.1->policyengine_us_data==1.44.2)
2025-08-11T01:07:28.5330647Z   Downloading nvidia_nccl_cu12-2.27.3-py3-none-manylinux2014_x86_64.manylinux_2_17_x86_64.whl.metadata (2.0 kB)
2025-08-11T01:07:28.5458707Z Collecting nvidia-nvtx-cu12==12.8.90 (from torch>=2.7.1->policyengine_us_data==1.44.2)
2025-08-11T01:07:28.5489987Z   Downloading nvidia_nvtx_cu12-12.8.90-py3-none-manylinux2014_x86_64.manylinux_2_17_x86_64.whl.metadata (1.8 kB)
2025-08-11T01:07:28.5618942Z Collecting nvidia-nvjitlink-cu12==12.8.93 (from torch>=2.7.1->policyengine_us_data==1.44.2)
2025-08-11T01:07:28.5652211Z   Downloading nvidia_nvjitlink_cu12-12.8.93-py3-none-manylinux2010_x86_64.manylinux_2_12_x86_64.whl.metadata (1.7 kB)
2025-08-11T01:07:28.5751442Z Collecting nvidia-cufile-cu12==1.13.1.3 (from torch>=2.7.1->policyengine_us_data==1.44.2)
2025-08-11T01:07:28.5786011Z   Downloading nvidia_cufile_cu12-1.13.1.3-py3-none-manylinux2014_x86_64.manylinux_2_17_x86_64.whl.metadata (1.7 kB)
2025-08-11T01:07:28.5928824Z Collecting triton==3.4.0 (from torch>=2.7.1->policyengine_us_data==1.44.2)
2025-08-11T01:07:28.5973210Z   Downloading triton-3.4.0-cp313-cp313-manylinux_2_27_x86_64.manylinux_2_28_x86_64.whl.metadata (1.7 kB)
2025-08-11T01:07:28.6967041Z Collecting mpmath<1.4,>=1.1.0 (from sympy>=1.13.3->torch>=2.7.1->policyengine_us_data==1.44.2)
2025-08-11T01:07:28.6998792Z   Downloading mpmath-1.3.0-py3-none-any.whl.metadata (8.6 kB)
2025-08-11T01:07:28.7729062Z Collecting jellyfish (from us>=2.0.0->policyengine_us_data==1.44.2)
2025-08-11T01:07:28.7773847Z   Downloading jellyfish-1.2.0-cp313-cp313-manylinux_2_17_x86_64.manylinux2014_x86_64.whl.metadata (2.6 kB)
2025-08-11T01:07:28.8215381Z Collecting executing>=1.2.0 (from stack_data->ipython<9,>=8->policyengine-core>=3.19.0->policyengine_us_data==1.44.2)
2025-08-11T01:07:28.8245753Z   Downloading executing-2.2.0-py2.py3-none-any.whl.metadata (8.9 kB)
2025-08-11T01:07:28.8394451Z Collecting asttokens>=2.1.0 (from stack_data->ipython<9,>=8->policyengine-core>=3.19.0->policyengine_us_data==1.44.2)
2025-08-11T01:07:28.8428098Z   Downloading asttokens-3.0.0-py3-none-any.whl.metadata (4.7 kB)
2025-08-11T01:07:28.8533120Z Collecting pure-eval (from stack_data->ipython<9,>=8->policyengine-core>=3.19.0->policyengine_us_data==1.44.2)
2025-08-11T01:07:28.8575768Z   Downloading pure_eval-0.2.3-py3-none-any.whl.metadata (6.3 kB)
2025-08-11T01:07:28.8748246Z Downloading google_auth-2.40.3-py2.py3-none-any.whl (216 kB)
2025-08-11T01:07:28.8816125Z Downloading cachetools-5.5.2-py3-none-any.whl (10 kB)
2025-08-11T01:07:28.8865937Z Downloading rsa-4.9.1-py3-none-any.whl (34 kB)
2025-08-11T01:07:28.8922140Z Downloading google_cloud_storage-3.2.0-py3-none-any.whl (176 kB)
2025-08-11T01:07:28.8982745Z Downloading google_api_core-2.25.1-py3-none-any.whl (160 kB)
2025-08-11T01:07:28.9039983Z Downloading google_cloud_core-2.4.3-py2.py3-none-any.whl (29 kB)
2025-08-11T01:07:28.9132366Z Downloading google_crc32c-1.7.1-cp313-cp313-manylinux_2_17_x86_64.manylinux2014_x86_64.whl (32 kB)
2025-08-11T01:07:28.9202430Z Downloading google_resumable_media-2.7.2-py2.py3-none-any.whl (81 kB)
2025-08-11T01:07:28.9257025Z Downloading googleapis_common_protos-1.70.0-py3-none-any.whl (294 kB)
2025-08-11T01:07:28.9318966Z Downloading proto_plus-1.26.1-py3-none-any.whl (50 kB)
2025-08-11T01:07:28.9372983Z Downloading protobuf-6.31.1-cp39-abi3-manylinux2014_x86_64.whl (321 kB)
2025-08-11T01:07:28.9437757Z Downloading requests-2.32.4-py3-none-any.whl (64 kB)
2025-08-11T01:07:28.9493209Z Downloading charset_normalizer-3.4.3-cp313-cp313-manylinux2014_x86_64.manylinux_2_17_x86_64.manylinux_2_28_x86_64.whl (151 kB)
2025-08-11T01:07:28.9566565Z Downloading idna-3.10-py3-none-any.whl (70 kB)
2025-08-11T01:07:28.9621612Z Downloading urllib3-2.5.0-py3-none-any.whl (129 kB)
2025-08-11T01:07:28.9707570Z Downloading certifi-2025.8.3-py3-none-any.whl (161 kB)
2025-08-11T01:07:28.9786003Z Downloading microdf_python-1.0.2-py3-none-any.whl (15 kB)
2025-08-11T01:07:28.9856056Z Downloading microimpute-1.1.6-py3-none-any.whl (52 kB)
2025-08-11T01:07:28.9908094Z Downloading joblib-1.5.1-py3-none-any.whl (307 kB)
2025-08-11T01:07:28.9977594Z Downloading optuna-4.4.0-py3-none-any.whl (395 kB)
2025-08-11T01:07:29.0079512Z Downloading pandas-2.3.1-cp313-cp313-manylinux_2_17_x86_64.manylinux2014_x86_64.whl (12.1 MB)
2025-08-11T01:07:29.0918561Z    ━━━━━━━━━━━━━━━━━━━━━━━━━━━━━━━━━━━━━━━━ 12.1/12.1 MB 145.9 MB/s  0:00:00
2025-08-11T01:07:29.0952826Z Downloading plotly-5.24.1-py3-none-any.whl (19.1 MB)
2025-08-11T01:07:29.2690475Z    ━━━━━━━━━━━━━━━━━━━━━━━━━━━━━━━━━━━━━━━━ 19.1/19.1 MB 110.5 MB/s  0:00:00
2025-08-11T01:07:29.2723591Z Downloading pydantic-2.11.7-py3-none-any.whl (444 kB)
2025-08-11T01:07:29.2800495Z Downloading pydantic_core-2.33.2-cp313-cp313-manylinux_2_17_x86_64.manylinux2014_x86_64.whl (2.0 MB)
2025-08-11T01:07:29.2931649Z    ━━━━━━━━━━━━━━━━━━━━━━━━━━━━━━━━━━━━━━━━ 2.0/2.0 MB 174.3 MB/s  0:00:00
2025-08-11T01:07:29.3002546Z Downloading quantile_forest-1.4.0-cp313-cp313-manylinux_2_17_x86_64.manylinux2014_x86_64.whl (1.9 MB)
2025-08-11T01:07:29.3123346Z    ━━━━━━━━━━━━━━━━━━━━━━━━━━━━━━━━━━━━━━━━ 1.9/1.9 MB 164.0 MB/s  0:00:00
2025-08-11T01:07:29.3191905Z Downloading scikit_learn-1.7.1-cp313-cp313-manylinux2014_x86_64.manylinux_2_17_x86_64.whl (9.4 MB)
2025-08-11T01:07:29.3773590Z    ━━━━━━━━━━━━━━━━━━━━━━━━━━━━━━━━━━━━━━━━ 9.4/9.4 MB 164.5 MB/s  0:00:00
2025-08-11T01:07:29.3852688Z Downloading scipy-1.16.1-cp313-cp313-manylinux2014_x86_64.manylinux_2_17_x86_64.whl (35.2 MB)
2025-08-11T01:07:29.6271281Z    ━━━━━━━━━━━━━━━━━━━━━━━━━━━━━━━━━━━━━━━━ 35.2/35.2 MB 145.9 MB/s  0:00:00
2025-08-11T01:07:29.6335256Z Downloading statsmodels-0.14.5-cp313-cp313-manylinux2014_x86_64.manylinux_2_17_x86_64.manylinux_2_28_x86_64.whl (10.5 MB)
2025-08-11T01:07:29.6961551Z    ━━━━━━━━━━━━━━━━━━━━━━━━━━━━━━━━━━━━━━━━ 10.5/10.5 MB 169.6 MB/s  0:00:00
2025-08-11T01:07:29.6996706Z Downloading tqdm-4.67.1-py3-none-any.whl (78 kB)
2025-08-11T01:07:29.7061951Z Downloading alembic-1.16.4-py3-none-any.whl (247 kB)
2025-08-11T01:07:29.7122390Z Downloading annotated_types-0.7.0-py3-none-any.whl (13 kB)
2025-08-11T01:07:29.7179480Z Downloading openpyxl-3.1.5-py2.py3-none-any.whl (250 kB)
2025-08-11T01:07:29.7216773Z Using cached packaging-25.0-py3-none-any.whl (66 kB)
2025-08-11T01:07:29.7250403Z Downloading patsy-1.0.1-py2.py3-none-any.whl (232 kB)
2025-08-11T01:07:29.7306012Z Downloading pip_system_certs-5.2-py3-none-any.whl (5.9 kB)
2025-08-11T01:07:29.7382881Z Downloading policyengine_core-3.19.4-py3-none-any.whl (220 kB)
2025-08-11T01:07:29.7586172Z Downloading dpath-2.2.0-py3-none-any.whl (17 kB)
2025-08-11T01:07:29.7688562Z Downloading h5py-3.14.0-cp313-cp313-manylinux_2_17_x86_64.manylinux2014_x86_64.whl (4.9 MB)
2025-08-11T01:07:29.8005477Z    ━━━━━━━━━━━━━━━━━━━━━━━━━━━━━━━━━━━━━━━━ 4.9/4.9 MB 159.7 MB/s  0:00:00
2025-08-11T01:07:29.8058227Z Downloading ipython-8.37.0-py3-none-any.whl (831 kB)
2025-08-11T01:07:29.8125431Z    ━━━━━━━━━━━━━━━━━━━━━━━━━━━━━━━━━━━━━━━━ 831.9/831.9 kB 132.4 MB/s  0:00:00
2025-08-11T01:07:29.8193213Z Downloading numexpr-2.11.0-cp313-cp313-manylinux_2_27_x86_64.manylinux_2_28_x86_64.whl (406 kB)
2025-08-11T01:07:29.8294689Z Downloading numpy-2.1.3-cp313-cp313-manylinux_2_17_x86_64.manylinux2014_x86_64.whl (16.0 MB)
2025-08-11T01:07:29.9543230Z    ━━━━━━━━━━━━━━━━━━━━━━━━━━━━━━━━━━━━━━━━ 16.0/16.0 MB 129.0 MB/s  0:00:00
2025-08-11T01:07:29.9581005Z Downloading prompt_toolkit-3.0.51-py3-none-any.whl (387 kB)
2025-08-11T01:07:29.9643674Z Downloading psutil-6.1.1-cp36-abi3-manylinux_2_12_x86_64.manylinux2010_x86_64.manylinux_2_17_x86_64.manylinux2014_x86_64.whl (287 kB)
2025-08-11T01:07:29.9701995Z Downloading pytest-8.4.1-py3-none-any.whl (365 kB)
2025-08-11T01:07:29.9777161Z Downloading pluggy-1.6.0-py3-none-any.whl (20 kB)
2025-08-11T01:07:29.9835724Z Downloading sortedcontainers-2.4.0-py2.py3-none-any.whl (29 kB)
2025-08-11T01:07:29.9867034Z Using cached wheel-0.45.1-py3-none-any.whl (72 kB)
2025-08-11T01:07:29.9899198Z Downloading huggingface_hub-0.34.4-py3-none-any.whl (561 kB)
2025-08-11T01:07:29.9956455Z    ━━━━━━━━━━━━━━━━━━━━━━━━━━━━━━━━━━━━━━━━ 561.5/561.5 kB 89.6 MB/s  0:00:00
2025-08-11T01:07:29.9988014Z Downloading hf_xet-1.1.7-cp37-abi3-manylinux_2_17_x86_64.manylinux2014_x86_64.whl (3.2 MB)
2025-08-11T01:07:30.0142461Z    ━━━━━━━━━━━━━━━━━━━━━━━━━━━━━━━━━━━━━━━━ 3.2/3.2 MB 221.2 MB/s  0:00:00
2025-08-11T01:07:30.0173202Z Downloading fsspec-2025.7.0-py3-none-any.whl (199 kB)
2025-08-11T01:07:30.0228505Z Downloading iniconfig-2.1.0-py3-none-any.whl (6.0 kB)
2025-08-11T01:07:30.0285374Z Downloading jedi-0.19.2-py2.py3-none-any.whl (1.6 MB)
2025-08-11T01:07:30.0382455Z    ━━━━━━━━━━━━━━━━━━━━━━━━━━━━━━━━━━━━━━━━ 1.6/1.6 MB 179.1 MB/s  0:00:00
2025-08-11T01:07:30.0414490Z Downloading parso-0.8.4-py2.py3-none-any.whl (103 kB)
2025-08-11T01:07:30.0469605Z Downloading pexpect-4.9.0-py2.py3-none-any.whl (63 kB)
2025-08-11T01:07:30.0558618Z Downloading policyengine_us-1.368.0-py3-none-any.whl (5.8 MB)
2025-08-11T01:07:30.0921085Z    ━━━━━━━━━━━━━━━━━━━━━━━━━━━━━━━━━━━━━━━━ 5.8/5.8 MB 164.0 MB/s  0:00:00
2025-08-11T01:07:30.0955506Z Downloading ptyprocess-0.7.0-py2.py3-none-any.whl (13 kB)
2025-08-11T01:07:30.1006575Z Downloading pyasn1-0.6.1-py3-none-any.whl (83 kB)
2025-08-11T01:07:30.1064818Z Downloading pyasn1_modules-0.4.2-py3-none-any.whl (181 kB)
2025-08-11T01:07:30.1123935Z Downloading pygments-2.19.2-py3-none-any.whl (1.2 MB)
2025-08-11T01:07:30.1215829Z    ━━━━━━━━━━━━━━━━━━━━━━━━━━━━━━━━━━━━━━━━ 1.2/1.2 MB 140.7 MB/s  0:00:00
2025-08-11T01:07:30.1249263Z Downloading python_dateutil-2.9.0.post0-py2.py3-none-any.whl (229 kB)
2025-08-11T01:07:30.1316608Z Downloading pytz-2025.2-py2.py3-none-any.whl (509 kB)
2025-08-11T01:07:30.1400620Z Downloading pyvis-0.3.2-py3-none-any.whl (756 kB)
2025-08-11T01:07:30.1503530Z    ━━━━━━━━━━━━━━━━━━━━━━━━━━━━━━━━━━━━━━━━ 756.0/756.0 kB 85.5 MB/s  0:00:00
2025-08-11T01:07:30.1538562Z Downloading jinja2-3.1.6-py3-none-any.whl (134 kB)
2025-08-11T01:07:30.1593623Z Downloading jsonpickle-4.1.1-py3-none-any.whl (47 kB)
2025-08-11T01:07:30.1644792Z Downloading MarkupSafe-3.0.2-cp313-cp313-manylinux_2_17_x86_64.manylinux2014_x86_64.whl (23 kB)
2025-08-11T01:07:30.1698531Z Downloading networkx-3.5-py3-none-any.whl (2.0 MB)
2025-08-11T01:07:30.1810962Z    ━━━━━━━━━━━━━━━━━━━━━━━━━━━━━━━━━━━━━━━━ 2.0/2.0 MB 197.8 MB/s  0:00:00
2025-08-11T01:07:30.1852704Z Downloading PyYAML-6.0.2-cp313-cp313-manylinux_2_17_x86_64.manylinux2014_x86_64.whl (759 kB)
2025-08-11T01:07:30.1914824Z    ━━━━━━━━━━━━━━━━━━━━━━━━━━━━━━━━━━━━━━━━ 759.5/759.5 kB 128.5 MB/s  0:00:00
2025-08-11T01:07:30.1925963Z Using cached setuptools-80.9.0-py3-none-any.whl (1.2 MB)
2025-08-11T01:07:30.1965985Z Downloading six-1.17.0-py2.py3-none-any.whl (11 kB)
2025-08-11T01:07:30.2057388Z Downloading sqlalchemy-2.0.42-cp313-cp313-manylinux_2_17_x86_64.manylinux2014_x86_64.whl (3.3 MB)
2025-08-11T01:07:30.2249541Z    ━━━━━━━━━━━━━━━━━━━━━━━━━━━━━━━━━━━━━━━━ 3.3/3.3 MB 178.2 MB/s  0:00:00
2025-08-11T01:07:30.2306763Z Downloading greenlet-3.2.4-cp313-cp313-manylinux_2_24_x86_64.manylinux_2_28_x86_64.whl (610 kB)
2025-08-11T01:07:30.2366558Z    ━━━━━━━━━━━━━━━━━━━━━━━━━━━━━━━━━━━━━━━━ 610.5/610.5 kB 98.8 MB/s  0:00:00
2025-08-11T01:07:30.2400323Z Downloading sqlmodel-0.0.24-py3-none-any.whl (28 kB)
2025-08-11T01:07:30.2513765Z Downloading tables-3.10.2-cp313-cp313-manylinux_2_17_x86_64.manylinux2014_x86_64.whl (7.5 MB)
2025-08-11T01:07:30.3098128Z    ━━━━━━━━━━━━━━━━━━━━━━━━━━━━━━━━━━━━━━━━ 7.5/7.5 MB 129.2 MB/s  0:00:00
2025-08-11T01:07:30.3157070Z Downloading blosc2-3.6.1-cp313-cp313-manylinux2014_x86_64.manylinux_2_17_x86_64.whl (4.4 MB)
2025-08-11T01:07:30.3496488Z    ━━━━━━━━━━━━━━━━━━━━━━━━━━━━━━━━━━━━━━━━ 4.4/4.4 MB 133.4 MB/s  0:00:00
2025-08-11T01:07:30.3535308Z Downloading tenacity-9.1.2-py3-none-any.whl (28 kB)
2025-08-11T01:07:30.3598284Z Downloading threadpoolctl-3.6.0-py3-none-any.whl (18 kB)
2025-08-11T01:07:30.3711672Z Downloading torch-2.8.0-cp313-cp313-manylinux_2_28_x86_64.whl (887.9 MB)
2025-08-11T01:07:38.7377878Z    ━━━━━━━━━━━━━━━━━━━━━━━━━━━━━━━━━━━━━━━━ 887.9/887.9 MB 56.3 MB/s  0:00:08
2025-08-11T01:07:38.7483139Z Downloading nvidia_cublas_cu12-12.8.4.1-py3-none-manylinux_2_27_x86_64.whl (594.3 MB)
2025-08-11T01:07:43.5334899Z    ━━━━━━━━━━━━━━━━━━━━━━━━━━━━━━━━━━━━━━━━ 594.3/594.3 MB 70.5 MB/s  0:00:04
2025-08-11T01:07:43.5543240Z Downloading nvidia_cuda_cupti_cu12-12.8.90-py3-none-manylinux2014_x86_64.manylinux_2_17_x86_64.whl (10.2 MB)
2025-08-11T01:07:43.6044061Z    ━━━━━━━━━━━━━━━━━━━━━━━━━━━━━━━━━━━━━━━━ 10.2/10.2 MB 208.9 MB/s  0:00:00
2025-08-11T01:07:43.6079587Z Downloading nvidia_cuda_nvrtc_cu12-12.8.93-py3-none-manylinux2010_x86_64.manylinux_2_12_x86_64.whl (88.0 MB)
2025-08-11T01:07:43.9798900Z    ━━━━━━━━━━━━━━━━━━━━━━━━━━━━━━━━━━━━━━━━ 88.0/88.0 MB 238.9 MB/s  0:00:00
2025-08-11T01:07:43.9836771Z Downloading nvidia_cuda_runtime_cu12-12.8.90-py3-none-manylinux2014_x86_64.manylinux_2_17_x86_64.whl (954 kB)
2025-08-11T01:07:43.9909996Z    ━━━━━━━━━━━━━━━━━━━━━━━━━━━━━━━━━━━━━━━━ 954.8/954.8 kB 144.7 MB/s  0:00:00
2025-08-11T01:07:43.9947583Z Downloading nvidia_cudnn_cu12-9.10.2.21-py3-none-manylinux_2_27_x86_64.whl (706.8 MB)
2025-08-11T01:07:49.3988273Z    ━━━━━━━━━━━━━━━━━━━━━━━━━━━━━━━━━━━━━━━━ 706.8/706.8 MB 65.6 MB/s  0:00:05
2025-08-11T01:07:49.4021554Z Downloading nvidia_cufft_cu12-11.3.3.83-py3-none-manylinux2014_x86_64.manylinux_2_17_x86_64.whl (193.1 MB)
2025-08-11T01:07:50.3482677Z    ━━━━━━━━━━━━━━━━━━━━━━━━━━━━━━━━━━━━━━━━ 193.1/193.1 MB 204.4 MB/s  0:00:00
2025-08-11T01:07:50.3553986Z Downloading nvidia_cufile_cu12-1.13.1.3-py3-none-manylinux2014_x86_64.manylinux_2_17_x86_64.whl (1.2 MB)
2025-08-11T01:07:50.3633210Z    ━━━━━━━━━━━━━━━━━━━━━━━━━━━━━━━━━━━━━━━━ 1.2/1.2 MB 168.3 MB/s  0:00:00
2025-08-11T01:07:50.3717020Z Downloading nvidia_curand_cu12-10.3.9.90-py3-none-manylinux_2_27_x86_64.whl (63.6 MB)
2025-08-11T01:07:50.6526405Z    ━━━━━━━━━━━━━━━━━━━━━━━━━━━━━━━━━━━━━━━━ 63.6/63.6 MB 227.6 MB/s  0:00:00
2025-08-11T01:07:50.6560090Z Downloading nvidia_cusolver_cu12-11.7.3.90-py3-none-manylinux_2_27_x86_64.whl (267.5 MB)
2025-08-11T01:07:52.5121524Z    ━━━━━━━━━━━━━━━━━━━━━━━━━━━━━━━━━━━━━━━━ 267.5/267.5 MB 142.3 MB/s  0:00:01
2025-08-11T01:07:52.5166200Z Downloading nvidia_cusparse_cu12-12.5.8.93-py3-none-manylinux2014_x86_64.manylinux_2_17_x86_64.whl (288.2 MB)
2025-08-11T01:07:54.9728734Z    ━━━━━━━━━━━━━━━━━━━━━━━━━━━━━━━━━━━━━━━━ 288.2/288.2 MB 111.3 MB/s  0:00:02
2025-08-11T01:07:54.9799685Z Downloading nvidia_cusparselt_cu12-0.7.1-py3-none-manylinux2014_x86_64.whl (287.2 MB)
2025-08-11T01:07:58.1151947Z    ━━━━━━━━━━━━━━━━━━━━━━━━━━━━━━━━━━━━━━━━ 287.2/287.2 MB 87.0 MB/s  0:00:03
2025-08-11T01:07:58.1187689Z Downloading nvidia_nccl_cu12-2.27.3-py3-none-manylinux2014_x86_64.manylinux_2_17_x86_64.whl (322.4 MB)
2025-08-11T01:08:00.5741423Z    ━━━━━━━━━━━━━━━━━━━━━━━━━━━━━━━━━━━━━━━━ 322.4/322.4 MB 115.1 MB/s  0:00:02
2025-08-11T01:08:00.5776429Z Downloading nvidia_nvjitlink_cu12-12.8.93-py3-none-manylinux2010_x86_64.manylinux_2_12_x86_64.whl (39.3 MB)
2025-08-11T01:08:00.7784641Z    ━━━━━━━━━━━━━━━━━━━━━━━━━━━━━━━━━━━━━━━━ 39.3/39.3 MB 196.8 MB/s  0:00:00
2025-08-11T01:08:00.7826381Z Downloading nvidia_nvtx_cu12-12.8.90-py3-none-manylinux2014_x86_64.manylinux_2_17_x86_64.whl (89 kB)
2025-08-11T01:08:00.7903951Z Downloading triton-3.4.0-cp313-cp313-manylinux_2_27_x86_64.manylinux_2_28_x86_64.whl (155.6 MB)
2025-08-11T01:08:01.8846815Z    ━━━━━━━━━━━━━━━━━━━━━━━━━━━━━━━━━━━━━━━━ 155.6/155.6 MB 142.4 MB/s  0:00:01
2025-08-11T01:08:01.8885627Z Downloading sympy-1.14.0-py3-none-any.whl (6.3 MB)
2025-08-11T01:08:01.9149349Z    ━━━━━━━━━━━━━━━━━━━━━━━━━━━━━━━━━━━━━━━━ 6.3/6.3 MB 249.9 MB/s  0:00:00
2025-08-11T01:08:01.9184460Z Downloading mpmath-1.3.0-py3-none-any.whl (536 kB)
2025-08-11T01:08:01.9235430Z    ━━━━━━━━━━━━━━━━━━━━━━━━━━━━━━━━━━━━━━━━ 536.2/536.2 kB 93.2 MB/s  0:00:00
2025-08-11T01:08:01.9266342Z Downloading traitlets-5.14.3-py3-none-any.whl (85 kB)
2025-08-11T01:08:01.9318973Z Downloading typing_extensions-4.14.1-py3-none-any.whl (43 kB)
2025-08-11T01:08:01.9364879Z Downloading typing_inspection-0.4.1-py3-none-any.whl (14 kB)
2025-08-11T01:08:01.9413765Z Downloading tzdata-2025.2-py2.py3-none-any.whl (347 kB)
2025-08-11T01:08:01.9478473Z Downloading us-3.2.0-py3-none-any.whl (13 kB)
2025-08-11T01:08:01.9529827Z Downloading colorlog-6.9.0-py3-none-any.whl (11 kB)
2025-08-11T01:08:01.9575315Z Downloading decorator-5.2.1-py3-none-any.whl (9.2 kB)
2025-08-11T01:08:01.9620226Z Downloading et_xmlfile-2.0.0-py3-none-any.whl (18 kB)
2025-08-11T01:08:01.9680385Z Downloading filelock-3.18.0-py3-none-any.whl (16 kB)
2025-08-11T01:08:01.9758376Z Downloading jellyfish-1.2.0-cp313-cp313-manylinux_2_17_x86_64.manylinux2014_x86_64.whl (355 kB)
2025-08-11T01:08:01.9821010Z Downloading mako-1.3.10-py3-none-any.whl (78 kB)
2025-08-11T01:08:01.9871945Z Downloading matplotlib_inline-0.1.7-py3-none-any.whl (9.9 kB)
2025-08-11T01:08:01.9918192Z Downloading msgpack-1.1.1-cp313-cp313-manylinux_2_17_x86_64.manylinux2014_x86_64.whl (423 kB)
2025-08-11T01:08:02.0058547Z Downloading ndindex-1.10.0-cp313-cp313-manylinux_2_17_x86_64.manylinux2014_x86_64.whl (526 kB)
2025-08-11T01:08:02.0109386Z    ━━━━━━━━━━━━━━━━━━━━━━━━━━━━━━━━━━━━━━━━ 526.9/526.9 kB 94.4 MB/s  0:00:00
2025-08-11T01:08:02.0140610Z Downloading platformdirs-4.3.8-py3-none-any.whl (18 kB)
2025-08-11T01:08:02.0188292Z Downloading py_cpuinfo-9.0.0-py3-none-any.whl (22 kB)
2025-08-11T01:08:02.0242665Z Downloading stack_data-0.6.3-py3-none-any.whl (24 kB)
2025-08-11T01:08:02.0291484Z Downloading asttokens-3.0.0-py3-none-any.whl (26 kB)
2025-08-11T01:08:02.0343860Z Downloading executing-2.2.0-py2.py3-none-any.whl (26 kB)
2025-08-11T01:08:02.0392293Z Downloading pure_eval-0.2.3-py3-none-any.whl (11 kB)
2025-08-11T01:08:02.0451176Z Downloading standard_imghdr-3.13.0-py3-none-any.whl (4.6 kB)
2025-08-11T01:08:02.0496709Z Downloading wcwidth-0.2.13-py2.py3-none-any.whl (34 kB)
2025-08-11T01:08:05.2255581Z Building wheels for collected packages: policyengine_us_data
2025-08-11T01:08:05.2268145Z   Building wheel for policyengine_us_data (pyproject.toml): started
2025-08-11T01:08:05.8041464Z   Building wheel for policyengine_us_data (pyproject.toml): finished with status 'done'
2025-08-11T01:08:05.8056898Z   Created wheel for policyengine_us_data: filename=policyengine_us_data-1.44.2-py3-none-any.whl size=1277162 sha256=f9873e49bae32574a57c5d7b569cf04f74757d930247f04642b7540d93910260
2025-08-11T01:08:05.8058565Z   Stored in directory: /home/runner/.cache/pip/wheels/29/b0/3c/6796889ea510c4f0b4e3b87095cd21d0c40072dfce146ffbf5
2025-08-11T01:08:05.8081918Z Successfully built policyengine_us_data
2025-08-11T01:08:06.2253780Z Installing collected packages: wcwidth, standard-imghdr, sortedcontainers, pytz, py-cpuinfo, pure-eval, ptyprocess, nvidia-cusparselt-cu12, mpmath, wheel, urllib3, tzdata, typing-extensions, traitlets, tqdm, threadpoolctl, tenacity, sympy, six, setuptools, PyYAML, pygments, pyasn1, psutil, protobuf, prompt_toolkit, pluggy, platformdirs, pip-system-certs, pexpect, parso, packaging, nvidia-nvtx-cu12, nvidia-nvjitlink-cu12, nvidia-nccl-cu12, nvidia-curand-cu12, nvidia-cufile-cu12, nvidia-cuda-runtime-cu12, nvidia-cuda-nvrtc-cu12, nvidia-cuda-cupti-cu12, nvidia-cublas-cu12, numpy, networkx, ndindex, msgpack, MarkupSafe, jsonpickle, joblib, jellyfish, iniconfig, idna, hf-xet, greenlet, google-crc32c, fsspec, filelock, executing, et-xmlfile, dpath, decorator, colorlog, charset_normalizer, certifi, cachetools, asttokens, annotated-types, us, typing-inspection, triton, stack_data, sqlalchemy, scipy, rsa, requests, python-dateutil, pytest, pydantic-core, pyasn1-modules, proto-plus, plotly, patsy, openpyxl, nvidia-cusparse-cu12, nvidia-cufft-cu12, nvidia-cudnn-cu12, numexpr, matplotlib-inline, Mako, jinja2, jedi, h5py, googleapis-common-protos, google-resumable-media, scikit-learn, pydantic, pandas, nvidia-cusolver-cu12, ipython, huggingface_hub, google-auth, blosc2, alembic, torch, tables, statsmodels, sqlmodel, quantile-forest, pyvis, optuna, microdf_python, google-api-core, policyengine-core, microimpute, google-cloud-core, google-cloud-storage, policyengine-us, policyengine_us_data
2025-08-11T01:09:33.3312689Z 
2025-08-11T01:09:33.3434717Z Successfully installed Mako-1.3.10 MarkupSafe-3.0.2 PyYAML-6.0.2 alembic-1.16.4 annotated-types-0.7.0 asttokens-3.0.0 blosc2-3.6.1 cachetools-5.5.2 certifi-2025.8.3 charset_normalizer-3.4.3 colorlog-6.9.0 decorator-5.2.1 dpath-2.2.0 et-xmlfile-2.0.0 executing-2.2.0 filelock-3.18.0 fsspec-2025.7.0 google-api-core-2.25.1 google-auth-2.40.3 google-cloud-core-2.4.3 google-cloud-storage-3.2.0 google-crc32c-1.7.1 google-resumable-media-2.7.2 googleapis-common-protos-1.70.0 greenlet-3.2.4 h5py-3.14.0 hf-xet-1.1.7 huggingface_hub-0.34.4 idna-3.10 iniconfig-2.1.0 ipython-8.37.0 jedi-0.19.2 jellyfish-1.2.0 jinja2-3.1.6 joblib-1.5.1 jsonpickle-4.1.1 matplotlib-inline-0.1.7 microdf_python-1.0.2 microimpute-1.1.6 mpmath-1.3.0 msgpack-1.1.1 ndindex-1.10.0 networkx-3.5 numexpr-2.11.0 numpy-2.1.3 nvidia-cublas-cu12-12.8.4.1 nvidia-cuda-cupti-cu12-12.8.90 nvidia-cuda-nvrtc-cu12-12.8.93 nvidia-cuda-runtime-cu12-12.8.90 nvidia-cudnn-cu12-9.10.2.21 nvidia-cufft-cu12-11.3.3.83 nvidia-cufile-cu12-1.13.1.3 nvidia-curand-cu12-10.3.9.90 nvidia-cusolver-cu12-11.7.3.90 nvidia-cusparse-cu12-12.5.8.93 nvidia-cusparselt-cu12-0.7.1 nvidia-nccl-cu12-2.27.3 nvidia-nvjitlink-cu12-12.8.93 nvidia-nvtx-cu12-12.8.90 openpyxl-3.1.5 optuna-4.4.0 packaging-25.0 pandas-2.3.1 parso-0.8.4 patsy-1.0.1 pexpect-4.9.0 pip-system-certs-5.2 platformdirs-4.3.8 plotly-5.24.1 pluggy-1.6.0 policyengine-core-3.19.4 policyengine-us-1.368.0 policyengine_us_data-1.44.2 prompt_toolkit-3.0.51 proto-plus-1.26.1 protobuf-6.31.1 psutil-6.1.1 ptyprocess-0.7.0 pure-eval-0.2.3 py-cpuinfo-9.0.0 pyasn1-0.6.1 pyasn1-modules-0.4.2 pydantic-2.11.7 pydantic-core-2.33.2 pygments-2.19.2 pytest-8.4.1 python-dateutil-2.9.0.post0 pytz-2025.2 pyvis-0.3.2 quantile-forest-1.4.0 requests-2.32.4 rsa-4.9.1 scikit-learn-1.7.1 scipy-1.16.1 setuptools-80.9.0 six-1.17.0 sortedcontainers-2.4.0 sqlalchemy-2.0.42 sqlmodel-0.0.24 stack_data-0.6.3 standard-imghdr-3.13.0 statsmodels-0.14.5 sympy-1.14.0 tables-3.10.2 tenacity-9.1.2 threadpoolctl-3.6.0 torch-2.8.0 tqdm-4.67.1 traitlets-5.14.3 triton-3.4.0 typing-extensions-4.14.1 typing-inspection-0.4.1 tzdata-2025.2 urllib3-2.5.0 us-3.2.0 wcwidth-0.2.13 wheel-0.45.1
2025-08-11T01:09:34.5337283Z ##[group]Run python -c "import policyengine_us_data; print('Minimal import OK')"
2025-08-11T01:09:34.5337873Z [36;1mpython -c "import policyengine_us_data; print('Minimal import OK')"[0m
2025-08-11T01:09:34.5400163Z shell: /usr/bin/bash -e {0}
2025-08-11T01:09:34.5400390Z env:
2025-08-11T01:09:34.5400622Z   pythonLocation: /opt/hostedtoolcache/Python/3.13.5/x64
2025-08-11T01:09:34.5401019Z   PKG_CONFIG_PATH: /opt/hostedtoolcache/Python/3.13.5/x64/lib/pkgconfig
2025-08-11T01:09:34.5401394Z   Python_ROOT_DIR: /opt/hostedtoolcache/Python/3.13.5/x64
2025-08-11T01:09:34.5401921Z   Python2_ROOT_DIR: /opt/hostedtoolcache/Python/3.13.5/x64
2025-08-11T01:09:34.5402314Z   Python3_ROOT_DIR: /opt/hostedtoolcache/Python/3.13.5/x64
2025-08-11T01:09:34.5402654Z   LD_LIBRARY_PATH: /opt/hostedtoolcache/Python/3.13.5/x64/lib
2025-08-11T01:09:34.5402937Z ##[endgroup]
2025-08-11T01:09:43.3619511Z TEST_LITE == False
2025-08-11T01:09:43.3620166Z Minimal import OK
2025-08-11T01:09:44.0023703Z ##[group]Run python -c "from policyengine_core.data import Dataset; print('Core import OK')"
2025-08-11T01:09:44.0024314Z [36;1mpython -c "from policyengine_core.data import Dataset; print('Core import OK')"[0m
2025-08-11T01:09:44.0065727Z shell: /usr/bin/bash -e {0}
2025-08-11T01:09:44.0065949Z env:
2025-08-11T01:09:44.0066182Z   pythonLocation: /opt/hostedtoolcache/Python/3.13.5/x64
2025-08-11T01:09:44.0066580Z   PKG_CONFIG_PATH: /opt/hostedtoolcache/Python/3.13.5/x64/lib/pkgconfig
2025-08-11T01:09:44.0066968Z   Python_ROOT_DIR: /opt/hostedtoolcache/Python/3.13.5/x64
2025-08-11T01:09:44.0067304Z   Python2_ROOT_DIR: /opt/hostedtoolcache/Python/3.13.5/x64
2025-08-11T01:09:44.0067640Z   Python3_ROOT_DIR: /opt/hostedtoolcache/Python/3.13.5/x64
2025-08-11T01:09:44.0067967Z   LD_LIBRARY_PATH: /opt/hostedtoolcache/Python/3.13.5/x64/lib
2025-08-11T01:09:44.0068250Z ##[endgroup]
2025-08-11T01:09:44.9525621Z Core import OK
2025-08-11T01:09:45.1315482Z Post job cleanup.
2025-08-11T01:09:45.3001246Z Post job cleanup.
2025-08-11T01:09:45.3954499Z [command]/usr/bin/git version
2025-08-11T01:09:45.3990361Z git version 2.50.1
2025-08-11T01:09:45.4040221Z Temporarily overriding HOME='/home/runner/work/_temp/fca38a31-7bcc-4e19-b97e-3959d676fc18' before making global git config changes
2025-08-11T01:09:45.4041496Z Adding repository directory to the temporary git global config as a safe directory
2025-08-11T01:09:45.4046520Z [command]/usr/bin/git config --global --add safe.directory /home/runner/work/policyengine-us-data/policyengine-us-data
2025-08-11T01:09:45.4079922Z [command]/usr/bin/git config --local --name-only --get-regexp core\.sshCommand
2025-08-11T01:09:45.4112519Z [command]/usr/bin/git submodule foreach --recursive sh -c "git config --local --name-only --get-regexp 'core\.sshCommand' && git config --local --unset-all 'core.sshCommand' || :"
2025-08-11T01:09:45.4354085Z [command]/usr/bin/git config --local --name-only --get-regexp http\.https\:\/\/github\.com\/\.extraheader
2025-08-11T01:09:45.4376933Z http.https://github.com/.extraheader
2025-08-11T01:09:45.4390242Z [command]/usr/bin/git config --local --unset-all http.https://github.com/.extraheader
2025-08-11T01:09:45.4422954Z [command]/usr/bin/git submodule foreach --recursive sh -c "git config --local --name-only --get-regexp 'http\.https\:\/\/github\.com\/\.extraheader' && git config --local --unset-all 'http.https://github.com/.extraheader' || :"
2025-08-11T01:09:45.4767050Z Cleaning up orphan processes
