2025-08-10T03:13:18.4400807Z Current runner version: '2.327.1'
2025-08-10T03:13:18.4427271Z ##[group]Runner Image Provisioner
2025-08-10T03:13:18.4428181Z Hosted Compute Agent
2025-08-10T03:13:18.4428697Z Version: 20250711.363
2025-08-10T03:13:18.4429266Z Commit: 6785254374ce925a23743850c1cb91912ce5c14c
2025-08-10T03:13:18.4430158Z Build Date: 2025-07-11T20:04:25Z
2025-08-10T03:13:18.4430770Z ##[endgroup]
2025-08-10T03:13:18.4431312Z ##[group]Operating System
2025-08-10T03:13:18.4431934Z Ubuntu
2025-08-10T03:13:18.4432411Z 24.04.2
2025-08-10T03:13:18.4432831Z LTS
2025-08-10T03:13:18.4433455Z ##[endgroup]
2025-08-10T03:13:18.4433903Z ##[group]Runner Image
2025-08-10T03:13:18.4434448Z Image: ubuntu-24.04
2025-08-10T03:13:18.4434938Z Version: 20250804.2.0
2025-08-10T03:13:18.4435930Z Included Software: https://github.com/actions/runner-images/blob/ubuntu24/20250804.2/images/ubuntu/Ubuntu2404-Readme.md
2025-08-10T03:13:18.4437406Z Image Release: https://github.com/actions/runner-images/releases/tag/ubuntu24%2F20250804.2
2025-08-10T03:13:18.4438417Z ##[endgroup]
2025-08-10T03:13:18.4441327Z ##[group]GITHUB_TOKEN Permissions
2025-08-10T03:13:18.4443387Z Actions: write
2025-08-10T03:13:18.4443920Z Attestations: write
2025-08-10T03:13:18.4444535Z Checks: write
2025-08-10T03:13:18.4445030Z Contents: write
2025-08-10T03:13:18.4445566Z Deployments: write
2025-08-10T03:13:18.4446020Z Discussions: write
2025-08-10T03:13:18.4446587Z Issues: write
2025-08-10T03:13:18.4447065Z Metadata: read
2025-08-10T03:13:18.4447496Z Models: read
2025-08-10T03:13:18.4448042Z Packages: write
2025-08-10T03:13:18.4448531Z Pages: write
2025-08-10T03:13:18.4449001Z PullRequests: write
2025-08-10T03:13:18.4449551Z RepositoryProjects: write
2025-08-10T03:13:18.4450491Z SecurityEvents: write
2025-08-10T03:13:18.4451167Z Statuses: write
2025-08-10T03:13:18.4451732Z ##[endgroup]
2025-08-10T03:13:18.4453995Z Secret source: Actions
2025-08-10T03:13:18.4454677Z Prepare workflow directory
2025-08-10T03:13:18.4803670Z Prepare all required actions
2025-08-10T03:13:18.4842588Z Getting action download info
2025-08-10T03:13:18.7975702Z ##[group]Download immutable action package 'actions/checkout@v4'
2025-08-10T03:13:18.7976842Z Version: 4.2.2
2025-08-10T03:13:18.7977933Z Digest: sha256:ccb2698953eaebd21c7bf6268a94f9c26518a7e38e27e0b83c1fe1ad049819b1
2025-08-10T03:13:18.7979214Z Source commit SHA: 11bd71901bbe5b1630ceea73d27597364c9af683
2025-08-10T03:13:18.7980240Z ##[endgroup]
2025-08-10T03:13:18.8724047Z ##[group]Download immutable action package 'actions/setup-python@v5'
2025-08-10T03:13:18.8724904Z Version: 5.6.0
2025-08-10T03:13:18.8725586Z Digest: sha256:0b35a0c11c97499e4e0576589036d450b9f5f9da74b7774225b3614b57324404
2025-08-10T03:13:18.8726589Z Source commit SHA: a26af69be951a213d495a4c3e4e4022e16d87065
2025-08-10T03:13:18.8727252Z ##[endgroup]
2025-08-10T03:13:19.2015183Z Complete job name: Smoke test (ubuntu-latest, Python 3.13)
2025-08-10T03:13:19.2639242Z ##[group]Run actions/checkout@v4
2025-08-10T03:13:19.2640241Z with:
2025-08-10T03:13:19.2640706Z   repository: PolicyEngine/policyengine-us-data
2025-08-10T03:13:19.2641461Z   token: ***
2025-08-10T03:13:19.2641838Z   ssh-strict: true
2025-08-10T03:13:19.2642220Z   ssh-user: git
2025-08-10T03:13:19.2642613Z   persist-credentials: true
2025-08-10T03:13:19.2643042Z   clean: true
2025-08-10T03:13:19.2643439Z   sparse-checkout-cone-mode: true
2025-08-10T03:13:19.2643903Z   fetch-depth: 1
2025-08-10T03:13:19.2644272Z   fetch-tags: false
2025-08-10T03:13:19.2644660Z   show-progress: true
2025-08-10T03:13:19.2645052Z   lfs: false
2025-08-10T03:13:19.2645407Z   submodules: false
2025-08-10T03:13:19.2645796Z   set-safe-directory: true
2025-08-10T03:13:19.2646517Z ##[endgroup]
2025-08-10T03:13:19.3757255Z Syncing repository: PolicyEngine/policyengine-us-data
2025-08-10T03:13:19.3759333Z ##[group]Getting Git version info
2025-08-10T03:13:19.3760745Z Working directory is '/home/runner/work/policyengine-us-data/policyengine-us-data'
2025-08-10T03:13:19.3761940Z [command]/usr/bin/git version
2025-08-10T03:13:19.3796468Z git version 2.50.1
2025-08-10T03:13:19.3823547Z ##[endgroup]
2025-08-10T03:13:19.3840763Z Temporarily overriding HOME='/home/runner/work/_temp/9194a528-4310-4e8d-b686-01564d851b2c' before making global git config changes
2025-08-10T03:13:19.3843146Z Adding repository directory to the temporary git global config as a safe directory
2025-08-10T03:13:19.3847625Z [command]/usr/bin/git config --global --add safe.directory /home/runner/work/policyengine-us-data/policyengine-us-data
2025-08-10T03:13:19.3884368Z Deleting the contents of '/home/runner/work/policyengine-us-data/policyengine-us-data'
2025-08-10T03:13:19.3888064Z ##[group]Initializing the repository
2025-08-10T03:13:19.3893656Z [command]/usr/bin/git init /home/runner/work/policyengine-us-data/policyengine-us-data
2025-08-10T03:13:19.3948885Z hint: Using 'master' as the name for the initial branch. This default branch name
2025-08-10T03:13:19.3950836Z hint: is subject to change. To configure the initial branch name to use in all
2025-08-10T03:13:19.3952052Z hint: of your new repositories, which will suppress this warning, call:
2025-08-10T03:13:19.3953394Z hint:
2025-08-10T03:13:19.3954264Z hint: 	git config --global init.defaultBranch <name>
2025-08-10T03:13:19.3955303Z hint:
2025-08-10T03:13:19.3956265Z hint: Names commonly chosen instead of 'master' are 'main', 'trunk' and
2025-08-10T03:13:19.3957884Z hint: 'development'. The just-created branch can be renamed via this command:
2025-08-10T03:13:19.3959145Z hint:
2025-08-10T03:13:19.3959793Z hint: 	git branch -m <name>
2025-08-10T03:13:19.3960788Z hint:
2025-08-10T03:13:19.3961772Z hint: Disable this message with "git config set advice.defaultBranchName false"
2025-08-10T03:13:19.3963854Z Initialized empty Git repository in /home/runner/work/policyengine-us-data/policyengine-us-data/.git/
2025-08-10T03:13:19.3967061Z [command]/usr/bin/git remote add origin https://github.com/PolicyEngine/policyengine-us-data
2025-08-10T03:13:19.3998179Z ##[endgroup]
2025-08-10T03:13:19.3999379Z ##[group]Disabling automatic garbage collection
2025-08-10T03:13:19.4003815Z [command]/usr/bin/git config --local gc.auto 0
2025-08-10T03:13:19.4032918Z ##[endgroup]
2025-08-10T03:13:19.4033576Z ##[group]Setting up auth
2025-08-10T03:13:19.4039503Z [command]/usr/bin/git config --local --name-only --get-regexp core\.sshCommand
2025-08-10T03:13:19.4072296Z [command]/usr/bin/git submodule foreach --recursive sh -c "git config --local --name-only --get-regexp 'core\.sshCommand' && git config --local --unset-all 'core.sshCommand' || :"
2025-08-10T03:13:19.4349352Z [command]/usr/bin/git config --local --name-only --get-regexp http\.https\:\/\/github\.com\/\.extraheader
2025-08-10T03:13:19.4382671Z [command]/usr/bin/git submodule foreach --recursive sh -c "git config --local --name-only --get-regexp 'http\.https\:\/\/github\.com\/\.extraheader' && git config --local --unset-all 'http.https://github.com/.extraheader' || :"
2025-08-10T03:13:19.4632166Z [command]/usr/bin/git config --local http.https://github.com/.extraheader AUTHORIZATION: basic ***
2025-08-10T03:13:19.4682456Z ##[endgroup]
2025-08-10T03:13:19.4683690Z ##[group]Fetching the repository
2025-08-10T03:13:19.4692931Z [command]/usr/bin/git -c protocol.version=2 fetch --no-tags --prune --no-recurse-submodules --depth=1 origin +3282d1a16562a6d05e8bda2c136134173996988f:refs/remotes/pull/428/merge
2025-08-10T03:13:19.9560624Z From https://github.com/PolicyEngine/policyengine-us-data
2025-08-10T03:13:19.9584747Z  * [new ref]         3282d1a16562a6d05e8bda2c136134173996988f -> pull/428/merge
2025-08-10T03:13:19.9587581Z ##[endgroup]
2025-08-10T03:13:19.9588736Z ##[group]Determining the checkout info
2025-08-10T03:13:19.9590307Z ##[endgroup]
2025-08-10T03:13:19.9593405Z [command]/usr/bin/git sparse-checkout disable
2025-08-10T03:13:19.9633129Z [command]/usr/bin/git config --local --unset-all extensions.worktreeConfig
2025-08-10T03:13:19.9662677Z ##[group]Checking out the ref
2025-08-10T03:13:19.9666886Z [command]/usr/bin/git checkout --progress --force refs/remotes/pull/428/merge
2025-08-10T03:13:20.0214286Z Note: switching to 'refs/remotes/pull/428/merge'.
2025-08-10T03:13:20.0215786Z 
2025-08-10T03:13:20.0216482Z You are in 'detached HEAD' state. You can look around, make experimental
2025-08-10T03:13:20.0218203Z changes and commit them, and you can discard any commits you make in this
2025-08-10T03:13:20.0220186Z state without impacting any branches by switching back to a branch.
2025-08-10T03:13:20.0221220Z 
2025-08-10T03:13:20.0221893Z If you want to create a new branch to retain commits you create, you may
2025-08-10T03:13:20.0223413Z do so (now or later) by using -c with the switch command. Example:
2025-08-10T03:13:20.0224290Z 
2025-08-10T03:13:20.0224668Z   git switch -c <new-branch-name>
2025-08-10T03:13:20.0225300Z 
2025-08-10T03:13:20.0225654Z Or undo this operation with:
2025-08-10T03:13:20.0226328Z 
2025-08-10T03:13:20.0226653Z   git switch -
2025-08-10T03:13:20.0227242Z 
2025-08-10T03:13:20.0227952Z Turn off this advice by setting config variable advice.detachedHead to false
2025-08-10T03:13:20.0229025Z 
2025-08-10T03:13:20.0230588Z HEAD is now at 3282d1a Merge 32fc89b9bc82d3d57a3116777c4dd34c54b8dd53 into 4a96cfc8b203ff846bd248fc34056015eb7f041c
2025-08-10T03:13:20.0234610Z ##[endgroup]
2025-08-10T03:13:20.0267421Z [command]/usr/bin/git log -1 --format=%H
2025-08-10T03:13:20.0291909Z 3282d1a16562a6d05e8bda2c136134173996988f
2025-08-10T03:13:20.0594889Z ##[group]Run actions/setup-python@v5
2025-08-10T03:13:20.0595719Z with:
2025-08-10T03:13:20.0596205Z   python-version: 3.13
2025-08-10T03:13:20.0596811Z   check-latest: false
2025-08-10T03:13:20.0597665Z   token: ***
2025-08-10T03:13:20.0598188Z   update-environment: true
2025-08-10T03:13:20.0598872Z   allow-prereleases: false
2025-08-10T03:13:20.0599548Z   freethreaded: false
2025-08-10T03:13:20.0600301Z ##[endgroup]
2025-08-10T03:13:20.2300388Z ##[group]Installed versions
2025-08-10T03:13:20.2394179Z Successfully set up CPython (3.13.5)
2025-08-10T03:13:20.2395871Z ##[endgroup]
2025-08-10T03:13:20.2538362Z ##[group]Run python -m pip install .
2025-08-10T03:13:20.2539322Z [36;1mpython -m pip install .[0m
2025-08-10T03:13:20.2626556Z shell: /usr/bin/bash -e {0}
2025-08-10T03:13:20.2627237Z env:
2025-08-10T03:13:20.2627926Z   pythonLocation: /opt/hostedtoolcache/Python/3.13.5/x64
2025-08-10T03:13:20.2629290Z   PKG_CONFIG_PATH: /opt/hostedtoolcache/Python/3.13.5/x64/lib/pkgconfig
2025-08-10T03:13:20.2630787Z   Python_ROOT_DIR: /opt/hostedtoolcache/Python/3.13.5/x64
2025-08-10T03:13:20.2631945Z   Python2_ROOT_DIR: /opt/hostedtoolcache/Python/3.13.5/x64
2025-08-10T03:13:20.2633123Z   Python3_ROOT_DIR: /opt/hostedtoolcache/Python/3.13.5/x64
2025-08-10T03:13:20.2634327Z   LD_LIBRARY_PATH: /opt/hostedtoolcache/Python/3.13.5/x64/lib
2025-08-10T03:13:20.2635276Z ##[endgroup]
2025-08-10T03:13:20.9019705Z Processing /home/runner/work/policyengine-us-data/policyengine-us-data
2025-08-10T03:13:20.9045163Z   Installing build dependencies: started
2025-08-10T03:13:22.0516476Z   Installing build dependencies: finished with status 'done'
2025-08-10T03:13:22.0523355Z   Getting requirements to build wheel: started
2025-08-10T03:13:22.7174884Z   Getting requirements to build wheel: finished with status 'done'
2025-08-10T03:13:22.7185701Z   Preparing metadata (pyproject.toml): started
2025-08-10T03:13:23.0026192Z   Preparing metadata (pyproject.toml): finished with status 'done'
2025-08-10T03:13:23.3585813Z Collecting policyengine-us>=1.353.0 (from policyengine_us_data==1.44.2)
2025-08-10T03:13:23.4236560Z   Downloading policyengine_us-1.367.0-py3-none-any.whl.metadata (1.7 kB)
2025-08-10T03:13:23.4593342Z Collecting policyengine-core>=3.19.0 (from policyengine_us_data==1.44.2)
2025-08-10T03:13:23.4737432Z   Downloading policyengine_core-3.19.4-py3-none-any.whl.metadata (7.4 kB)
2025-08-10T03:13:23.5857293Z Collecting pandas>=2.3.1 (from policyengine_us_data==1.44.2)
2025-08-10T03:13:23.6005096Z   Downloading pandas-2.3.1-cp313-cp313-manylinux_2_17_x86_64.manylinux2014_x86_64.whl.metadata (91 kB)
2025-08-10T03:13:23.6834268Z Collecting requests>=2.25.0 (from policyengine_us_data==1.44.2)
2025-08-10T03:13:23.6977904Z   Downloading requests-2.32.4-py3-none-any.whl.metadata (4.9 kB)
2025-08-10T03:13:23.7315185Z Collecting tqdm>=4.60.0 (from policyengine_us_data==1.44.2)
2025-08-10T03:13:23.7458503Z   Downloading tqdm-4.67.1-py3-none-any.whl.metadata (57 kB)
2025-08-10T03:13:23.7636944Z Collecting microdf_python>=1.0.0 (from policyengine_us_data==1.44.2)
2025-08-10T03:13:23.7777455Z   Downloading microdf_python-1.0.2-py3-none-any.whl.metadata (2.5 kB)
2025-08-10T03:13:23.8926339Z Collecting setuptools>=60 (from policyengine_us_data==1.44.2)
2025-08-10T03:13:23.8939516Z   Using cached setuptools-80.9.0-py3-none-any.whl.metadata (6.6 kB)
2025-08-10T03:13:23.9194655Z Collecting microimpute>=1.1.4 (from policyengine_us_data==1.44.2)
2025-08-10T03:13:23.9676473Z   Downloading microimpute-1.1.6-py3-none-any.whl.metadata (2.0 kB)
2025-08-10T03:13:23.9844643Z Collecting pip-system-certs>=3.0 (from policyengine_us_data==1.44.2)
2025-08-10T03:13:23.9986971Z   Downloading pip_system_certs-5.2-py3-none-any.whl.metadata (3.9 kB)
2025-08-10T03:13:24.0280920Z Collecting google-cloud-storage>=2.0.0 (from policyengine_us_data==1.44.2)
2025-08-10T03:13:24.0425486Z   Downloading google_cloud_storage-3.2.0-py3-none-any.whl.metadata (13 kB)
2025-08-10T03:13:24.0828864Z Collecting google-auth>=2.0.0 (from policyengine_us_data==1.44.2)
2025-08-10T03:13:24.0971255Z   Downloading google_auth-2.40.3-py2.py3-none-any.whl.metadata (6.2 kB)
2025-08-10T03:13:24.2194102Z Collecting scipy>=1.15.3 (from policyengine_us_data==1.44.2)
2025-08-10T03:13:24.2339067Z   Downloading scipy-1.16.1-cp313-cp313-manylinux2014_x86_64.manylinux_2_17_x86_64.whl.metadata (61 kB)
2025-08-10T03:13:24.2969803Z Collecting statsmodels>=0.14.5 (from policyengine_us_data==1.44.2)
2025-08-10T03:13:24.3115269Z   Downloading statsmodels-0.14.5-cp313-cp313-manylinux2014_x86_64.manylinux_2_17_x86_64.manylinux_2_28_x86_64.whl.metadata (9.5 kB)
2025-08-10T03:13:24.3320057Z Collecting openpyxl>=3.1.5 (from policyengine_us_data==1.44.2)
2025-08-10T03:13:24.3461780Z   Downloading openpyxl-3.1.5-py2.py3-none-any.whl.metadata (2.5 kB)
2025-08-10T03:13:24.3751793Z Collecting tables>=3.10.2 (from policyengine_us_data==1.44.2)
2025-08-10T03:13:24.3898081Z   Downloading tables-3.10.2-cp313-cp313-manylinux_2_17_x86_64.manylinux2014_x86_64.whl.metadata (2.0 kB)
2025-08-10T03:13:24.4366610Z Collecting torch>=2.7.1 (from policyengine_us_data==1.44.2)
2025-08-10T03:13:24.4509551Z   Downloading torch-2.8.0-cp313-cp313-manylinux_2_28_x86_64.whl.metadata (30 kB)
2025-08-10T03:13:24.4673005Z Collecting us>=2.0.0 (from policyengine_us_data==1.44.2)
2025-08-10T03:13:24.4812295Z   Downloading us-3.2.0-py3-none-any.whl.metadata (10 kB)
2025-08-10T03:13:24.7386042Z Collecting sqlalchemy>=2.0.41 (from policyengine_us_data==1.44.2)
2025-08-10T03:13:24.7530119Z   Downloading sqlalchemy-2.0.42-cp313-cp313-manylinux_2_17_x86_64.manylinux2014_x86_64.whl.metadata (9.6 kB)
2025-08-10T03:13:24.8240540Z Collecting sqlmodel>=0.0.24 (from policyengine_us_data==1.44.2)
2025-08-10T03:13:24.8381130Z   Downloading sqlmodel-0.0.24-py3-none-any.whl.metadata (10 kB)
2025-08-10T03:13:24.8582975Z Collecting cachetools<6.0,>=2.0.0 (from google-auth>=2.0.0->policyengine_us_data==1.44.2)
2025-08-10T03:13:24.8724178Z   Downloading cachetools-5.5.2-py3-none-any.whl.metadata (5.4 kB)
2025-08-10T03:13:24.8914721Z Collecting pyasn1-modules>=0.2.1 (from google-auth>=2.0.0->policyengine_us_data==1.44.2)
2025-08-10T03:13:24.9055339Z   Downloading pyasn1_modules-0.4.2-py3-none-any.whl.metadata (3.5 kB)
2025-08-10T03:13:24.9230283Z Collecting rsa<5,>=3.1.4 (from google-auth>=2.0.0->policyengine_us_data==1.44.2)
2025-08-10T03:13:24.9370524Z   Downloading rsa-4.9.1-py3-none-any.whl.metadata (5.6 kB)
2025-08-10T03:13:24.9610688Z Collecting pyasn1>=0.1.3 (from rsa<5,>=3.1.4->google-auth>=2.0.0->policyengine_us_data==1.44.2)
2025-08-10T03:13:24.9753339Z   Downloading pyasn1-0.6.1-py3-none-any.whl.metadata (8.4 kB)
2025-08-10T03:13:25.0267092Z Collecting google-api-core<3.0.0,>=2.15.0 (from google-cloud-storage>=2.0.0->policyengine_us_data==1.44.2)
2025-08-10T03:13:25.0409367Z   Downloading google_api_core-2.25.1-py3-none-any.whl.metadata (3.0 kB)
2025-08-10T03:13:25.0630633Z Collecting google-cloud-core<3.0.0,>=2.4.2 (from google-cloud-storage>=2.0.0->policyengine_us_data==1.44.2)
2025-08-10T03:13:25.0772696Z   Downloading google_cloud_core-2.4.3-py2.py3-none-any.whl.metadata (2.7 kB)
2025-08-10T03:13:25.0970856Z Collecting google-resumable-media<3.0.0,>=2.7.2 (from google-cloud-storage>=2.0.0->policyengine_us_data==1.44.2)
2025-08-10T03:13:25.1112080Z   Downloading google_resumable_media-2.7.2-py2.py3-none-any.whl.metadata (2.2 kB)
2025-08-10T03:13:25.1675728Z Collecting google-crc32c<2.0.0,>=1.1.3 (from google-cloud-storage>=2.0.0->policyengine_us_data==1.44.2)
2025-08-10T03:13:25.1818764Z   Downloading google_crc32c-1.7.1-cp313-cp313-manylinux_2_17_x86_64.manylinux2014_x86_64.whl.metadata (2.3 kB)
2025-08-10T03:13:25.2045117Z Collecting googleapis-common-protos<2.0.0,>=1.56.2 (from google-api-core<3.0.0,>=2.15.0->google-cloud-storage>=2.0.0->policyengine_us_data==1.44.2)
2025-08-10T03:13:25.2188938Z   Downloading googleapis_common_protos-1.70.0-py3-none-any.whl.metadata (9.3 kB)
2025-08-10T03:13:25.4677075Z Collecting protobuf!=3.20.0,!=3.20.1,!=4.21.0,!=4.21.1,!=4.21.2,!=4.21.3,!=4.21.4,!=4.21.5,<7.0.0,>=3.19.5 (from google-api-core<3.0.0,>=2.15.0->google-cloud-storage>=2.0.0->policyengine_us_data==1.44.2)
2025-08-10T03:13:25.4820654Z   Downloading protobuf-6.31.1-cp39-abi3-manylinux2014_x86_64.whl.metadata (593 bytes)
2025-08-10T03:13:25.5012237Z Collecting proto-plus<2.0.0,>=1.22.3 (from google-api-core<3.0.0,>=2.15.0->google-cloud-storage>=2.0.0->policyengine_us_data==1.44.2)
2025-08-10T03:13:25.5152979Z   Downloading proto_plus-1.26.1-py3-none-any.whl.metadata (2.2 kB)
2025-08-10T03:13:25.7986258Z Collecting charset_normalizer<4,>=2 (from requests>=2.25.0->policyengine_us_data==1.44.2)
2025-08-10T03:13:25.8132209Z   Downloading charset_normalizer-3.4.3-cp313-cp313-manylinux2014_x86_64.manylinux_2_17_x86_64.manylinux_2_28_x86_64.whl.metadata (36 kB)
2025-08-10T03:13:25.8317603Z Collecting idna<4,>=2.5 (from requests>=2.25.0->policyengine_us_data==1.44.2)
2025-08-10T03:13:25.8457763Z   Downloading idna-3.10-py3-none-any.whl.metadata (10 kB)
2025-08-10T03:13:25.8745075Z Collecting urllib3<3,>=1.21.1 (from requests>=2.25.0->policyengine_us_data==1.44.2)
2025-08-10T03:13:25.8896987Z   Downloading urllib3-2.5.0-py3-none-any.whl.metadata (6.5 kB)
2025-08-10T03:13:25.9133704Z Collecting certifi>=2017.4.17 (from requests>=2.25.0->policyengine_us_data==1.44.2)
2025-08-10T03:13:25.9273786Z   Downloading certifi-2025.8.3-py3-none-any.whl.metadata (2.4 kB)
2025-08-10T03:13:26.1033580Z Collecting numpy (from microdf_python>=1.0.0->policyengine_us_data==1.44.2)
2025-08-10T03:13:26.1178379Z   Downloading numpy-2.3.2-cp313-cp313-manylinux_2_27_x86_64.manylinux_2_28_x86_64.whl.metadata (62 kB)
2025-08-10T03:13:26.1787034Z Collecting plotly<6.0.0,>=5.24.0 (from microimpute>=1.1.4->policyengine_us_data==1.44.2)
2025-08-10T03:13:26.1930118Z   Downloading plotly-5.24.1-py3-none-any.whl.metadata (7.3 kB)
2025-08-10T03:13:26.2729017Z Collecting scikit-learn<2.0.0,>=1.6.1 (from microimpute>=1.1.4->policyengine_us_data==1.44.2)
2025-08-10T03:13:26.2874387Z   Downloading scikit_learn-1.7.1-cp313-cp313-manylinux2014_x86_64.manylinux_2_17_x86_64.whl.metadata (11 kB)
2025-08-10T03:13:26.3625563Z Collecting quantile-forest<1.5.0,>=1.4.0 (from microimpute>=1.1.4->policyengine_us_data==1.44.2)
2025-08-10T03:13:26.3772701Z   Downloading quantile_forest-1.4.0-cp313-cp313-manylinux_2_17_x86_64.manylinux2014_x86_64.whl.metadata (5.2 kB)
2025-08-10T03:13:26.4956796Z Collecting pydantic<3.0.0,>=2.8.0 (from microimpute>=1.1.4->policyengine_us_data==1.44.2)
2025-08-10T03:13:26.5099121Z   Downloading pydantic-2.11.7-py3-none-any.whl.metadata (67 kB)
2025-08-10T03:13:26.5322091Z Collecting optuna<5.0.0,>=4.3.0 (from microimpute>=1.1.4->policyengine_us_data==1.44.2)
2025-08-10T03:13:26.5463607Z   Downloading optuna-4.4.0-py3-none-any.whl.metadata (17 kB)
2025-08-10T03:13:26.5772088Z Collecting joblib<2.0.0,>=1.5.0 (from microimpute>=1.1.4->policyengine_us_data==1.44.2)
2025-08-10T03:13:26.5913671Z   Downloading joblib-1.5.1-py3-none-any.whl.metadata (5.6 kB)
2025-08-10T03:13:26.6556127Z Collecting psutil (from microimpute>=1.1.4->policyengine_us_data==1.44.2)
2025-08-10T03:13:26.6701313Z   Downloading psutil-7.0.0-cp36-abi3-manylinux_2_12_x86_64.manylinux2010_x86_64.manylinux_2_17_x86_64.manylinux2014_x86_64.whl.metadata (22 kB)
2025-08-10T03:13:26.7040786Z Collecting alembic>=1.5.0 (from optuna<5.0.0,>=4.3.0->microimpute>=1.1.4->policyengine_us_data==1.44.2)
2025-08-10T03:13:26.7182982Z   Downloading alembic-1.16.4-py3-none-any.whl.metadata (7.3 kB)
2025-08-10T03:13:26.7375074Z Collecting colorlog (from optuna<5.0.0,>=4.3.0->microimpute>=1.1.4->policyengine_us_data==1.44.2)
2025-08-10T03:13:26.7517433Z   Downloading colorlog-6.9.0-py3-none-any.whl.metadata (10 kB)
2025-08-10T03:13:26.7699120Z Collecting packaging>=20.0 (from optuna<5.0.0,>=4.3.0->microimpute>=1.1.4->policyengine_us_data==1.44.2)
2025-08-10T03:13:26.7710364Z   Using cached packaging-25.0-py3-none-any.whl.metadata (3.3 kB)
2025-08-10T03:13:26.8144358Z Collecting PyYAML (from optuna<5.0.0,>=4.3.0->microimpute>=1.1.4->policyengine_us_data==1.44.2)
2025-08-10T03:13:26.8286816Z   Downloading PyYAML-6.0.2-cp313-cp313-manylinux_2_17_x86_64.manylinux2014_x86_64.whl.metadata (2.1 kB)
2025-08-10T03:13:26.8501514Z Collecting python-dateutil>=2.8.2 (from pandas>=2.3.1->policyengine_us_data==1.44.2)
2025-08-10T03:13:26.8642891Z   Downloading python_dateutil-2.9.0.post0-py2.py3-none-any.whl.metadata (8.4 kB)
2025-08-10T03:13:26.9019602Z Collecting pytz>=2020.1 (from pandas>=2.3.1->policyengine_us_data==1.44.2)
2025-08-10T03:13:26.9161898Z   Downloading pytz-2025.2-py2.py3-none-any.whl.metadata (22 kB)
2025-08-10T03:13:26.9320280Z Collecting tzdata>=2022.7 (from pandas>=2.3.1->policyengine_us_data==1.44.2)
2025-08-10T03:13:26.9461160Z   Downloading tzdata-2025.2-py2.py3-none-any.whl.metadata (1.4 kB)
2025-08-10T03:13:26.9650245Z Collecting tenacity>=6.2.0 (from plotly<6.0.0,>=5.24.0->microimpute>=1.1.4->policyengine_us_data==1.44.2)
2025-08-10T03:13:26.9789767Z   Downloading tenacity-9.1.2-py3-none-any.whl.metadata (1.2 kB)
2025-08-10T03:13:26.9945035Z Collecting annotated-types>=0.6.0 (from pydantic<3.0.0,>=2.8.0->microimpute>=1.1.4->policyengine_us_data==1.44.2)
2025-08-10T03:13:27.0084532Z   Downloading annotated_types-0.7.0-py3-none-any.whl.metadata (15 kB)
2025-08-10T03:13:27.6284011Z Collecting pydantic-core==2.33.2 (from pydantic<3.0.0,>=2.8.0->microimpute>=1.1.4->policyengine_us_data==1.44.2)
2025-08-10T03:13:27.6430701Z   Downloading pydantic_core-2.33.2-cp313-cp313-manylinux_2_17_x86_64.manylinux2014_x86_64.whl.metadata (6.8 kB)
2025-08-10T03:13:27.6610205Z Collecting typing-extensions>=4.12.2 (from pydantic<3.0.0,>=2.8.0->microimpute>=1.1.4->policyengine_us_data==1.44.2)
2025-08-10T03:13:27.6753189Z   Downloading typing_extensions-4.14.1-py3-none-any.whl.metadata (3.0 kB)
2025-08-10T03:13:27.6864938Z Collecting typing-inspection>=0.4.0 (from pydantic<3.0.0,>=2.8.0->microimpute>=1.1.4->policyengine_us_data==1.44.2)
2025-08-10T03:13:27.7457010Z   Downloading typing_inspection-0.4.1-py3-none-any.whl.metadata (2.6 kB)
2025-08-10T03:13:27.7932725Z Collecting threadpoolctl>=3.1.0 (from scikit-learn<2.0.0,>=1.6.1->microimpute>=1.1.4->policyengine_us_data==1.44.2)
2025-08-10T03:13:27.8074176Z   Downloading threadpoolctl-3.6.0-py3-none-any.whl.metadata (13 kB)
2025-08-10T03:13:27.8534902Z Collecting patsy>=0.5.6 (from statsmodels>=0.14.5->policyengine_us_data==1.44.2)
2025-08-10T03:13:27.8674853Z   Downloading patsy-1.0.1-py2.py3-none-any.whl.metadata (3.3 kB)
2025-08-10T03:13:27.9017881Z Collecting Mako (from alembic>=1.5.0->optuna<5.0.0,>=4.3.0->microimpute>=1.1.4->policyengine_us_data==1.44.2)
2025-08-10T03:13:27.9161742Z   Downloading mako-1.3.10-py3-none-any.whl.metadata (2.9 kB)
2025-08-10T03:13:27.9323868Z Collecting et-xmlfile (from openpyxl>=3.1.5->policyengine_us_data==1.44.2)
2025-08-10T03:13:27.9465805Z   Downloading et_xmlfile-2.0.0-py3-none-any.whl.metadata (2.7 kB)
2025-08-10T03:13:27.9675798Z Requirement already satisfied: pip>=24.2 in /opt/hostedtoolcache/Python/3.13.5/x64/lib/python3.13/site-packages (from pip-system-certs>=3.0->policyengine_us_data==1.44.2) (25.2)
2025-08-10T03:13:28.0028926Z Collecting pytest<9,>=8 (from policyengine-core>=3.19.0->policyengine_us_data==1.44.2)
2025-08-10T03:13:28.0169688Z   Downloading pytest-8.4.1-py3-none-any.whl.metadata (7.7 kB)
2025-08-10T03:13:28.0355506Z Collecting numpy (from microdf_python>=1.0.0->policyengine_us_data==1.44.2)
2025-08-10T03:13:28.0498034Z   Downloading numpy-2.1.3-cp313-cp313-manylinux_2_17_x86_64.manylinux2014_x86_64.whl.metadata (62 kB)
2025-08-10T03:13:28.0771101Z Collecting sortedcontainers<3 (from policyengine-core>=3.19.0->policyengine_us_data==1.44.2)
2025-08-10T03:13:28.0911356Z   Downloading sortedcontainers-2.4.0-py2.py3-none-any.whl.metadata (10 kB)
2025-08-10T03:13:28.1444542Z Collecting numexpr<3 (from policyengine-core>=3.19.0->policyengine_us_data==1.44.2)
2025-08-10T03:13:28.1587860Z   Downloading numexpr-2.11.0-cp313-cp313-manylinux_2_27_x86_64.manylinux_2_28_x86_64.whl.metadata (9.0 kB)
2025-08-10T03:13:28.1772123Z Collecting dpath<3 (from policyengine-core>=3.19.0->policyengine_us_data==1.44.2)
2025-08-10T03:13:28.1933622Z   Downloading dpath-2.2.0-py3-none-any.whl.metadata (15 kB)
2025-08-10T03:13:28.2023516Z Collecting psutil (from microimpute>=1.1.4->policyengine_us_data==1.44.2)
2025-08-10T03:13:28.2166813Z   Downloading psutil-6.1.1-cp36-abi3-manylinux_2_12_x86_64.manylinux2010_x86_64.manylinux_2_17_x86_64.manylinux2014_x86_64.whl.metadata (22 kB)
2025-08-10T03:13:28.2420771Z Collecting wheel<1 (from policyengine-core>=3.19.0->policyengine_us_data==1.44.2)
2025-08-10T03:13:28.2433890Z   Using cached wheel-0.45.1-py3-none-any.whl.metadata (2.3 kB)
2025-08-10T03:13:28.2830214Z Collecting h5py<4,>=3 (from policyengine-core>=3.19.0->policyengine_us_data==1.44.2)
2025-08-10T03:13:28.2974371Z   Downloading h5py-3.14.0-cp313-cp313-manylinux_2_17_x86_64.manylinux2014_x86_64.whl.metadata (2.7 kB)
2025-08-10T03:13:28.3660805Z Collecting ipython<9,>=8 (from policyengine-core>=3.19.0->policyengine_us_data==1.44.2)
2025-08-10T03:13:28.3802954Z   Downloading ipython-8.37.0-py3-none-any.whl.metadata (5.1 kB)
2025-08-10T03:13:28.4208970Z Collecting pyvis>=0.3.2 (from policyengine-core>=3.19.0->policyengine_us_data==1.44.2)
2025-08-10T03:13:28.4349457Z   Downloading pyvis-0.3.2-py3-none-any.whl.metadata (1.7 kB)
2025-08-10T03:13:28.4737740Z Collecting huggingface_hub>=0.25.1 (from policyengine-core>=3.19.0->policyengine_us_data==1.44.2)
2025-08-10T03:13:28.4880413Z   Downloading huggingface_hub-0.34.4-py3-none-any.whl.metadata (14 kB)
2025-08-10T03:13:28.5226871Z Collecting standard-imghdr (from policyengine-core>=3.19.0->policyengine_us_data==1.44.2)
2025-08-10T03:13:28.5403391Z   Downloading standard_imghdr-3.13.0-py3-none-any.whl.metadata (862 bytes)
2025-08-10T03:13:28.5736515Z Collecting decorator (from ipython<9,>=8->policyengine-core>=3.19.0->policyengine_us_data==1.44.2)
2025-08-10T03:13:28.5878531Z   Downloading decorator-5.2.1-py3-none-any.whl.metadata (3.9 kB)
2025-08-10T03:13:28.6046472Z Collecting jedi>=0.16 (from ipython<9,>=8->policyengine-core>=3.19.0->policyengine_us_data==1.44.2)
2025-08-10T03:13:28.6191732Z   Downloading jedi-0.19.2-py2.py3-none-any.whl.metadata (22 kB)
2025-08-10T03:13:28.6381380Z Collecting matplotlib-inline (from ipython<9,>=8->policyengine-core>=3.19.0->policyengine_us_data==1.44.2)
2025-08-10T03:13:28.6524150Z   Downloading matplotlib_inline-0.1.7-py3-none-any.whl.metadata (3.9 kB)
2025-08-10T03:13:28.6652317Z Collecting pexpect>4.3 (from ipython<9,>=8->policyengine-core>=3.19.0->policyengine_us_data==1.44.2)
2025-08-10T03:13:28.6792574Z   Downloading pexpect-4.9.0-py2.py3-none-any.whl.metadata (2.5 kB)
2025-08-10T03:13:28.7148973Z Collecting prompt_toolkit<3.1.0,>=3.0.41 (from ipython<9,>=8->policyengine-core>=3.19.0->policyengine_us_data==1.44.2)
2025-08-10T03:13:28.7294007Z   Downloading prompt_toolkit-3.0.51-py3-none-any.whl.metadata (6.4 kB)
2025-08-10T03:13:28.7521231Z Collecting pygments>=2.4.0 (from ipython<9,>=8->policyengine-core>=3.19.0->policyengine_us_data==1.44.2)
2025-08-10T03:13:28.7663224Z   Downloading pygments-2.19.2-py3-none-any.whl.metadata (2.5 kB)
2025-08-10T03:13:28.7799537Z Collecting stack_data (from ipython<9,>=8->policyengine-core>=3.19.0->policyengine_us_data==1.44.2)
2025-08-10T03:13:28.7940456Z   Downloading stack_data-0.6.3-py3-none-any.whl.metadata (18 kB)
2025-08-10T03:13:28.8138040Z Collecting traitlets>=5.13.0 (from ipython<9,>=8->policyengine-core>=3.19.0->policyengine_us_data==1.44.2)
2025-08-10T03:13:28.8280472Z   Downloading traitlets-5.14.3-py3-none-any.whl.metadata (10 kB)
2025-08-10T03:13:28.8510324Z Collecting wcwidth (from prompt_toolkit<3.1.0,>=3.0.41->ipython<9,>=8->policyengine-core>=3.19.0->policyengine_us_data==1.44.2)
2025-08-10T03:13:28.8651937Z   Downloading wcwidth-0.2.13-py2.py3-none-any.whl.metadata (14 kB)
2025-08-10T03:13:28.8814812Z Collecting iniconfig>=1 (from pytest<9,>=8->policyengine-core>=3.19.0->policyengine_us_data==1.44.2)
2025-08-10T03:13:28.8957026Z   Downloading iniconfig-2.1.0-py3-none-any.whl.metadata (2.7 kB)
2025-08-10T03:13:28.9093590Z Collecting pluggy<2,>=1.5 (from pytest<9,>=8->policyengine-core>=3.19.0->policyengine_us_data==1.44.2)
2025-08-10T03:13:28.9234617Z   Downloading pluggy-1.6.0-py3-none-any.whl.metadata (4.8 kB)
2025-08-10T03:13:28.9550664Z Collecting filelock (from huggingface_hub>=0.25.1->policyengine-core>=3.19.0->policyengine_us_data==1.44.2)
2025-08-10T03:13:28.9691825Z   Downloading filelock-3.18.0-py3-none-any.whl.metadata (2.9 kB)
2025-08-10T03:13:28.9930134Z Collecting fsspec>=2023.5.0 (from huggingface_hub>=0.25.1->policyengine-core>=3.19.0->policyengine_us_data==1.44.2)
2025-08-10T03:13:29.0073132Z   Downloading fsspec-2025.7.0-py3-none-any.whl.metadata (12 kB)
2025-08-10T03:13:29.0830232Z Collecting hf-xet<2.0.0,>=1.1.3 (from huggingface_hub>=0.25.1->policyengine-core>=3.19.0->policyengine_us_data==1.44.2)
2025-08-10T03:13:29.0974303Z   Downloading hf_xet-1.1.7-cp37-abi3-manylinux_2_17_x86_64.manylinux2014_x86_64.whl.metadata (703 bytes)
2025-08-10T03:13:29.1206362Z Collecting parso<0.9.0,>=0.8.4 (from jedi>=0.16->ipython<9,>=8->policyengine-core>=3.19.0->policyengine_us_data==1.44.2)
2025-08-10T03:13:29.1354206Z   Downloading parso-0.8.4-py2.py3-none-any.whl.metadata (7.7 kB)
2025-08-10T03:13:29.1508207Z Collecting ptyprocess>=0.5 (from pexpect>4.3->ipython<9,>=8->policyengine-core>=3.19.0->policyengine_us_data==1.44.2)
2025-08-10T03:13:29.1650655Z   Downloading ptyprocess-0.7.0-py2.py3-none-any.whl.metadata (1.3 kB)
2025-08-10T03:13:29.2044857Z Collecting six>=1.5 (from python-dateutil>=2.8.2->pandas>=2.3.1->policyengine_us_data==1.44.2)
2025-08-10T03:13:29.2189368Z   Downloading six-1.17.0-py2.py3-none-any.whl.metadata (1.7 kB)
2025-08-10T03:13:29.2540591Z Collecting jinja2>=2.9.6 (from pyvis>=0.3.2->policyengine-core>=3.19.0->policyengine_us_data==1.44.2)
2025-08-10T03:13:29.2682626Z   Downloading jinja2-3.1.6-py3-none-any.whl.metadata (2.9 kB)
2025-08-10T03:13:29.2870612Z Collecting jsonpickle>=1.4.1 (from pyvis>=0.3.2->policyengine-core>=3.19.0->policyengine_us_data==1.44.2)
2025-08-10T03:13:29.3012986Z   Downloading jsonpickle-4.1.1-py3-none-any.whl.metadata (8.1 kB)
2025-08-10T03:13:29.3321669Z Collecting networkx>=1.11 (from pyvis>=0.3.2->policyengine-core>=3.19.0->policyengine_us_data==1.44.2)
2025-08-10T03:13:29.3464278Z   Downloading networkx-3.5-py3-none-any.whl.metadata (6.3 kB)
2025-08-10T03:13:29.4846614Z Collecting MarkupSafe>=2.0 (from jinja2>=2.9.6->pyvis>=0.3.2->policyengine-core>=3.19.0->policyengine_us_data==1.44.2)
2025-08-10T03:13:29.4991110Z   Downloading MarkupSafe-3.0.2-cp313-cp313-manylinux_2_17_x86_64.manylinux2014_x86_64.whl.metadata (4.0 kB)
2025-08-10T03:13:29.6386537Z Collecting greenlet>=1 (from sqlalchemy>=2.0.41->policyengine_us_data==1.44.2)
2025-08-10T03:13:29.6530698Z   Downloading greenlet-3.2.4-cp313-cp313-manylinux_2_24_x86_64.manylinux_2_28_x86_64.whl.metadata (4.1 kB)
2025-08-10T03:13:29.7114703Z Collecting py-cpuinfo (from tables>=3.10.2->policyengine_us_data==1.44.2)
2025-08-10T03:13:29.7258274Z   Downloading py_cpuinfo-9.0.0-py3-none-any.whl.metadata (794 bytes)
2025-08-10T03:13:29.8041797Z Collecting blosc2>=2.3.0 (from tables>=3.10.2->policyengine_us_data==1.44.2)
2025-08-10T03:13:29.8190833Z   Downloading blosc2-3.6.1-cp313-cp313-manylinux2014_x86_64.manylinux_2_17_x86_64.whl.metadata (7.0 kB)
2025-08-10T03:13:29.8500400Z Collecting ndindex (from blosc2>=2.3.0->tables>=3.10.2->policyengine_us_data==1.44.2)
2025-08-10T03:13:29.8646751Z   Downloading ndindex-1.10.0-cp313-cp313-manylinux_2_17_x86_64.manylinux2014_x86_64.whl.metadata (3.6 kB)
2025-08-10T03:13:29.9280222Z Collecting msgpack (from blosc2>=2.3.0->tables>=3.10.2->policyengine_us_data==1.44.2)
2025-08-10T03:13:29.9422905Z   Downloading msgpack-1.1.1-cp313-cp313-manylinux_2_17_x86_64.manylinux2014_x86_64.whl.metadata (8.4 kB)
2025-08-10T03:13:29.9624265Z Collecting platformdirs (from blosc2>=2.3.0->tables>=3.10.2->policyengine_us_data==1.44.2)
2025-08-10T03:13:29.9764760Z   Downloading platformdirs-4.3.8-py3-none-any.whl.metadata (12 kB)
2025-08-10T03:13:30.0089696Z Collecting sympy>=1.13.3 (from torch>=2.7.1->policyengine_us_data==1.44.2)
2025-08-10T03:13:30.0230134Z   Downloading sympy-1.14.0-py3-none-any.whl.metadata (12 kB)
2025-08-10T03:13:30.0382167Z Collecting nvidia-cuda-nvrtc-cu12==12.8.93 (from torch>=2.7.1->policyengine_us_data==1.44.2)
2025-08-10T03:13:30.0524204Z   Downloading nvidia_cuda_nvrtc_cu12-12.8.93-py3-none-manylinux2010_x86_64.manylinux_2_12_x86_64.whl.metadata (1.7 kB)
2025-08-10T03:13:30.0670548Z Collecting nvidia-cuda-runtime-cu12==12.8.90 (from torch>=2.7.1->policyengine_us_data==1.44.2)
2025-08-10T03:13:30.0812850Z   Downloading nvidia_cuda_runtime_cu12-12.8.90-py3-none-manylinux2014_x86_64.manylinux_2_17_x86_64.whl.metadata (1.7 kB)
2025-08-10T03:13:30.0950266Z Collecting nvidia-cuda-cupti-cu12==12.8.90 (from torch>=2.7.1->policyengine_us_data==1.44.2)
2025-08-10T03:13:30.1091359Z   Downloading nvidia_cuda_cupti_cu12-12.8.90-py3-none-manylinux2014_x86_64.manylinux_2_17_x86_64.whl.metadata (1.7 kB)
2025-08-10T03:13:30.1235766Z Collecting nvidia-cudnn-cu12==9.10.2.21 (from torch>=2.7.1->policyengine_us_data==1.44.2)
2025-08-10T03:13:30.1377257Z   Downloading nvidia_cudnn_cu12-9.10.2.21-py3-none-manylinux_2_27_x86_64.whl.metadata (1.8 kB)
2025-08-10T03:13:30.1513687Z Collecting nvidia-cublas-cu12==12.8.4.1 (from torch>=2.7.1->policyengine_us_data==1.44.2)
2025-08-10T03:13:30.1655548Z   Downloading nvidia_cublas_cu12-12.8.4.1-py3-none-manylinux_2_27_x86_64.whl.metadata (1.7 kB)
2025-08-10T03:13:30.1806763Z Collecting nvidia-cufft-cu12==11.3.3.83 (from torch>=2.7.1->policyengine_us_data==1.44.2)
2025-08-10T03:13:30.1948201Z   Downloading nvidia_cufft_cu12-11.3.3.83-py3-none-manylinux2014_x86_64.manylinux_2_17_x86_64.whl.metadata (1.7 kB)
2025-08-10T03:13:30.2082171Z Collecting nvidia-curand-cu12==10.3.9.90 (from torch>=2.7.1->policyengine_us_data==1.44.2)
2025-08-10T03:13:30.2222972Z   Downloading nvidia_curand_cu12-10.3.9.90-py3-none-manylinux_2_27_x86_64.whl.metadata (1.7 kB)
2025-08-10T03:13:30.2361715Z Collecting nvidia-cusolver-cu12==11.7.3.90 (from torch>=2.7.1->policyengine_us_data==1.44.2)
2025-08-10T03:13:30.2501776Z   Downloading nvidia_cusolver_cu12-11.7.3.90-py3-none-manylinux_2_27_x86_64.whl.metadata (1.8 kB)
2025-08-10T03:13:30.2639126Z Collecting nvidia-cusparse-cu12==12.5.8.93 (from torch>=2.7.1->policyengine_us_data==1.44.2)
2025-08-10T03:13:30.2780477Z   Downloading nvidia_cusparse_cu12-12.5.8.93-py3-none-manylinux2014_x86_64.manylinux_2_17_x86_64.whl.metadata (1.8 kB)
2025-08-10T03:13:30.2893958Z Collecting nvidia-cusparselt-cu12==0.7.1 (from torch>=2.7.1->policyengine_us_data==1.44.2)
2025-08-10T03:13:30.3053051Z   Downloading nvidia_cusparselt_cu12-0.7.1-py3-none-manylinux2014_x86_64.whl.metadata (7.0 kB)
2025-08-10T03:13:30.3181629Z Collecting nvidia-nccl-cu12==2.27.3 (from torch>=2.7.1->policyengine_us_data==1.44.2)
2025-08-10T03:13:30.3322575Z   Downloading nvidia_nccl_cu12-2.27.3-py3-none-manylinux2014_x86_64.manylinux_2_17_x86_64.whl.metadata (2.0 kB)
2025-08-10T03:13:30.3478528Z Collecting nvidia-nvtx-cu12==12.8.90 (from torch>=2.7.1->policyengine_us_data==1.44.2)
2025-08-10T03:13:30.3621916Z   Downloading nvidia_nvtx_cu12-12.8.90-py3-none-manylinux2014_x86_64.manylinux_2_17_x86_64.whl.metadata (1.8 kB)
2025-08-10T03:13:30.3752755Z Collecting nvidia-nvjitlink-cu12==12.8.93 (from torch>=2.7.1->policyengine_us_data==1.44.2)
2025-08-10T03:13:30.3895033Z   Downloading nvidia_nvjitlink_cu12-12.8.93-py3-none-manylinux2010_x86_64.manylinux_2_12_x86_64.whl.metadata (1.7 kB)
2025-08-10T03:13:30.4002296Z Collecting nvidia-cufile-cu12==1.13.1.3 (from torch>=2.7.1->policyengine_us_data==1.44.2)
2025-08-10T03:13:30.4143446Z   Downloading nvidia_cufile_cu12-1.13.1.3-py3-none-manylinux2014_x86_64.manylinux_2_17_x86_64.whl.metadata (1.7 kB)
2025-08-10T03:13:30.4296997Z Collecting triton==3.4.0 (from torch>=2.7.1->policyengine_us_data==1.44.2)
2025-08-10T03:13:30.4438617Z   Downloading triton-3.4.0-cp313-cp313-manylinux_2_27_x86_64.manylinux_2_28_x86_64.whl.metadata (1.7 kB)
2025-08-10T03:13:30.5494935Z Collecting mpmath<1.4,>=1.1.0 (from sympy>=1.13.3->torch>=2.7.1->policyengine_us_data==1.44.2)
2025-08-10T03:13:30.5635824Z   Downloading mpmath-1.3.0-py3-none-any.whl.metadata (8.6 kB)
2025-08-10T03:13:30.6379801Z Collecting jellyfish (from us>=2.0.0->policyengine_us_data==1.44.2)
2025-08-10T03:13:30.6525922Z   Downloading jellyfish-1.2.0-cp313-cp313-manylinux_2_17_x86_64.manylinux2014_x86_64.whl.metadata (2.6 kB)
2025-08-10T03:13:30.6997247Z Collecting executing>=1.2.0 (from stack_data->ipython<9,>=8->policyengine-core>=3.19.0->policyengine_us_data==1.44.2)
2025-08-10T03:13:30.7137972Z   Downloading executing-2.2.0-py2.py3-none-any.whl.metadata (8.9 kB)
2025-08-10T03:13:30.7302329Z Collecting asttokens>=2.1.0 (from stack_data->ipython<9,>=8->policyengine-core>=3.19.0->policyengine_us_data==1.44.2)
2025-08-10T03:13:30.7442510Z   Downloading asttokens-3.0.0-py3-none-any.whl.metadata (4.7 kB)
2025-08-10T03:13:30.7553571Z Collecting pure-eval (from stack_data->ipython<9,>=8->policyengine-core>=3.19.0->policyengine_us_data==1.44.2)
2025-08-10T03:13:30.7695035Z   Downloading pure_eval-0.2.3-py3-none-any.whl.metadata (6.3 kB)
2025-08-10T03:13:30.7980616Z Downloading google_auth-2.40.3-py2.py3-none-any.whl (216 kB)
2025-08-10T03:13:30.8269544Z Downloading cachetools-5.5.2-py3-none-any.whl (10 kB)
2025-08-10T03:13:30.8428531Z Downloading rsa-4.9.1-py3-none-any.whl (34 kB)
2025-08-10T03:13:30.8590597Z Downloading google_cloud_storage-3.2.0-py3-none-any.whl (176 kB)
2025-08-10T03:13:30.8771649Z Downloading google_api_core-2.25.1-py3-none-any.whl (160 kB)
2025-08-10T03:13:30.8951801Z Downloading google_cloud_core-2.4.3-py2.py3-none-any.whl (29 kB)
2025-08-10T03:13:30.9120434Z Downloading google_crc32c-1.7.1-cp313-cp313-manylinux_2_17_x86_64.manylinux2014_x86_64.whl (32 kB)
2025-08-10T03:13:30.9284511Z Downloading google_resumable_media-2.7.2-py2.py3-none-any.whl (81 kB)
2025-08-10T03:13:30.9451883Z Downloading googleapis_common_protos-1.70.0-py3-none-any.whl (294 kB)
2025-08-10T03:13:30.9662267Z Downloading proto_plus-1.26.1-py3-none-any.whl (50 kB)
2025-08-10T03:13:30.9827815Z Downloading protobuf-6.31.1-cp39-abi3-manylinux2014_x86_64.whl (321 kB)
2025-08-10T03:13:31.0020886Z Downloading requests-2.32.4-py3-none-any.whl (64 kB)
2025-08-10T03:13:31.0186756Z Downloading charset_normalizer-3.4.3-cp313-cp313-manylinux2014_x86_64.manylinux_2_17_x86_64.manylinux_2_28_x86_64.whl (151 kB)
2025-08-10T03:13:31.0354005Z Downloading idna-3.10-py3-none-any.whl (70 kB)
2025-08-10T03:13:31.0518764Z Downloading urllib3-2.5.0-py3-none-any.whl (129 kB)
2025-08-10T03:13:31.0686745Z Downloading certifi-2025.8.3-py3-none-any.whl (161 kB)
2025-08-10T03:13:31.0887662Z Downloading microdf_python-1.0.2-py3-none-any.whl (15 kB)
2025-08-10T03:13:31.1048100Z Downloading microimpute-1.1.6-py3-none-any.whl (52 kB)
2025-08-10T03:13:31.1211524Z Downloading joblib-1.5.1-py3-none-any.whl (307 kB)
2025-08-10T03:13:31.1395003Z Downloading optuna-4.4.0-py3-none-any.whl (395 kB)
2025-08-10T03:13:31.1585921Z Downloading pandas-2.3.1-cp313-cp313-manylinux_2_17_x86_64.manylinux2014_x86_64.whl (12.1 MB)
2025-08-10T03:13:31.2355428Z    ━━━━━━━━━━━━━━━━━━━━━━━━━━━━━━━━━━━━━━━━ 12.1/12.1 MB 160.1 MB/s  0:00:00
2025-08-10T03:13:31.2502011Z Downloading plotly-5.24.1-py3-none-any.whl (19.1 MB)
2025-08-10T03:13:31.3691762Z    ━━━━━━━━━━━━━━━━━━━━━━━━━━━━━━━━━━━━━━━━ 19.1/19.1 MB 161.9 MB/s  0:00:00
2025-08-10T03:13:31.3837364Z Downloading pydantic-2.11.7-py3-none-any.whl (444 kB)
2025-08-10T03:13:31.4024955Z Downloading pydantic_core-2.33.2-cp313-cp313-manylinux_2_17_x86_64.manylinux2014_x86_64.whl (2.0 MB)
2025-08-10T03:13:31.4153327Z    ━━━━━━━━━━━━━━━━━━━━━━━━━━━━━━━━━━━━━━━━ 2.0/2.0 MB 167.8 MB/s  0:00:00
2025-08-10T03:13:31.4534810Z Downloading quantile_forest-1.4.0-cp313-cp313-manylinux_2_17_x86_64.manylinux2014_x86_64.whl (1.9 MB)
2025-08-10T03:13:31.4652922Z    ━━━━━━━━━━━━━━━━━━━━━━━━━━━━━━━━━━━━━━━━ 1.9/1.9 MB 174.8 MB/s  0:00:00
2025-08-10T03:13:31.4799343Z Downloading scikit_learn-1.7.1-cp313-cp313-manylinux2014_x86_64.manylinux_2_17_x86_64.whl (9.4 MB)
2025-08-10T03:13:31.5247318Z    ━━━━━━━━━━━━━━━━━━━━━━━━━━━━━━━━━━━━━━━━ 9.4/9.4 MB 217.7 MB/s  0:00:00
2025-08-10T03:13:31.5392782Z Downloading scipy-1.16.1-cp313-cp313-manylinux2014_x86_64.manylinux_2_17_x86_64.whl (35.2 MB)
2025-08-10T03:13:31.6996643Z    ━━━━━━━━━━━━━━━━━━━━━━━━━━━━━━━━━━━━━━━━ 35.2/35.2 MB 221.3 MB/s  0:00:00
2025-08-10T03:13:31.7142123Z Downloading statsmodels-0.14.5-cp313-cp313-manylinux2014_x86_64.manylinux_2_17_x86_64.manylinux_2_28_x86_64.whl (10.5 MB)
2025-08-10T03:13:31.7612262Z    ━━━━━━━━━━━━━━━━━━━━━━━━━━━━━━━━━━━━━━━━ 10.5/10.5 MB 229.2 MB/s  0:00:00
2025-08-10T03:13:31.7755947Z Downloading tqdm-4.67.1-py3-none-any.whl (78 kB)
2025-08-10T03:13:31.7919144Z Downloading alembic-1.16.4-py3-none-any.whl (247 kB)
2025-08-10T03:13:31.8090968Z Downloading annotated_types-0.7.0-py3-none-any.whl (13 kB)
2025-08-10T03:13:31.8251428Z Downloading openpyxl-3.1.5-py2.py3-none-any.whl (250 kB)
2025-08-10T03:13:31.8293243Z Using cached packaging-25.0-py3-none-any.whl (66 kB)
2025-08-10T03:13:31.8433267Z Downloading patsy-1.0.1-py2.py3-none-any.whl (232 kB)
2025-08-10T03:13:31.8604808Z Downloading pip_system_certs-5.2-py3-none-any.whl (5.9 kB)
2025-08-10T03:13:31.8775132Z Downloading policyengine_core-3.19.4-py3-none-any.whl (220 kB)
2025-08-10T03:13:31.8944442Z Downloading dpath-2.2.0-py3-none-any.whl (17 kB)
2025-08-10T03:13:31.9108399Z Downloading h5py-3.14.0-cp313-cp313-manylinux_2_17_x86_64.manylinux2014_x86_64.whl (4.9 MB)
2025-08-10T03:13:31.9353052Z    ━━━━━━━━━━━━━━━━━━━━━━━━━━━━━━━━━━━━━━━━ 4.9/4.9 MB 214.4 MB/s  0:00:00
2025-08-10T03:13:31.9496071Z Downloading ipython-8.37.0-py3-none-any.whl (831 kB)
2025-08-10T03:13:31.9564532Z    ━━━━━━━━━━━━━━━━━━━━━━━━━━━━━━━━━━━━━━━━ 831.9/831.9 kB 128.2 MB/s  0:00:00
2025-08-10T03:13:31.9712632Z Downloading numexpr-2.11.0-cp313-cp313-manylinux_2_27_x86_64.manylinux_2_28_x86_64.whl (406 kB)
2025-08-10T03:13:31.9890832Z Downloading numpy-2.1.3-cp313-cp313-manylinux_2_17_x86_64.manylinux2014_x86_64.whl (16.0 MB)
2025-08-10T03:13:32.1596078Z    ━━━━━━━━━━━━━━━━━━━━━━━━━━━━━━━━━━━━━━━━ 16.0/16.0 MB 94.0 MB/s  0:00:00
2025-08-10T03:13:32.1742592Z Downloading prompt_toolkit-3.0.51-py3-none-any.whl (387 kB)
2025-08-10T03:13:32.1933177Z Downloading psutil-6.1.1-cp36-abi3-manylinux_2_12_x86_64.manylinux2010_x86_64.manylinux_2_17_x86_64.manylinux2014_x86_64.whl (287 kB)
2025-08-10T03:13:32.2105703Z Downloading pytest-8.4.1-py3-none-any.whl (365 kB)
2025-08-10T03:13:32.2280318Z Downloading pluggy-1.6.0-py3-none-any.whl (20 kB)
2025-08-10T03:13:32.2440291Z Downloading sortedcontainers-2.4.0-py2.py3-none-any.whl (29 kB)
2025-08-10T03:13:32.2471852Z Using cached wheel-0.45.1-py3-none-any.whl (72 kB)
2025-08-10T03:13:32.2611649Z Downloading huggingface_hub-0.34.4-py3-none-any.whl (561 kB)
2025-08-10T03:13:32.2670852Z    ━━━━━━━━━━━━━━━━━━━━━━━━━━━━━━━━━━━━━━━━ 561.5/561.5 kB 85.2 MB/s  0:00:00
2025-08-10T03:13:32.2812614Z Downloading hf_xet-1.1.7-cp37-abi3-manylinux_2_17_x86_64.manylinux2014_x86_64.whl (3.2 MB)
2025-08-10T03:13:32.3003112Z    ━━━━━━━━━━━━━━━━━━━━━━━━━━━━━━━━━━━━━━━━ 3.2/3.2 MB 176.1 MB/s  0:00:00
2025-08-10T03:13:32.3146298Z Downloading fsspec-2025.7.0-py3-none-any.whl (199 kB)
2025-08-10T03:13:32.3318554Z Downloading iniconfig-2.1.0-py3-none-any.whl (6.0 kB)
2025-08-10T03:13:32.3478329Z Downloading jedi-0.19.2-py2.py3-none-any.whl (1.6 MB)
2025-08-10T03:13:32.3587211Z    ━━━━━━━━━━━━━━━━━━━━━━━━━━━━━━━━━━━━━━━━ 1.6/1.6 MB 156.0 MB/s  0:00:00
2025-08-10T03:13:32.3728859Z Downloading parso-0.8.4-py2.py3-none-any.whl (103 kB)
2025-08-10T03:13:32.3894180Z Downloading pexpect-4.9.0-py2.py3-none-any.whl (63 kB)
2025-08-10T03:13:32.4076473Z Downloading policyengine_us-1.367.0-py3-none-any.whl (5.8 MB)
2025-08-10T03:13:32.4382306Z    ━━━━━━━━━━━━━━━━━━━━━━━━━━━━━━━━━━━━━━━━ 5.8/5.8 MB 198.4 MB/s  0:00:00
2025-08-10T03:13:32.4538363Z Downloading ptyprocess-0.7.0-py2.py3-none-any.whl (13 kB)
2025-08-10T03:13:32.4700679Z Downloading pyasn1-0.6.1-py3-none-any.whl (83 kB)
2025-08-10T03:13:32.4865283Z Downloading pyasn1_modules-0.4.2-py3-none-any.whl (181 kB)
2025-08-10T03:13:32.5033322Z Downloading pygments-2.19.2-py3-none-any.whl (1.2 MB)
2025-08-10T03:13:32.5147054Z    ━━━━━━━━━━━━━━━━━━━━━━━━━━━━━━━━━━━━━━━━ 1.2/1.2 MB 107.5 MB/s  0:00:00
2025-08-10T03:13:32.5289614Z Downloading python_dateutil-2.9.0.post0-py2.py3-none-any.whl (229 kB)
2025-08-10T03:13:32.5461446Z Downloading pytz-2025.2-py2.py3-none-any.whl (509 kB)
2025-08-10T03:13:32.5642226Z Downloading pyvis-0.3.2-py3-none-any.whl (756 kB)
2025-08-10T03:13:32.5715600Z    ━━━━━━━━━━━━━━━━━━━━━━━━━━━━━━━━━━━━━━━━ 756.0/756.0 kB 120.0 MB/s  0:00:00
2025-08-10T03:13:32.5857462Z Downloading jinja2-3.1.6-py3-none-any.whl (134 kB)
2025-08-10T03:13:32.6026341Z Downloading jsonpickle-4.1.1-py3-none-any.whl (47 kB)
2025-08-10T03:13:32.6192115Z Downloading MarkupSafe-3.0.2-cp313-cp313-manylinux_2_17_x86_64.manylinux2014_x86_64.whl (23 kB)
2025-08-10T03:13:32.6358251Z Downloading networkx-3.5-py3-none-any.whl (2.0 MB)
2025-08-10T03:13:32.6472420Z    ━━━━━━━━━━━━━━━━━━━━━━━━━━━━━━━━━━━━━━━━ 2.0/2.0 MB 198.7 MB/s  0:00:00
2025-08-10T03:13:32.6613462Z Downloading PyYAML-6.0.2-cp313-cp313-manylinux_2_17_x86_64.manylinux2014_x86_64.whl (759 kB)
2025-08-10T03:13:32.6675869Z    ━━━━━━━━━━━━━━━━━━━━━━━━━━━━━━━━━━━━━━━━ 759.5/759.5 kB 123.9 MB/s  0:00:00
2025-08-10T03:13:32.6687917Z Using cached setuptools-80.9.0-py3-none-any.whl (1.2 MB)
2025-08-10T03:13:32.6837115Z Downloading six-1.17.0-py2.py3-none-any.whl (11 kB)
2025-08-10T03:13:32.6999388Z Downloading sqlalchemy-2.0.42-cp313-cp313-manylinux_2_17_x86_64.manylinux2014_x86_64.whl (3.3 MB)
2025-08-10T03:13:32.7184161Z    ━━━━━━━━━━━━━━━━━━━━━━━━━━━━━━━━━━━━━━━━ 3.3/3.3 MB 188.5 MB/s  0:00:00
2025-08-10T03:13:32.7327450Z Downloading greenlet-3.2.4-cp313-cp313-manylinux_2_24_x86_64.manylinux_2_28_x86_64.whl (610 kB)
2025-08-10T03:13:32.7390301Z    ━━━━━━━━━━━━━━━━━━━━━━━━━━━━━━━━━━━━━━━━ 610.5/610.5 kB 88.9 MB/s  0:00:00
2025-08-10T03:13:32.7531289Z Downloading sqlmodel-0.0.24-py3-none-any.whl (28 kB)
2025-08-10T03:13:32.7708625Z Downloading tables-3.10.2-cp313-cp313-manylinux_2_17_x86_64.manylinux2014_x86_64.whl (7.5 MB)
2025-08-10T03:13:32.8578039Z    ━━━━━━━━━━━━━━━━━━━━━━━━━━━━━━━━━━━━━━━━ 7.5/7.5 MB 85.5 MB/s  0:00:00
2025-08-10T03:13:32.8721814Z Downloading blosc2-3.6.1-cp313-cp313-manylinux2014_x86_64.manylinux_2_17_x86_64.whl (4.4 MB)
2025-08-10T03:13:32.8959670Z    ━━━━━━━━━━━━━━━━━━━━━━━━━━━━━━━━━━━━━━━━ 4.4/4.4 MB 196.3 MB/s  0:00:00
2025-08-10T03:13:32.9102227Z Downloading tenacity-9.1.2-py3-none-any.whl (28 kB)
2025-08-10T03:13:32.9264410Z Downloading threadpoolctl-3.6.0-py3-none-any.whl (18 kB)
2025-08-10T03:13:32.9427315Z Downloading torch-2.8.0-cp313-cp313-manylinux_2_28_x86_64.whl (887.9 MB)
2025-08-10T03:13:40.4488418Z    ━━━━━━━━━━━━━━━━━━━━━━━━━━━━━━━━━━━━━━━━ 887.9/887.9 MB 49.6 MB/s  0:00:07
2025-08-10T03:13:40.4637344Z Downloading nvidia_cublas_cu12-12.8.4.1-py3-none-manylinux_2_27_x86_64.whl (594.3 MB)
2025-08-10T03:13:44.8816872Z    ━━━━━━━━━━━━━━━━━━━━━━━━━━━━━━━━━━━━━━━━ 594.3/594.3 MB 78.8 MB/s  0:00:04
2025-08-10T03:13:44.8964959Z Downloading nvidia_cuda_cupti_cu12-12.8.90-py3-none-manylinux2014_x86_64.manylinux_2_17_x86_64.whl (10.2 MB)
2025-08-10T03:13:44.9426808Z    ━━━━━━━━━━━━━━━━━━━━━━━━━━━━━━━━━━━━━━━━ 10.2/10.2 MB 229.5 MB/s  0:00:00
2025-08-10T03:13:44.9572100Z Downloading nvidia_cuda_nvrtc_cu12-12.8.93-py3-none-manylinux2010_x86_64.manylinux_2_12_x86_64.whl (88.0 MB)
2025-08-10T03:13:45.3152512Z    ━━━━━━━━━━━━━━━━━━━━━━━━━━━━━━━━━━━━━━━━ 88.0/88.0 MB 247.1 MB/s  0:00:00
2025-08-10T03:13:45.3298188Z Downloading nvidia_cuda_runtime_cu12-12.8.90-py3-none-manylinux2014_x86_64.manylinux_2_17_x86_64.whl (954 kB)
2025-08-10T03:13:45.3372476Z    ━━━━━━━━━━━━━━━━━━━━━━━━━━━━━━━━━━━━━━━━ 954.8/954.8 kB 137.9 MB/s  0:00:00
2025-08-10T03:13:45.3516400Z Downloading nvidia_cudnn_cu12-9.10.2.21-py3-none-manylinux_2_27_x86_64.whl (706.8 MB)
2025-08-10T03:13:50.9508597Z    ━━━━━━━━━━━━━━━━━━━━━━━━━━━━━━━━━━━━━━━━ 706.8/706.8 MB 61.9 MB/s  0:00:05
2025-08-10T03:13:50.9658686Z Downloading nvidia_cufft_cu12-11.3.3.83-py3-none-manylinux2014_x86_64.manylinux_2_17_x86_64.whl (193.1 MB)
2025-08-10T03:13:51.9038564Z    ━━━━━━━━━━━━━━━━━━━━━━━━━━━━━━━━━━━━━━━━ 193.1/193.1 MB 206.2 MB/s  0:00:00
2025-08-10T03:13:51.9188399Z Downloading nvidia_cufile_cu12-1.13.1.3-py3-none-manylinux2014_x86_64.manylinux_2_17_x86_64.whl (1.2 MB)
2025-08-10T03:13:51.9276672Z    ━━━━━━━━━━━━━━━━━━━━━━━━━━━━━━━━━━━━━━━━ 1.2/1.2 MB 156.1 MB/s  0:00:00
2025-08-10T03:13:51.9426220Z Downloading nvidia_curand_cu12-10.3.9.90-py3-none-manylinux_2_27_x86_64.whl (63.6 MB)
2025-08-10T03:13:52.3070774Z    ━━━━━━━━━━━━━━━━━━━━━━━━━━━━━━━━━━━━━━━━ 63.6/63.6 MB 175.2 MB/s  0:00:00
2025-08-10T03:13:52.3222436Z Downloading nvidia_cusolver_cu12-11.7.3.90-py3-none-manylinux_2_27_x86_64.whl (267.5 MB)
2025-08-10T03:13:54.7671350Z    ━━━━━━━━━━━━━━━━━━━━━━━━━━━━━━━━━━━━━━━━ 267.5/267.5 MB 107.9 MB/s  0:00:02
2025-08-10T03:13:54.7817841Z Downloading nvidia_cusparse_cu12-12.5.8.93-py3-none-manylinux2014_x86_64.manylinux_2_17_x86_64.whl (288.2 MB)
2025-08-10T03:13:57.2158147Z    ━━━━━━━━━━━━━━━━━━━━━━━━━━━━━━━━━━━━━━━━ 288.2/288.2 MB 121.8 MB/s  0:00:02
2025-08-10T03:13:57.2306145Z Downloading nvidia_cusparselt_cu12-0.7.1-py3-none-manylinux2014_x86_64.whl (287.2 MB)
2025-08-10T03:13:59.4767278Z    ━━━━━━━━━━━━━━━━━━━━━━━━━━━━━━━━━━━━━━━━ 287.2/287.2 MB 120.9 MB/s  0:00:02
2025-08-10T03:13:59.4916710Z Downloading nvidia_nccl_cu12-2.27.3-py3-none-manylinux2014_x86_64.manylinux_2_17_x86_64.whl (322.4 MB)
2025-08-10T03:14:02.7732392Z    ━━━━━━━━━━━━━━━━━━━━━━━━━━━━━━━━━━━━━━━━ 322.4/322.4 MB 84.6 MB/s  0:00:03
2025-08-10T03:14:02.7885086Z Downloading nvidia_nvjitlink_cu12-12.8.93-py3-none-manylinux2010_x86_64.manylinux_2_12_x86_64.whl (39.3 MB)
2025-08-10T03:14:03.0799394Z    ━━━━━━━━━━━━━━━━━━━━━━━━━━━━━━━━━━━━━━━━ 39.3/39.3 MB 135.0 MB/s  0:00:00
2025-08-10T03:14:03.0946371Z Downloading nvidia_nvtx_cu12-12.8.90-py3-none-manylinux2014_x86_64.manylinux_2_17_x86_64.whl (89 kB)
2025-08-10T03:14:03.1112489Z Downloading triton-3.4.0-cp313-cp313-manylinux_2_27_x86_64.manylinux_2_28_x86_64.whl (155.6 MB)
2025-08-10T03:14:03.8359428Z    ━━━━━━━━━━━━━━━━━━━━━━━━━━━━━━━━━━━━━━━━ 155.6/155.6 MB 215.1 MB/s  0:00:00
2025-08-10T03:14:03.8507195Z Downloading sympy-1.14.0-py3-none-any.whl (6.3 MB)
2025-08-10T03:14:03.8803249Z    ━━━━━━━━━━━━━━━━━━━━━━━━━━━━━━━━━━━━━━━━ 6.3/6.3 MB 225.8 MB/s  0:00:00
2025-08-10T03:14:03.8968774Z Downloading mpmath-1.3.0-py3-none-any.whl (536 kB)
2025-08-10T03:14:03.9027967Z    ━━━━━━━━━━━━━━━━━━━━━━━━━━━━━━━━━━━━━━━━ 536.2/536.2 kB 80.4 MB/s  0:00:00
2025-08-10T03:14:03.9173623Z Downloading traitlets-5.14.3-py3-none-any.whl (85 kB)
2025-08-10T03:14:03.9340230Z Downloading typing_extensions-4.14.1-py3-none-any.whl (43 kB)
2025-08-10T03:14:03.9504733Z Downloading typing_inspection-0.4.1-py3-none-any.whl (14 kB)
2025-08-10T03:14:03.9670228Z Downloading tzdata-2025.2-py2.py3-none-any.whl (347 kB)
2025-08-10T03:14:03.9845564Z Downloading us-3.2.0-py3-none-any.whl (13 kB)
2025-08-10T03:14:04.0008406Z Downloading colorlog-6.9.0-py3-none-any.whl (11 kB)
2025-08-10T03:14:04.0172746Z Downloading decorator-5.2.1-py3-none-any.whl (9.2 kB)
2025-08-10T03:14:04.0334744Z Downloading et_xmlfile-2.0.0-py3-none-any.whl (18 kB)
2025-08-10T03:14:04.0500543Z Downloading filelock-3.18.0-py3-none-any.whl (16 kB)
2025-08-10T03:14:04.0666671Z Downloading jellyfish-1.2.0-cp313-cp313-manylinux_2_17_x86_64.manylinux2014_x86_64.whl (355 kB)
2025-08-10T03:14:04.0848141Z Downloading mako-1.3.10-py3-none-any.whl (78 kB)
2025-08-10T03:14:04.1020218Z Downloading matplotlib_inline-0.1.7-py3-none-any.whl (9.9 kB)
2025-08-10T03:14:04.1185295Z Downloading msgpack-1.1.1-cp313-cp313-manylinux_2_17_x86_64.manylinux2014_x86_64.whl (423 kB)
2025-08-10T03:14:04.1364339Z Downloading ndindex-1.10.0-cp313-cp313-manylinux_2_17_x86_64.manylinux2014_x86_64.whl (526 kB)
2025-08-10T03:14:04.1420806Z    ━━━━━━━━━━━━━━━━━━━━━━━━━━━━━━━━━━━━━━━━ 526.9/526.9 kB 82.4 MB/s  0:00:00
2025-08-10T03:14:04.1565488Z Downloading platformdirs-4.3.8-py3-none-any.whl (18 kB)
2025-08-10T03:14:04.1728769Z Downloading py_cpuinfo-9.0.0-py3-none-any.whl (22 kB)
2025-08-10T03:14:04.1892717Z Downloading stack_data-0.6.3-py3-none-any.whl (24 kB)
2025-08-10T03:14:04.2056565Z Downloading asttokens-3.0.0-py3-none-any.whl (26 kB)
2025-08-10T03:14:04.2220619Z Downloading executing-2.2.0-py2.py3-none-any.whl (26 kB)
2025-08-10T03:14:04.2385092Z Downloading pure_eval-0.2.3-py3-none-any.whl (11 kB)
2025-08-10T03:14:04.2546185Z Downloading standard_imghdr-3.13.0-py3-none-any.whl (4.6 kB)
2025-08-10T03:14:04.2706749Z Downloading wcwidth-0.2.13-py2.py3-none-any.whl (34 kB)
2025-08-10T03:14:07.4725266Z Building wheels for collected packages: policyengine_us_data
2025-08-10T03:14:07.4735155Z   Building wheel for policyengine_us_data (pyproject.toml): started
2025-08-10T03:14:08.0076295Z   Building wheel for policyengine_us_data (pyproject.toml): finished with status 'done'
2025-08-10T03:14:08.0093477Z   Created wheel for policyengine_us_data: filename=policyengine_us_data-1.44.2-py3-none-any.whl size=1276355 sha256=feb3b69dbd6aa88a9ba8f7afb121ad98bd356f979df4a74f2a61a1eb850c09bc
2025-08-10T03:14:08.0097730Z   Stored in directory: /home/runner/.cache/pip/wheels/29/b0/3c/6796889ea510c4f0b4e3b87095cd21d0c40072dfce146ffbf5
2025-08-10T03:14:08.0119190Z Successfully built policyengine_us_data
2025-08-10T03:14:08.4393064Z Installing collected packages: wcwidth, standard-imghdr, sortedcontainers, pytz, py-cpuinfo, pure-eval, ptyprocess, nvidia-cusparselt-cu12, mpmath, wheel, urllib3, tzdata, typing-extensions, traitlets, tqdm, threadpoolctl, tenacity, sympy, six, setuptools, PyYAML, pygments, pyasn1, psutil, protobuf, prompt_toolkit, pluggy, platformdirs, pip-system-certs, pexpect, parso, packaging, nvidia-nvtx-cu12, nvidia-nvjitlink-cu12, nvidia-nccl-cu12, nvidia-curand-cu12, nvidia-cufile-cu12, nvidia-cuda-runtime-cu12, nvidia-cuda-nvrtc-cu12, nvidia-cuda-cupti-cu12, nvidia-cublas-cu12, numpy, networkx, ndindex, msgpack, MarkupSafe, jsonpickle, joblib, jellyfish, iniconfig, idna, hf-xet, greenlet, google-crc32c, fsspec, filelock, executing, et-xmlfile, dpath, decorator, colorlog, charset_normalizer, certifi, cachetools, asttokens, annotated-types, us, typing-inspection, triton, stack_data, sqlalchemy, scipy, rsa, requests, python-dateutil, pytest, pydantic-core, pyasn1-modules, proto-plus, plotly, patsy, openpyxl, nvidia-cusparse-cu12, nvidia-cufft-cu12, nvidia-cudnn-cu12, numexpr, matplotlib-inline, Mako, jinja2, jedi, h5py, googleapis-common-protos, google-resumable-media, scikit-learn, pydantic, pandas, nvidia-cusolver-cu12, ipython, huggingface_hub, google-auth, blosc2, alembic, torch, tables, statsmodels, sqlmodel, quantile-forest, pyvis, optuna, microdf_python, google-api-core, policyengine-core, microimpute, google-cloud-core, google-cloud-storage, policyengine-us, policyengine_us_data
2025-08-10T03:15:36.9554609Z 
2025-08-10T03:15:36.9677028Z Successfully installed Mako-1.3.10 MarkupSafe-3.0.2 PyYAML-6.0.2 alembic-1.16.4 annotated-types-0.7.0 asttokens-3.0.0 blosc2-3.6.1 cachetools-5.5.2 certifi-2025.8.3 charset_normalizer-3.4.3 colorlog-6.9.0 decorator-5.2.1 dpath-2.2.0 et-xmlfile-2.0.0 executing-2.2.0 filelock-3.18.0 fsspec-2025.7.0 google-api-core-2.25.1 google-auth-2.40.3 google-cloud-core-2.4.3 google-cloud-storage-3.2.0 google-crc32c-1.7.1 google-resumable-media-2.7.2 googleapis-common-protos-1.70.0 greenlet-3.2.4 h5py-3.14.0 hf-xet-1.1.7 huggingface_hub-0.34.4 idna-3.10 iniconfig-2.1.0 ipython-8.37.0 jedi-0.19.2 jellyfish-1.2.0 jinja2-3.1.6 joblib-1.5.1 jsonpickle-4.1.1 matplotlib-inline-0.1.7 microdf_python-1.0.2 microimpute-1.1.6 mpmath-1.3.0 msgpack-1.1.1 ndindex-1.10.0 networkx-3.5 numexpr-2.11.0 numpy-2.1.3 nvidia-cublas-cu12-12.8.4.1 nvidia-cuda-cupti-cu12-12.8.90 nvidia-cuda-nvrtc-cu12-12.8.93 nvidia-cuda-runtime-cu12-12.8.90 nvidia-cudnn-cu12-9.10.2.21 nvidia-cufft-cu12-11.3.3.83 nvidia-cufile-cu12-1.13.1.3 nvidia-curand-cu12-10.3.9.90 nvidia-cusolver-cu12-11.7.3.90 nvidia-cusparse-cu12-12.5.8.93 nvidia-cusparselt-cu12-0.7.1 nvidia-nccl-cu12-2.27.3 nvidia-nvjitlink-cu12-12.8.93 nvidia-nvtx-cu12-12.8.90 openpyxl-3.1.5 optuna-4.4.0 packaging-25.0 pandas-2.3.1 parso-0.8.4 patsy-1.0.1 pexpect-4.9.0 pip-system-certs-5.2 platformdirs-4.3.8 plotly-5.24.1 pluggy-1.6.0 policyengine-core-3.19.4 policyengine-us-1.367.0 policyengine_us_data-1.44.2 prompt_toolkit-3.0.51 proto-plus-1.26.1 protobuf-6.31.1 psutil-6.1.1 ptyprocess-0.7.0 pure-eval-0.2.3 py-cpuinfo-9.0.0 pyasn1-0.6.1 pyasn1-modules-0.4.2 pydantic-2.11.7 pydantic-core-2.33.2 pygments-2.19.2 pytest-8.4.1 python-dateutil-2.9.0.post0 pytz-2025.2 pyvis-0.3.2 quantile-forest-1.4.0 requests-2.32.4 rsa-4.9.1 scikit-learn-1.7.1 scipy-1.16.1 setuptools-80.9.0 six-1.17.0 sortedcontainers-2.4.0 sqlalchemy-2.0.42 sqlmodel-0.0.24 stack_data-0.6.3 standard-imghdr-3.13.0 statsmodels-0.14.5 sympy-1.14.0 tables-3.10.2 tenacity-9.1.2 threadpoolctl-3.6.0 torch-2.8.0 tqdm-4.67.1 traitlets-5.14.3 triton-3.4.0 typing-extensions-4.14.1 typing-inspection-0.4.1 tzdata-2025.2 urllib3-2.5.0 us-3.2.0 wcwidth-0.2.13 wheel-0.45.1
2025-08-10T03:15:38.2607393Z ##[group]Run python -c "import policyengine_us_data; print('Minimal import OK')"
2025-08-10T03:15:38.2607958Z [36;1mpython -c "import policyengine_us_data; print('Minimal import OK')"[0m
2025-08-10T03:15:38.2692785Z shell: /usr/bin/bash -e {0}
2025-08-10T03:15:38.2693038Z env:
2025-08-10T03:15:38.2693287Z   pythonLocation: /opt/hostedtoolcache/Python/3.13.5/x64
2025-08-10T03:15:38.2693708Z   PKG_CONFIG_PATH: /opt/hostedtoolcache/Python/3.13.5/x64/lib/pkgconfig
2025-08-10T03:15:38.2694120Z   Python_ROOT_DIR: /opt/hostedtoolcache/Python/3.13.5/x64
2025-08-10T03:15:38.2694495Z   Python2_ROOT_DIR: /opt/hostedtoolcache/Python/3.13.5/x64
2025-08-10T03:15:38.2694867Z   Python3_ROOT_DIR: /opt/hostedtoolcache/Python/3.13.5/x64
2025-08-10T03:15:38.2695220Z   LD_LIBRARY_PATH: /opt/hostedtoolcache/Python/3.13.5/x64/lib
2025-08-10T03:15:38.2695518Z ##[endgroup]
2025-08-10T03:15:43.1223217Z TEST_LITE == False
2025-08-10T03:15:43.1223681Z Minimal import OK
2025-08-10T03:15:43.9001484Z ##[group]Run python -c "from policyengine_core.data import Dataset; print('Core import OK')"
2025-08-10T03:15:43.9002093Z [36;1mpython -c "from policyengine_core.data import Dataset; print('Core import OK')"[0m
2025-08-10T03:15:43.9043401Z shell: /usr/bin/bash -e {0}
2025-08-10T03:15:43.9043623Z env:
2025-08-10T03:15:43.9043858Z   pythonLocation: /opt/hostedtoolcache/Python/3.13.5/x64
2025-08-10T03:15:43.9044259Z   PKG_CONFIG_PATH: /opt/hostedtoolcache/Python/3.13.5/x64/lib/pkgconfig
2025-08-10T03:15:43.9044638Z   Python_ROOT_DIR: /opt/hostedtoolcache/Python/3.13.5/x64
2025-08-10T03:15:43.9044973Z   Python2_ROOT_DIR: /opt/hostedtoolcache/Python/3.13.5/x64
2025-08-10T03:15:43.9045301Z   Python3_ROOT_DIR: /opt/hostedtoolcache/Python/3.13.5/x64
2025-08-10T03:15:43.9045626Z   LD_LIBRARY_PATH: /opt/hostedtoolcache/Python/3.13.5/x64/lib
2025-08-10T03:15:43.9045910Z ##[endgroup]
2025-08-10T03:15:44.9063371Z Core import OK
2025-08-10T03:15:45.1343836Z Post job cleanup.
2025-08-10T03:15:45.3106866Z Post job cleanup.
2025-08-10T03:15:45.4105927Z [command]/usr/bin/git version
2025-08-10T03:15:45.4145676Z git version 2.50.1
2025-08-10T03:15:45.4199638Z Temporarily overriding HOME='/home/runner/work/_temp/aabad197-1695-4b26-9d87-357a10bd2686' before making global git config changes
2025-08-10T03:15:45.4201247Z Adding repository directory to the temporary git global config as a safe directory
2025-08-10T03:15:45.4206483Z [command]/usr/bin/git config --global --add safe.directory /home/runner/work/policyengine-us-data/policyengine-us-data
2025-08-10T03:15:45.4246894Z [command]/usr/bin/git config --local --name-only --get-regexp core\.sshCommand
2025-08-10T03:15:45.4282067Z [command]/usr/bin/git submodule foreach --recursive sh -c "git config --local --name-only --get-regexp 'core\.sshCommand' && git config --local --unset-all 'core.sshCommand' || :"
2025-08-10T03:15:45.4559407Z [command]/usr/bin/git config --local --name-only --get-regexp http\.https\:\/\/github\.com\/\.extraheader
2025-08-10T03:15:45.4587214Z http.https://github.com/.extraheader
2025-08-10T03:15:45.4603763Z [command]/usr/bin/git config --local --unset-all http.https://github.com/.extraheader
2025-08-10T03:15:45.4643171Z [command]/usr/bin/git submodule foreach --recursive sh -c "git config --local --name-only --get-regexp 'http\.https\:\/\/github\.com\/\.extraheader' && git config --local --unset-all 'http.https://github.com/.extraheader' || :"
2025-08-10T03:15:45.5014800Z Cleaning up orphan processes
