2025-08-10T11:15:55.8226416Z Current runner version: '2.327.1'
2025-08-10T11:15:55.8253710Z ##[group]Runner Image Provisioner
2025-08-10T11:15:55.8254770Z Hosted Compute Agent
2025-08-10T11:15:55.8255414Z Version: 20250711.363
2025-08-10T11:15:55.8256144Z Commit: 6785254374ce925a23743850c1cb91912ce5c14c
2025-08-10T11:15:55.8256873Z Build Date: 2025-07-11T20:04:25Z
2025-08-10T11:15:55.8257688Z ##[endgroup]
2025-08-10T11:15:55.8258301Z ##[group]Operating System
2025-08-10T11:15:55.8258988Z Ubuntu
2025-08-10T11:15:55.8259503Z 24.04.2
2025-08-10T11:15:55.8260065Z LTS
2025-08-10T11:15:55.8260569Z ##[endgroup]
2025-08-10T11:15:55.8261164Z ##[group]Runner Image
2025-08-10T11:15:55.8261988Z Image: ubuntu-24.04
2025-08-10T11:15:55.8262596Z Version: 20250804.2.0
2025-08-10T11:15:55.8263730Z Included Software: https://github.com/actions/runner-images/blob/ubuntu24/20250804.2/images/ubuntu/Ubuntu2404-Readme.md
2025-08-10T11:15:55.8265409Z Image Release: https://github.com/actions/runner-images/releases/tag/ubuntu24%2F20250804.2
2025-08-10T11:15:55.8266496Z ##[endgroup]
2025-08-10T11:15:55.8269469Z ##[group]GITHUB_TOKEN Permissions
2025-08-10T11:15:55.8271945Z Actions: write
2025-08-10T11:15:55.8272598Z Attestations: write
2025-08-10T11:15:55.8273274Z Checks: write
2025-08-10T11:15:55.8273798Z Contents: write
2025-08-10T11:15:55.8274350Z Deployments: write
2025-08-10T11:15:55.8274971Z Discussions: write
2025-08-10T11:15:55.8275566Z Issues: write
2025-08-10T11:15:55.8276079Z Metadata: read
2025-08-10T11:15:55.8276737Z Models: read
2025-08-10T11:15:55.8277262Z Packages: write
2025-08-10T11:15:55.8278301Z Pages: write
2025-08-10T11:15:55.8278891Z PullRequests: write
2025-08-10T11:15:55.8279546Z RepositoryProjects: write
2025-08-10T11:15:55.8280187Z SecurityEvents: write
2025-08-10T11:15:55.8280904Z Statuses: write
2025-08-10T11:15:55.8281493Z ##[endgroup]
2025-08-10T11:15:55.8283771Z Secret source: Actions
2025-08-10T11:15:55.8284643Z Prepare workflow directory
2025-08-10T11:15:55.8640728Z Prepare all required actions
2025-08-10T11:15:55.8681330Z Getting action download info
2025-08-10T11:15:56.2085876Z ##[group]Download immutable action package 'actions/checkout@v4'
2025-08-10T11:15:56.2086947Z Version: 4.2.2
2025-08-10T11:15:56.2088254Z Digest: sha256:ccb2698953eaebd21c7bf6268a94f9c26518a7e38e27e0b83c1fe1ad049819b1
2025-08-10T11:15:56.2089636Z Source commit SHA: 11bd71901bbe5b1630ceea73d27597364c9af683
2025-08-10T11:15:56.2090384Z ##[endgroup]
2025-08-10T11:15:56.3117981Z ##[group]Download immutable action package 'actions/setup-python@v5'
2025-08-10T11:15:56.3118820Z Version: 5.6.0
2025-08-10T11:15:56.3119750Z Digest: sha256:0b35a0c11c97499e4e0576589036d450b9f5f9da74b7774225b3614b57324404
2025-08-10T11:15:56.3120703Z Source commit SHA: a26af69be951a213d495a4c3e4e4022e16d87065
2025-08-10T11:15:56.3121511Z ##[endgroup]
2025-08-10T11:15:56.6518114Z Complete job name: Smoke test (ubuntu-latest, Python 3.13)
2025-08-10T11:15:56.7144592Z ##[group]Run actions/checkout@v4
2025-08-10T11:15:56.7145440Z with:
2025-08-10T11:15:56.7145909Z   repository: PolicyEngine/policyengine-us-data
2025-08-10T11:15:56.7146665Z   token: ***
2025-08-10T11:15:56.7147060Z   ssh-strict: true
2025-08-10T11:15:56.7147719Z   ssh-user: git
2025-08-10T11:15:56.7148146Z   persist-credentials: true
2025-08-10T11:15:56.7148600Z   clean: true
2025-08-10T11:15:56.7149009Z   sparse-checkout-cone-mode: true
2025-08-10T11:15:56.7149498Z   fetch-depth: 1
2025-08-10T11:15:56.7149885Z   fetch-tags: false
2025-08-10T11:15:56.7150298Z   show-progress: true
2025-08-10T11:15:56.7150710Z   lfs: false
2025-08-10T11:15:56.7151085Z   submodules: false
2025-08-10T11:15:56.7151494Z   set-safe-directory: true
2025-08-10T11:15:56.7152263Z ##[endgroup]
2025-08-10T11:15:56.8375907Z Syncing repository: PolicyEngine/policyengine-us-data
2025-08-10T11:15:56.8378304Z ##[group]Getting Git version info
2025-08-10T11:15:56.8379370Z Working directory is '/home/runner/work/policyengine-us-data/policyengine-us-data'
2025-08-10T11:15:56.8380576Z [command]/usr/bin/git version
2025-08-10T11:15:56.8484452Z git version 2.50.1
2025-08-10T11:15:56.8513661Z ##[endgroup]
2025-08-10T11:15:56.8531504Z Temporarily overriding HOME='/home/runner/work/_temp/ccf524be-e939-4b19-8433-e05908497940' before making global git config changes
2025-08-10T11:15:56.8534068Z Adding repository directory to the temporary git global config as a safe directory
2025-08-10T11:15:56.8538916Z [command]/usr/bin/git config --global --add safe.directory /home/runner/work/policyengine-us-data/policyengine-us-data
2025-08-10T11:15:56.8582981Z Deleting the contents of '/home/runner/work/policyengine-us-data/policyengine-us-data'
2025-08-10T11:15:56.8587080Z ##[group]Initializing the repository
2025-08-10T11:15:56.8592800Z [command]/usr/bin/git init /home/runner/work/policyengine-us-data/policyengine-us-data
2025-08-10T11:15:56.8679185Z hint: Using 'master' as the name for the initial branch. This default branch name
2025-08-10T11:15:56.8680946Z hint: is subject to change. To configure the initial branch name to use in all
2025-08-10T11:15:56.8682482Z hint: of your new repositories, which will suppress this warning, call:
2025-08-10T11:15:56.8683604Z hint:
2025-08-10T11:15:56.8684344Z hint: 	git config --global init.defaultBranch <name>
2025-08-10T11:15:56.8685264Z hint:
2025-08-10T11:15:56.8686001Z hint: Names commonly chosen instead of 'master' are 'main', 'trunk' and
2025-08-10T11:15:56.8686922Z hint: 'development'. The just-created branch can be renamed via this command:
2025-08-10T11:15:56.8687966Z hint:
2025-08-10T11:15:56.8688377Z hint: 	git branch -m <name>
2025-08-10T11:15:56.8688823Z hint:
2025-08-10T11:15:56.8689438Z hint: Disable this message with "git config set advice.defaultBranchName false"
2025-08-10T11:15:56.8690613Z Initialized empty Git repository in /home/runner/work/policyengine-us-data/policyengine-us-data/.git/
2025-08-10T11:15:56.8703703Z [command]/usr/bin/git remote add origin https://github.com/PolicyEngine/policyengine-us-data
2025-08-10T11:15:56.8750006Z ##[endgroup]
2025-08-10T11:15:56.8750891Z ##[group]Disabling automatic garbage collection
2025-08-10T11:15:56.8756365Z [command]/usr/bin/git config --local gc.auto 0
2025-08-10T11:15:56.8805477Z ##[endgroup]
2025-08-10T11:15:56.8806307Z ##[group]Setting up auth
2025-08-10T11:15:56.8807015Z [command]/usr/bin/git config --local --name-only --get-regexp core\.sshCommand
2025-08-10T11:15:56.8846125Z [command]/usr/bin/git submodule foreach --recursive sh -c "git config --local --name-only --get-regexp 'core\.sshCommand' && git config --local --unset-all 'core.sshCommand' || :"
2025-08-10T11:15:56.9188981Z [command]/usr/bin/git config --local --name-only --get-regexp http\.https\:\/\/github\.com\/\.extraheader
2025-08-10T11:15:56.9224240Z [command]/usr/bin/git submodule foreach --recursive sh -c "git config --local --name-only --get-regexp 'http\.https\:\/\/github\.com\/\.extraheader' && git config --local --unset-all 'http.https://github.com/.extraheader' || :"
2025-08-10T11:15:56.9459773Z [command]/usr/bin/git config --local http.https://github.com/.extraheader AUTHORIZATION: basic ***
2025-08-10T11:15:56.9498559Z ##[endgroup]
2025-08-10T11:15:56.9499453Z ##[group]Fetching the repository
2025-08-10T11:15:56.9507210Z [command]/usr/bin/git -c protocol.version=2 fetch --no-tags --prune --no-recurse-submodules --depth=1 origin +65419968b7b1719df4143963f8efe5e7b5cd0ce0:refs/remotes/pull/428/merge
2025-08-10T11:15:57.4362654Z From https://github.com/PolicyEngine/policyengine-us-data
2025-08-10T11:15:57.4365825Z  * [new ref]         65419968b7b1719df4143963f8efe5e7b5cd0ce0 -> pull/428/merge
2025-08-10T11:15:57.4391752Z ##[endgroup]
2025-08-10T11:15:57.4393420Z ##[group]Determining the checkout info
2025-08-10T11:15:57.4395187Z ##[endgroup]
2025-08-10T11:15:57.4397918Z [command]/usr/bin/git sparse-checkout disable
2025-08-10T11:15:57.4440940Z [command]/usr/bin/git config --local --unset-all extensions.worktreeConfig
2025-08-10T11:15:57.4473493Z ##[group]Checking out the ref
2025-08-10T11:15:57.4476375Z [command]/usr/bin/git checkout --progress --force refs/remotes/pull/428/merge
2025-08-10T11:15:57.5033042Z Note: switching to 'refs/remotes/pull/428/merge'.
2025-08-10T11:15:57.5034655Z 
2025-08-10T11:15:57.5035642Z You are in 'detached HEAD' state. You can look around, make experimental
2025-08-10T11:15:57.5038510Z changes and commit them, and you can discard any commits you make in this
2025-08-10T11:15:57.5040704Z state without impacting any branches by switching back to a branch.
2025-08-10T11:15:57.5041703Z 
2025-08-10T11:15:57.5042344Z If you want to create a new branch to retain commits you create, you may
2025-08-10T11:15:57.5044332Z do so (now or later) by using -c with the switch command. Example:
2025-08-10T11:15:57.5045292Z 
2025-08-10T11:15:57.5045649Z   git switch -c <new-branch-name>
2025-08-10T11:15:57.5046245Z 
2025-08-10T11:15:57.5046578Z Or undo this operation with:
2025-08-10T11:15:57.5047147Z 
2025-08-10T11:15:57.5047444Z   git switch -
2025-08-10T11:15:57.5048207Z 
2025-08-10T11:15:57.5049127Z Turn off this advice by setting config variable advice.detachedHead to false
2025-08-10T11:15:57.5050290Z 
2025-08-10T11:15:57.5051668Z HEAD is now at 6541996 Merge ff1923649f20eda4ff072f61b648a8d407132e50 into 4a96cfc8b203ff846bd248fc34056015eb7f041c
2025-08-10T11:15:57.5056130Z ##[endgroup]
2025-08-10T11:15:57.5085915Z [command]/usr/bin/git log -1 --format=%H
2025-08-10T11:15:57.5109339Z 65419968b7b1719df4143963f8efe5e7b5cd0ce0
2025-08-10T11:15:57.5438777Z ##[group]Run actions/setup-python@v5
2025-08-10T11:15:57.5440065Z with:
2025-08-10T11:15:57.5440924Z   python-version: 3.13
2025-08-10T11:15:57.5441893Z   check-latest: false
2025-08-10T11:15:57.5443120Z   token: ***
2025-08-10T11:15:57.5443995Z   update-environment: true
2025-08-10T11:15:57.5445042Z   allow-prereleases: false
2025-08-10T11:15:57.5446087Z   freethreaded: false
2025-08-10T11:15:57.5447003Z ##[endgroup]
2025-08-10T11:15:57.7170280Z ##[group]Installed versions
2025-08-10T11:15:57.7268171Z Successfully set up CPython (3.13.5)
2025-08-10T11:15:57.7270257Z ##[endgroup]
2025-08-10T11:15:57.7426224Z ##[group]Run python -m pip install .
2025-08-10T11:15:57.7427671Z [36;1mpython -m pip install .[0m
2025-08-10T11:15:57.7523568Z shell: /usr/bin/bash -e {0}
2025-08-10T11:15:57.7524616Z env:
2025-08-10T11:15:57.7525598Z   pythonLocation: /opt/hostedtoolcache/Python/3.13.5/x64
2025-08-10T11:15:57.7527322Z   PKG_CONFIG_PATH: /opt/hostedtoolcache/Python/3.13.5/x64/lib/pkgconfig
2025-08-10T11:15:57.7529263Z   Python_ROOT_DIR: /opt/hostedtoolcache/Python/3.13.5/x64
2025-08-10T11:15:57.7530773Z   Python2_ROOT_DIR: /opt/hostedtoolcache/Python/3.13.5/x64
2025-08-10T11:15:57.7532288Z   Python3_ROOT_DIR: /opt/hostedtoolcache/Python/3.13.5/x64
2025-08-10T11:15:57.7533822Z   LD_LIBRARY_PATH: /opt/hostedtoolcache/Python/3.13.5/x64/lib
2025-08-10T11:15:57.7535107Z ##[endgroup]
2025-08-10T11:16:00.7908426Z Processing /home/runner/work/policyengine-us-data/policyengine-us-data
2025-08-10T11:16:00.7936430Z   Installing build dependencies: started
2025-08-10T11:16:01.7706403Z   Installing build dependencies: finished with status 'done'
2025-08-10T11:16:01.7712730Z   Getting requirements to build wheel: started
2025-08-10T11:16:02.4521610Z   Getting requirements to build wheel: finished with status 'done'
2025-08-10T11:16:02.4531366Z   Preparing metadata (pyproject.toml): started
2025-08-10T11:16:02.7453858Z   Preparing metadata (pyproject.toml): finished with status 'done'
2025-08-10T11:16:03.1910108Z Collecting policyengine-us>=1.353.0 (from policyengine_us_data==1.44.2)
2025-08-10T11:16:03.2257276Z   Downloading policyengine_us-1.367.0-py3-none-any.whl.metadata (1.7 kB)
2025-08-10T11:16:03.2810443Z Collecting policyengine-core>=3.19.0 (from policyengine_us_data==1.44.2)
2025-08-10T11:16:03.2858393Z   Downloading policyengine_core-3.19.4-py3-none-any.whl.metadata (7.4 kB)
2025-08-10T11:16:03.4036112Z Collecting pandas>=2.3.1 (from policyengine_us_data==1.44.2)
2025-08-10T11:16:03.4078013Z   Downloading pandas-2.3.1-cp313-cp313-manylinux_2_17_x86_64.manylinux2014_x86_64.whl.metadata (91 kB)
2025-08-10T11:16:03.4812456Z Collecting requests>=2.25.0 (from policyengine_us_data==1.44.2)
2025-08-10T11:16:03.4848521Z   Downloading requests-2.32.4-py3-none-any.whl.metadata (4.9 kB)
2025-08-10T11:16:03.5215353Z Collecting tqdm>=4.60.0 (from policyengine_us_data==1.44.2)
2025-08-10T11:16:03.5251113Z   Downloading tqdm-4.67.1-py3-none-any.whl.metadata (57 kB)
2025-08-10T11:16:03.5678714Z Collecting microdf_python>=1.0.0 (from policyengine_us_data==1.44.2)
2025-08-10T11:16:03.5724583Z   Downloading microdf_python-1.0.2-py3-none-any.whl.metadata (2.5 kB)
2025-08-10T11:16:03.6906533Z Collecting setuptools>=60 (from policyengine_us_data==1.44.2)
2025-08-10T11:16:03.6920390Z   Using cached setuptools-80.9.0-py3-none-any.whl.metadata (6.6 kB)
2025-08-10T11:16:03.7324227Z Collecting microimpute>=1.1.4 (from policyengine_us_data==1.44.2)
2025-08-10T11:16:03.7366706Z   Downloading microimpute-1.1.6-py3-none-any.whl.metadata (2.0 kB)
2025-08-10T11:16:03.7550502Z Collecting pip-system-certs>=3.0 (from policyengine_us_data==1.44.2)
2025-08-10T11:16:03.7604519Z   Downloading pip_system_certs-5.2-py3-none-any.whl.metadata (3.9 kB)
2025-08-10T11:16:03.7907012Z Collecting google-cloud-storage>=2.0.0 (from policyengine_us_data==1.44.2)
2025-08-10T11:16:03.7945354Z   Downloading google_cloud_storage-3.2.0-py3-none-any.whl.metadata (13 kB)
2025-08-10T11:16:03.8369438Z Collecting google-auth>=2.0.0 (from policyengine_us_data==1.44.2)
2025-08-10T11:16:03.8408473Z   Downloading google_auth-2.40.3-py2.py3-none-any.whl.metadata (6.2 kB)
2025-08-10T11:16:03.9699545Z Collecting scipy>=1.15.3 (from policyengine_us_data==1.44.2)
2025-08-10T11:16:03.9743057Z   Downloading scipy-1.16.1-cp313-cp313-manylinux2014_x86_64.manylinux_2_17_x86_64.whl.metadata (61 kB)
2025-08-10T11:16:04.0374526Z Collecting statsmodels>=0.14.5 (from policyengine_us_data==1.44.2)
2025-08-10T11:16:04.0426949Z   Downloading statsmodels-0.14.5-cp313-cp313-manylinux2014_x86_64.manylinux_2_17_x86_64.manylinux_2_28_x86_64.whl.metadata (9.5 kB)
2025-08-10T11:16:04.0708795Z Collecting openpyxl>=3.1.5 (from policyengine_us_data==1.44.2)
2025-08-10T11:16:04.0750956Z   Downloading openpyxl-3.1.5-py2.py3-none-any.whl.metadata (2.5 kB)
2025-08-10T11:16:04.1054446Z Collecting tables>=3.10.2 (from policyengine_us_data==1.44.2)
2025-08-10T11:16:04.1102938Z   Downloading tables-3.10.2-cp313-cp313-manylinux_2_17_x86_64.manylinux2014_x86_64.whl.metadata (2.0 kB)
2025-08-10T11:16:04.1621267Z Collecting torch>=2.7.1 (from policyengine_us_data==1.44.2)
2025-08-10T11:16:04.1678701Z   Downloading torch-2.8.0-cp313-cp313-manylinux_2_28_x86_64.whl.metadata (30 kB)
2025-08-10T11:16:04.1881623Z Collecting us>=2.0.0 (from policyengine_us_data==1.44.2)
2025-08-10T11:16:04.1919831Z   Downloading us-3.2.0-py3-none-any.whl.metadata (10 kB)
2025-08-10T11:16:04.4598598Z Collecting sqlalchemy>=2.0.41 (from policyengine_us_data==1.44.2)
2025-08-10T11:16:04.4654582Z   Downloading sqlalchemy-2.0.42-cp313-cp313-manylinux_2_17_x86_64.manylinux2014_x86_64.whl.metadata (9.6 kB)
2025-08-10T11:16:04.4936502Z Collecting sqlmodel>=0.0.24 (from policyengine_us_data==1.44.2)
2025-08-10T11:16:04.4990304Z   Downloading sqlmodel-0.0.24-py3-none-any.whl.metadata (10 kB)
2025-08-10T11:16:04.5212396Z Collecting cachetools<6.0,>=2.0.0 (from google-auth>=2.0.0->policyengine_us_data==1.44.2)
2025-08-10T11:16:04.5249900Z   Downloading cachetools-5.5.2-py3-none-any.whl.metadata (5.4 kB)
2025-08-10T11:16:04.5457196Z Collecting pyasn1-modules>=0.2.1 (from google-auth>=2.0.0->policyengine_us_data==1.44.2)
2025-08-10T11:16:04.5497313Z   Downloading pyasn1_modules-0.4.2-py3-none-any.whl.metadata (3.5 kB)
2025-08-10T11:16:04.5684150Z Collecting rsa<5,>=3.1.4 (from google-auth>=2.0.0->policyengine_us_data==1.44.2)
2025-08-10T11:16:04.5722704Z   Downloading rsa-4.9.1-py3-none-any.whl.metadata (5.6 kB)
2025-08-10T11:16:04.5982182Z Collecting pyasn1>=0.1.3 (from rsa<5,>=3.1.4->google-auth>=2.0.0->policyengine_us_data==1.44.2)
2025-08-10T11:16:04.6021857Z   Downloading pyasn1-0.6.1-py3-none-any.whl.metadata (8.4 kB)
2025-08-10T11:16:04.6588979Z Collecting google-api-core<3.0.0,>=2.15.0 (from google-cloud-storage>=2.0.0->policyengine_us_data==1.44.2)
2025-08-10T11:16:04.6632195Z   Downloading google_api_core-2.25.1-py3-none-any.whl.metadata (3.0 kB)
2025-08-10T11:16:04.6861815Z Collecting google-cloud-core<3.0.0,>=2.4.2 (from google-cloud-storage>=2.0.0->policyengine_us_data==1.44.2)
2025-08-10T11:16:04.6899918Z   Downloading google_cloud_core-2.4.3-py2.py3-none-any.whl.metadata (2.7 kB)
2025-08-10T11:16:04.7114103Z Collecting google-resumable-media<3.0.0,>=2.7.2 (from google-cloud-storage>=2.0.0->policyengine_us_data==1.44.2)
2025-08-10T11:16:04.7153138Z   Downloading google_resumable_media-2.7.2-py2.py3-none-any.whl.metadata (2.2 kB)
2025-08-10T11:16:04.7740818Z Collecting google-crc32c<2.0.0,>=1.1.3 (from google-cloud-storage>=2.0.0->policyengine_us_data==1.44.2)
2025-08-10T11:16:04.7781620Z   Downloading google_crc32c-1.7.1-cp313-cp313-manylinux_2_17_x86_64.manylinux2014_x86_64.whl.metadata (2.3 kB)
2025-08-10T11:16:04.8008497Z Collecting googleapis-common-protos<2.0.0,>=1.56.2 (from google-api-core<3.0.0,>=2.15.0->google-cloud-storage>=2.0.0->policyengine_us_data==1.44.2)
2025-08-10T11:16:04.8045495Z   Downloading googleapis_common_protos-1.70.0-py3-none-any.whl.metadata (9.3 kB)
2025-08-10T11:16:05.0524823Z Collecting protobuf!=3.20.0,!=3.20.1,!=4.21.0,!=4.21.1,!=4.21.2,!=4.21.3,!=4.21.4,!=4.21.5,<7.0.0,>=3.19.5 (from google-api-core<3.0.0,>=2.15.0->google-cloud-storage>=2.0.0->policyengine_us_data==1.44.2)
2025-08-10T11:16:05.0562595Z   Downloading protobuf-6.31.1-cp39-abi3-manylinux2014_x86_64.whl.metadata (593 bytes)
2025-08-10T11:16:05.0811452Z Collecting proto-plus<2.0.0,>=1.22.3 (from google-api-core<3.0.0,>=2.15.0->google-cloud-storage>=2.0.0->policyengine_us_data==1.44.2)
2025-08-10T11:16:05.0849089Z   Downloading proto_plus-1.26.1-py3-none-any.whl.metadata (2.2 kB)
2025-08-10T11:16:05.3815097Z Collecting charset_normalizer<4,>=2 (from requests>=2.25.0->policyengine_us_data==1.44.2)
2025-08-10T11:16:05.3862527Z   Downloading charset_normalizer-3.4.3-cp313-cp313-manylinux2014_x86_64.manylinux_2_17_x86_64.manylinux_2_28_x86_64.whl.metadata (36 kB)
2025-08-10T11:16:05.4054236Z Collecting idna<4,>=2.5 (from requests>=2.25.0->policyengine_us_data==1.44.2)
2025-08-10T11:16:05.4092598Z   Downloading idna-3.10-py3-none-any.whl.metadata (10 kB)
2025-08-10T11:16:05.4399066Z Collecting urllib3<3,>=1.21.1 (from requests>=2.25.0->policyengine_us_data==1.44.2)
2025-08-10T11:16:05.4436367Z   Downloading urllib3-2.5.0-py3-none-any.whl.metadata (6.5 kB)
2025-08-10T11:16:05.4694923Z Collecting certifi>=2017.4.17 (from requests>=2.25.0->policyengine_us_data==1.44.2)
2025-08-10T11:16:05.4731146Z   Downloading certifi-2025.8.3-py3-none-any.whl.metadata (2.4 kB)
2025-08-10T11:16:05.6494589Z Collecting numpy (from microdf_python>=1.0.0->policyengine_us_data==1.44.2)
2025-08-10T11:16:05.6533950Z   Downloading numpy-2.3.2-cp313-cp313-manylinux_2_27_x86_64.manylinux_2_28_x86_64.whl.metadata (62 kB)
2025-08-10T11:16:05.7136248Z Collecting plotly<6.0.0,>=5.24.0 (from microimpute>=1.1.4->policyengine_us_data==1.44.2)
2025-08-10T11:16:05.7186012Z   Downloading plotly-5.24.1-py3-none-any.whl.metadata (7.3 kB)
2025-08-10T11:16:05.8013082Z Collecting scikit-learn<2.0.0,>=1.6.1 (from microimpute>=1.1.4->policyengine_us_data==1.44.2)
2025-08-10T11:16:05.8058498Z   Downloading scikit_learn-1.7.1-cp313-cp313-manylinux2014_x86_64.manylinux_2_17_x86_64.whl.metadata (11 kB)
2025-08-10T11:16:05.9045789Z Collecting quantile-forest<1.5.0,>=1.4.0 (from microimpute>=1.1.4->policyengine_us_data==1.44.2)
2025-08-10T11:16:05.9092155Z   Downloading quantile_forest-1.4.0-cp313-cp313-manylinux_2_17_x86_64.manylinux2014_x86_64.whl.metadata (5.2 kB)
2025-08-10T11:16:06.0266187Z Collecting pydantic<3.0.0,>=2.8.0 (from microimpute>=1.1.4->policyengine_us_data==1.44.2)
2025-08-10T11:16:06.0305568Z   Downloading pydantic-2.11.7-py3-none-any.whl.metadata (67 kB)
2025-08-10T11:16:06.0544072Z Collecting optuna<5.0.0,>=4.3.0 (from microimpute>=1.1.4->policyengine_us_data==1.44.2)
2025-08-10T11:16:06.0580491Z   Downloading optuna-4.4.0-py3-none-any.whl.metadata (17 kB)
2025-08-10T11:16:06.0942410Z Collecting joblib<2.0.0,>=1.5.0 (from microimpute>=1.1.4->policyengine_us_data==1.44.2)
2025-08-10T11:16:06.0983978Z   Downloading joblib-1.5.1-py3-none-any.whl.metadata (5.6 kB)
2025-08-10T11:16:06.1656088Z Collecting psutil (from microimpute>=1.1.4->policyengine_us_data==1.44.2)
2025-08-10T11:16:06.1700484Z   Downloading psutil-7.0.0-cp36-abi3-manylinux_2_12_x86_64.manylinux2010_x86_64.manylinux_2_17_x86_64.manylinux2014_x86_64.whl.metadata (22 kB)
2025-08-10T11:16:06.2066014Z Collecting alembic>=1.5.0 (from optuna<5.0.0,>=4.3.0->microimpute>=1.1.4->policyengine_us_data==1.44.2)
2025-08-10T11:16:06.2105359Z   Downloading alembic-1.16.4-py3-none-any.whl.metadata (7.3 kB)
2025-08-10T11:16:06.2354871Z Collecting colorlog (from optuna<5.0.0,>=4.3.0->microimpute>=1.1.4->policyengine_us_data==1.44.2)
2025-08-10T11:16:06.2392929Z   Downloading colorlog-6.9.0-py3-none-any.whl.metadata (10 kB)
2025-08-10T11:16:06.2582247Z Collecting packaging>=20.0 (from optuna<5.0.0,>=4.3.0->microimpute>=1.1.4->policyengine_us_data==1.44.2)
2025-08-10T11:16:06.2594514Z   Using cached packaging-25.0-py3-none-any.whl.metadata (3.3 kB)
2025-08-10T11:16:06.3061173Z Collecting PyYAML (from optuna<5.0.0,>=4.3.0->microimpute>=1.1.4->policyengine_us_data==1.44.2)
2025-08-10T11:16:06.3102120Z   Downloading PyYAML-6.0.2-cp313-cp313-manylinux_2_17_x86_64.manylinux2014_x86_64.whl.metadata (2.1 kB)
2025-08-10T11:16:06.3346642Z Collecting python-dateutil>=2.8.2 (from pandas>=2.3.1->policyengine_us_data==1.44.2)
2025-08-10T11:16:06.3382350Z   Downloading python_dateutil-2.9.0.post0-py2.py3-none-any.whl.metadata (8.4 kB)
2025-08-10T11:16:06.3772866Z Collecting pytz>=2020.1 (from pandas>=2.3.1->policyengine_us_data==1.44.2)
2025-08-10T11:16:06.3811492Z   Downloading pytz-2025.2-py2.py3-none-any.whl.metadata (22 kB)
2025-08-10T11:16:06.3987874Z Collecting tzdata>=2022.7 (from pandas>=2.3.1->policyengine_us_data==1.44.2)
2025-08-10T11:16:06.4026211Z   Downloading tzdata-2025.2-py2.py3-none-any.whl.metadata (1.4 kB)
2025-08-10T11:16:06.4230156Z Collecting tenacity>=6.2.0 (from plotly<6.0.0,>=5.24.0->microimpute>=1.1.4->policyengine_us_data==1.44.2)
2025-08-10T11:16:06.4266706Z   Downloading tenacity-9.1.2-py3-none-any.whl.metadata (1.2 kB)
2025-08-10T11:16:06.4415371Z Collecting annotated-types>=0.6.0 (from pydantic<3.0.0,>=2.8.0->microimpute>=1.1.4->policyengine_us_data==1.44.2)
2025-08-10T11:16:06.4452802Z   Downloading annotated_types-0.7.0-py3-none-any.whl.metadata (15 kB)
2025-08-10T11:16:07.0668952Z Collecting pydantic-core==2.33.2 (from pydantic<3.0.0,>=2.8.0->microimpute>=1.1.4->policyengine_us_data==1.44.2)
2025-08-10T11:16:07.0712303Z   Downloading pydantic_core-2.33.2-cp313-cp313-manylinux_2_17_x86_64.manylinux2014_x86_64.whl.metadata (6.8 kB)
2025-08-10T11:16:07.0902490Z Collecting typing-extensions>=4.12.2 (from pydantic<3.0.0,>=2.8.0->microimpute>=1.1.4->policyengine_us_data==1.44.2)
2025-08-10T11:16:07.0938813Z   Downloading typing_extensions-4.14.1-py3-none-any.whl.metadata (3.0 kB)
2025-08-10T11:16:07.1060588Z Collecting typing-inspection>=0.4.0 (from pydantic<3.0.0,>=2.8.0->microimpute>=1.1.4->policyengine_us_data==1.44.2)
2025-08-10T11:16:07.1096956Z   Downloading typing_inspection-0.4.1-py3-none-any.whl.metadata (2.6 kB)
2025-08-10T11:16:07.1597057Z Collecting threadpoolctl>=3.1.0 (from scikit-learn<2.0.0,>=1.6.1->microimpute>=1.1.4->policyengine_us_data==1.44.2)
2025-08-10T11:16:07.1636004Z   Downloading threadpoolctl-3.6.0-py3-none-any.whl.metadata (13 kB)
2025-08-10T11:16:07.2082211Z Collecting patsy>=0.5.6 (from statsmodels>=0.14.5->policyengine_us_data==1.44.2)
2025-08-10T11:16:07.2124977Z   Downloading patsy-1.0.1-py2.py3-none-any.whl.metadata (3.3 kB)
2025-08-10T11:16:07.2510859Z Collecting Mako (from alembic>=1.5.0->optuna<5.0.0,>=4.3.0->microimpute>=1.1.4->policyengine_us_data==1.44.2)
2025-08-10T11:16:07.2546869Z   Downloading mako-1.3.10-py3-none-any.whl.metadata (2.9 kB)
2025-08-10T11:16:07.2730913Z Collecting et-xmlfile (from openpyxl>=3.1.5->policyengine_us_data==1.44.2)
2025-08-10T11:16:07.2770700Z   Downloading et_xmlfile-2.0.0-py3-none-any.whl.metadata (2.7 kB)
2025-08-10T11:16:07.2954634Z Requirement already satisfied: pip>=24.2 in /opt/hostedtoolcache/Python/3.13.5/x64/lib/python3.13/site-packages (from pip-system-certs>=3.0->policyengine_us_data==1.44.2) (25.2)
2025-08-10T11:16:07.3298380Z Collecting pytest<9,>=8 (from policyengine-core>=3.19.0->policyengine_us_data==1.44.2)
2025-08-10T11:16:07.3338545Z   Downloading pytest-8.4.1-py3-none-any.whl.metadata (7.7 kB)
2025-08-10T11:16:07.3515186Z Collecting numpy (from microdf_python>=1.0.0->policyengine_us_data==1.44.2)
2025-08-10T11:16:07.3569408Z   Downloading numpy-2.1.3-cp313-cp313-manylinux_2_17_x86_64.manylinux2014_x86_64.whl.metadata (62 kB)
2025-08-10T11:16:07.3841861Z Collecting sortedcontainers<3 (from policyengine-core>=3.19.0->policyengine_us_data==1.44.2)
2025-08-10T11:16:07.3881782Z   Downloading sortedcontainers-2.4.0-py2.py3-none-any.whl.metadata (10 kB)
2025-08-10T11:16:07.4415142Z Collecting numexpr<3 (from policyengine-core>=3.19.0->policyengine_us_data==1.44.2)
2025-08-10T11:16:07.4459479Z   Downloading numexpr-2.11.0-cp313-cp313-manylinux_2_27_x86_64.manylinux_2_28_x86_64.whl.metadata (9.0 kB)
2025-08-10T11:16:07.4645659Z Collecting dpath<3 (from policyengine-core>=3.19.0->policyengine_us_data==1.44.2)
2025-08-10T11:16:07.4683732Z   Downloading dpath-2.2.0-py3-none-any.whl.metadata (15 kB)
2025-08-10T11:16:07.4764343Z Collecting psutil (from microimpute>=1.1.4->policyengine_us_data==1.44.2)
2025-08-10T11:16:07.4803761Z   Downloading psutil-6.1.1-cp36-abi3-manylinux_2_12_x86_64.manylinux2010_x86_64.manylinux_2_17_x86_64.manylinux2014_x86_64.whl.metadata (22 kB)
2025-08-10T11:16:07.5076865Z Collecting wheel<1 (from policyengine-core>=3.19.0->policyengine_us_data==1.44.2)
2025-08-10T11:16:07.5090494Z   Using cached wheel-0.45.1-py3-none-any.whl.metadata (2.3 kB)
2025-08-10T11:16:07.5495469Z Collecting h5py<4,>=3 (from policyengine-core>=3.19.0->policyengine_us_data==1.44.2)
2025-08-10T11:16:07.5544753Z   Downloading h5py-3.14.0-cp313-cp313-manylinux_2_17_x86_64.manylinux2014_x86_64.whl.metadata (2.7 kB)
2025-08-10T11:16:07.6240331Z Collecting ipython<9,>=8 (from policyengine-core>=3.19.0->policyengine_us_data==1.44.2)
2025-08-10T11:16:07.6299516Z   Downloading ipython-8.37.0-py3-none-any.whl.metadata (5.1 kB)
2025-08-10T11:16:07.6517370Z Collecting pyvis>=0.3.2 (from policyengine-core>=3.19.0->policyengine_us_data==1.44.2)
2025-08-10T11:16:07.6566317Z   Downloading pyvis-0.3.2-py3-none-any.whl.metadata (1.7 kB)
2025-08-10T11:16:07.6982137Z Collecting huggingface_hub>=0.25.1 (from policyengine-core>=3.19.0->policyengine_us_data==1.44.2)
2025-08-10T11:16:07.7020450Z   Downloading huggingface_hub-0.34.4-py3-none-any.whl.metadata (14 kB)
2025-08-10T11:16:07.7350233Z Collecting standard-imghdr (from policyengine-core>=3.19.0->policyengine_us_data==1.44.2)
2025-08-10T11:16:07.7398775Z   Downloading standard_imghdr-3.13.0-py3-none-any.whl.metadata (862 bytes)
2025-08-10T11:16:07.7731779Z Collecting decorator (from ipython<9,>=8->policyengine-core>=3.19.0->policyengine_us_data==1.44.2)
2025-08-10T11:16:07.7766052Z   Downloading decorator-5.2.1-py3-none-any.whl.metadata (3.9 kB)
2025-08-10T11:16:07.7924571Z Collecting jedi>=0.16 (from ipython<9,>=8->policyengine-core>=3.19.0->policyengine_us_data==1.44.2)
2025-08-10T11:16:07.7964494Z   Downloading jedi-0.19.2-py2.py3-none-any.whl.metadata (22 kB)
2025-08-10T11:16:07.8155790Z Collecting matplotlib-inline (from ipython<9,>=8->policyengine-core>=3.19.0->policyengine_us_data==1.44.2)
2025-08-10T11:16:07.8192661Z   Downloading matplotlib_inline-0.1.7-py3-none-any.whl.metadata (3.9 kB)
2025-08-10T11:16:07.8338117Z Collecting pexpect>4.3 (from ipython<9,>=8->policyengine-core>=3.19.0->policyengine_us_data==1.44.2)
2025-08-10T11:16:07.8374073Z   Downloading pexpect-4.9.0-py2.py3-none-any.whl.metadata (2.5 kB)
2025-08-10T11:16:07.8780082Z Collecting prompt_toolkit<3.1.0,>=3.0.41 (from ipython<9,>=8->policyengine-core>=3.19.0->policyengine_us_data==1.44.2)
2025-08-10T11:16:07.8819384Z   Downloading prompt_toolkit-3.0.51-py3-none-any.whl.metadata (6.4 kB)
2025-08-10T11:16:07.9046669Z Collecting pygments>=2.4.0 (from ipython<9,>=8->policyengine-core>=3.19.0->policyengine_us_data==1.44.2)
2025-08-10T11:16:07.9084557Z   Downloading pygments-2.19.2-py3-none-any.whl.metadata (2.5 kB)
2025-08-10T11:16:07.9230874Z Collecting stack_data (from ipython<9,>=8->policyengine-core>=3.19.0->policyengine_us_data==1.44.2)
2025-08-10T11:16:07.9267130Z   Downloading stack_data-0.6.3-py3-none-any.whl.metadata (18 kB)
2025-08-10T11:16:07.9469312Z Collecting traitlets>=5.13.0 (from ipython<9,>=8->policyengine-core>=3.19.0->policyengine_us_data==1.44.2)
2025-08-10T11:16:07.9504898Z   Downloading traitlets-5.14.3-py3-none-any.whl.metadata (10 kB)
2025-08-10T11:16:07.9732904Z Collecting wcwidth (from prompt_toolkit<3.1.0,>=3.0.41->ipython<9,>=8->policyengine-core>=3.19.0->policyengine_us_data==1.44.2)
2025-08-10T11:16:07.9772211Z   Downloading wcwidth-0.2.13-py2.py3-none-any.whl.metadata (14 kB)
2025-08-10T11:16:07.9945552Z Collecting iniconfig>=1 (from pytest<9,>=8->policyengine-core>=3.19.0->policyengine_us_data==1.44.2)
2025-08-10T11:16:07.9982562Z   Downloading iniconfig-2.1.0-py3-none-any.whl.metadata (2.7 kB)
2025-08-10T11:16:08.0139945Z Collecting pluggy<2,>=1.5 (from pytest<9,>=8->policyengine-core>=3.19.0->policyengine_us_data==1.44.2)
2025-08-10T11:16:08.0177430Z   Downloading pluggy-1.6.0-py3-none-any.whl.metadata (4.8 kB)
2025-08-10T11:16:08.0509379Z Collecting filelock (from huggingface_hub>=0.25.1->policyengine-core>=3.19.0->policyengine_us_data==1.44.2)
2025-08-10T11:16:08.0548336Z   Downloading filelock-3.18.0-py3-none-any.whl.metadata (2.9 kB)
2025-08-10T11:16:08.0829587Z Collecting fsspec>=2023.5.0 (from huggingface_hub>=0.25.1->policyengine-core>=3.19.0->policyengine_us_data==1.44.2)
2025-08-10T11:16:08.0869971Z   Downloading fsspec-2025.7.0-py3-none-any.whl.metadata (12 kB)
2025-08-10T11:16:08.1697207Z Collecting hf-xet<2.0.0,>=1.1.3 (from huggingface_hub>=0.25.1->policyengine-core>=3.19.0->policyengine_us_data==1.44.2)
2025-08-10T11:16:08.1737107Z   Downloading hf_xet-1.1.7-cp37-abi3-manylinux_2_17_x86_64.manylinux2014_x86_64.whl.metadata (703 bytes)
2025-08-10T11:16:08.1991765Z Collecting parso<0.9.0,>=0.8.4 (from jedi>=0.16->ipython<9,>=8->policyengine-core>=3.19.0->policyengine_us_data==1.44.2)
2025-08-10T11:16:08.2028191Z   Downloading parso-0.8.4-py2.py3-none-any.whl.metadata (7.7 kB)
2025-08-10T11:16:08.2198554Z Collecting ptyprocess>=0.5 (from pexpect>4.3->ipython<9,>=8->policyengine-core>=3.19.0->policyengine_us_data==1.44.2)
2025-08-10T11:16:08.2235255Z   Downloading ptyprocess-0.7.0-py2.py3-none-any.whl.metadata (1.3 kB)
2025-08-10T11:16:08.2613707Z Collecting six>=1.5 (from python-dateutil>=2.8.2->pandas>=2.3.1->policyengine_us_data==1.44.2)
2025-08-10T11:16:08.2651426Z   Downloading six-1.17.0-py2.py3-none-any.whl.metadata (1.7 kB)
2025-08-10T11:16:08.3017109Z Collecting jinja2>=2.9.6 (from pyvis>=0.3.2->policyengine-core>=3.19.0->policyengine_us_data==1.44.2)
2025-08-10T11:16:08.3055329Z   Downloading jinja2-3.1.6-py3-none-any.whl.metadata (2.9 kB)
2025-08-10T11:16:08.3260533Z Collecting jsonpickle>=1.4.1 (from pyvis>=0.3.2->policyengine-core>=3.19.0->policyengine_us_data==1.44.2)
2025-08-10T11:16:08.3300839Z   Downloading jsonpickle-4.1.1-py3-none-any.whl.metadata (8.1 kB)
2025-08-10T11:16:08.3602926Z Collecting networkx>=1.11 (from pyvis>=0.3.2->policyengine-core>=3.19.0->policyengine_us_data==1.44.2)
2025-08-10T11:16:08.3641066Z   Downloading networkx-3.5-py3-none-any.whl.metadata (6.3 kB)
2025-08-10T11:16:08.5144626Z Collecting MarkupSafe>=2.0 (from jinja2>=2.9.6->pyvis>=0.3.2->policyengine-core>=3.19.0->policyengine_us_data==1.44.2)
2025-08-10T11:16:08.5186777Z   Downloading MarkupSafe-3.0.2-cp313-cp313-manylinux_2_17_x86_64.manylinux2014_x86_64.whl.metadata (4.0 kB)
2025-08-10T11:16:08.6594035Z Collecting greenlet>=1 (from sqlalchemy>=2.0.41->policyengine_us_data==1.44.2)
2025-08-10T11:16:08.6637125Z   Downloading greenlet-3.2.4-cp313-cp313-manylinux_2_24_x86_64.manylinux_2_28_x86_64.whl.metadata (4.1 kB)
2025-08-10T11:16:08.7311869Z Collecting py-cpuinfo (from tables>=3.10.2->policyengine_us_data==1.44.2)
2025-08-10T11:16:08.7363577Z   Downloading py_cpuinfo-9.0.0-py3-none-any.whl.metadata (794 bytes)
2025-08-10T11:16:08.8172443Z Collecting blosc2>=2.3.0 (from tables>=3.10.2->policyengine_us_data==1.44.2)
2025-08-10T11:16:08.8225163Z   Downloading blosc2-3.6.1-cp313-cp313-manylinux2014_x86_64.manylinux_2_17_x86_64.whl.metadata (7.0 kB)
2025-08-10T11:16:08.8538029Z Collecting ndindex (from blosc2>=2.3.0->tables>=3.10.2->policyengine_us_data==1.44.2)
2025-08-10T11:16:08.8582017Z   Downloading ndindex-1.10.0-cp313-cp313-manylinux_2_17_x86_64.manylinux2014_x86_64.whl.metadata (3.6 kB)
2025-08-10T11:16:08.9237727Z Collecting msgpack (from blosc2>=2.3.0->tables>=3.10.2->policyengine_us_data==1.44.2)
2025-08-10T11:16:08.9277906Z   Downloading msgpack-1.1.1-cp313-cp313-manylinux_2_17_x86_64.manylinux2014_x86_64.whl.metadata (8.4 kB)
2025-08-10T11:16:08.9498202Z Collecting platformdirs (from blosc2>=2.3.0->tables>=3.10.2->policyengine_us_data==1.44.2)
2025-08-10T11:16:08.9534578Z   Downloading platformdirs-4.3.8-py3-none-any.whl.metadata (12 kB)
2025-08-10T11:16:08.9887044Z Collecting sympy>=1.13.3 (from torch>=2.7.1->policyengine_us_data==1.44.2)
2025-08-10T11:16:08.9924476Z   Downloading sympy-1.14.0-py3-none-any.whl.metadata (12 kB)
2025-08-10T11:16:09.0101145Z Collecting nvidia-cuda-nvrtc-cu12==12.8.93 (from torch>=2.7.1->policyengine_us_data==1.44.2)
2025-08-10T11:16:09.0141037Z   Downloading nvidia_cuda_nvrtc_cu12-12.8.93-py3-none-manylinux2010_x86_64.manylinux_2_12_x86_64.whl.metadata (1.7 kB)
2025-08-10T11:16:09.0302868Z Collecting nvidia-cuda-runtime-cu12==12.8.90 (from torch>=2.7.1->policyengine_us_data==1.44.2)
2025-08-10T11:16:09.0339138Z   Downloading nvidia_cuda_runtime_cu12-12.8.90-py3-none-manylinux2014_x86_64.manylinux_2_17_x86_64.whl.metadata (1.7 kB)
2025-08-10T11:16:09.0489281Z Collecting nvidia-cuda-cupti-cu12==12.8.90 (from torch>=2.7.1->policyengine_us_data==1.44.2)
2025-08-10T11:16:09.0526848Z   Downloading nvidia_cuda_cupti_cu12-12.8.90-py3-none-manylinux2014_x86_64.manylinux_2_17_x86_64.whl.metadata (1.7 kB)
2025-08-10T11:16:09.0700962Z Collecting nvidia-cudnn-cu12==9.10.2.21 (from torch>=2.7.1->policyengine_us_data==1.44.2)
2025-08-10T11:16:09.0737686Z   Downloading nvidia_cudnn_cu12-9.10.2.21-py3-none-manylinux_2_27_x86_64.whl.metadata (1.8 kB)
2025-08-10T11:16:09.1078290Z Collecting nvidia-cublas-cu12==12.8.4.1 (from torch>=2.7.1->policyengine_us_data==1.44.2)
2025-08-10T11:16:09.1116877Z   Downloading nvidia_cublas_cu12-12.8.4.1-py3-none-manylinux_2_27_x86_64.whl.metadata (1.7 kB)
2025-08-10T11:16:09.1277289Z Collecting nvidia-cufft-cu12==11.3.3.83 (from torch>=2.7.1->policyengine_us_data==1.44.2)
2025-08-10T11:16:09.1313959Z   Downloading nvidia_cufft_cu12-11.3.3.83-py3-none-manylinux2014_x86_64.manylinux_2_17_x86_64.whl.metadata (1.7 kB)
2025-08-10T11:16:09.1469630Z Collecting nvidia-curand-cu12==10.3.9.90 (from torch>=2.7.1->policyengine_us_data==1.44.2)
2025-08-10T11:16:09.1505413Z   Downloading nvidia_curand_cu12-10.3.9.90-py3-none-manylinux_2_27_x86_64.whl.metadata (1.7 kB)
2025-08-10T11:16:09.1679263Z Collecting nvidia-cusolver-cu12==11.7.3.90 (from torch>=2.7.1->policyengine_us_data==1.44.2)
2025-08-10T11:16:09.1737115Z   Downloading nvidia_cusolver_cu12-11.7.3.90-py3-none-manylinux_2_27_x86_64.whl.metadata (1.8 kB)
2025-08-10T11:16:09.1895084Z Collecting nvidia-cusparse-cu12==12.5.8.93 (from torch>=2.7.1->policyengine_us_data==1.44.2)
2025-08-10T11:16:09.1933662Z   Downloading nvidia_cusparse_cu12-12.5.8.93-py3-none-manylinux2014_x86_64.manylinux_2_17_x86_64.whl.metadata (1.8 kB)
2025-08-10T11:16:09.2060092Z Collecting nvidia-cusparselt-cu12==0.7.1 (from torch>=2.7.1->policyengine_us_data==1.44.2)
2025-08-10T11:16:09.2095493Z   Downloading nvidia_cusparselt_cu12-0.7.1-py3-none-manylinux2014_x86_64.whl.metadata (7.0 kB)
2025-08-10T11:16:09.2231712Z Collecting nvidia-nccl-cu12==2.27.3 (from torch>=2.7.1->policyengine_us_data==1.44.2)
2025-08-10T11:16:09.2269950Z   Downloading nvidia_nccl_cu12-2.27.3-py3-none-manylinux2014_x86_64.manylinux_2_17_x86_64.whl.metadata (2.0 kB)
2025-08-10T11:16:09.2432739Z Collecting nvidia-nvtx-cu12==12.8.90 (from torch>=2.7.1->policyengine_us_data==1.44.2)
2025-08-10T11:16:09.2470542Z   Downloading nvidia_nvtx_cu12-12.8.90-py3-none-manylinux2014_x86_64.manylinux_2_17_x86_64.whl.metadata (1.8 kB)
2025-08-10T11:16:09.2640146Z Collecting nvidia-nvjitlink-cu12==12.8.93 (from torch>=2.7.1->policyengine_us_data==1.44.2)
2025-08-10T11:16:09.2676865Z   Downloading nvidia_nvjitlink_cu12-12.8.93-py3-none-manylinux2010_x86_64.manylinux_2_12_x86_64.whl.metadata (1.7 kB)
2025-08-10T11:16:09.2801987Z Collecting nvidia-cufile-cu12==1.13.1.3 (from torch>=2.7.1->policyengine_us_data==1.44.2)
2025-08-10T11:16:09.2863019Z   Downloading nvidia_cufile_cu12-1.13.1.3-py3-none-manylinux2014_x86_64.manylinux_2_17_x86_64.whl.metadata (1.7 kB)
2025-08-10T11:16:09.3049723Z Collecting triton==3.4.0 (from torch>=2.7.1->policyengine_us_data==1.44.2)
2025-08-10T11:16:09.3092951Z   Downloading triton-3.4.0-cp313-cp313-manylinux_2_27_x86_64.manylinux_2_28_x86_64.whl.metadata (1.7 kB)
2025-08-10T11:16:09.4147763Z Collecting mpmath<1.4,>=1.1.0 (from sympy>=1.13.3->torch>=2.7.1->policyengine_us_data==1.44.2)
2025-08-10T11:16:09.4185454Z   Downloading mpmath-1.3.0-py3-none-any.whl.metadata (8.6 kB)
2025-08-10T11:16:09.5006841Z Collecting jellyfish (from us>=2.0.0->policyengine_us_data==1.44.2)
2025-08-10T11:16:09.5074124Z   Downloading jellyfish-1.2.0-cp313-cp313-manylinux_2_17_x86_64.manylinux2014_x86_64.whl.metadata (2.6 kB)
2025-08-10T11:16:09.5553775Z Collecting executing>=1.2.0 (from stack_data->ipython<9,>=8->policyengine-core>=3.19.0->policyengine_us_data==1.44.2)
2025-08-10T11:16:09.5591724Z   Downloading executing-2.2.0-py2.py3-none-any.whl.metadata (8.9 kB)
2025-08-10T11:16:09.5765268Z Collecting asttokens>=2.1.0 (from stack_data->ipython<9,>=8->policyengine-core>=3.19.0->policyengine_us_data==1.44.2)
2025-08-10T11:16:09.5801456Z   Downloading asttokens-3.0.0-py3-none-any.whl.metadata (4.7 kB)
2025-08-10T11:16:09.5931808Z Collecting pure-eval (from stack_data->ipython<9,>=8->policyengine-core>=3.19.0->policyengine_us_data==1.44.2)
2025-08-10T11:16:09.5968007Z   Downloading pure_eval-0.2.3-py3-none-any.whl.metadata (6.3 kB)
2025-08-10T11:16:09.6155813Z Downloading google_auth-2.40.3-py2.py3-none-any.whl (216 kB)
2025-08-10T11:16:09.6261661Z Downloading cachetools-5.5.2-py3-none-any.whl (10 kB)
2025-08-10T11:16:09.6321353Z Downloading rsa-4.9.1-py3-none-any.whl (34 kB)
2025-08-10T11:16:09.6381010Z Downloading google_cloud_storage-3.2.0-py3-none-any.whl (176 kB)
2025-08-10T11:16:09.6475688Z Downloading google_api_core-2.25.1-py3-none-any.whl (160 kB)
2025-08-10T11:16:09.6562464Z Downloading google_cloud_core-2.4.3-py2.py3-none-any.whl (29 kB)
2025-08-10T11:16:09.6618824Z Downloading google_crc32c-1.7.1-cp313-cp313-manylinux_2_17_x86_64.manylinux2014_x86_64.whl (32 kB)
2025-08-10T11:16:09.6678587Z Downloading google_resumable_media-2.7.2-py2.py3-none-any.whl (81 kB)
2025-08-10T11:16:09.6747431Z Downloading googleapis_common_protos-1.70.0-py3-none-any.whl (294 kB)
2025-08-10T11:16:09.6857368Z Downloading proto_plus-1.26.1-py3-none-any.whl (50 kB)
2025-08-10T11:16:09.6918273Z Downloading protobuf-6.31.1-cp39-abi3-manylinux2014_x86_64.whl (321 kB)
2025-08-10T11:16:09.7022814Z Downloading requests-2.32.4-py3-none-any.whl (64 kB)
2025-08-10T11:16:09.7089284Z Downloading charset_normalizer-3.4.3-cp313-cp313-manylinux2014_x86_64.manylinux_2_17_x86_64.manylinux_2_28_x86_64.whl (151 kB)
2025-08-10T11:16:09.7155381Z Downloading idna-3.10-py3-none-any.whl (70 kB)
2025-08-10T11:16:09.7232574Z Downloading urllib3-2.5.0-py3-none-any.whl (129 kB)
2025-08-10T11:16:09.7302576Z Downloading certifi-2025.8.3-py3-none-any.whl (161 kB)
2025-08-10T11:16:09.7385704Z Downloading microdf_python-1.0.2-py3-none-any.whl (15 kB)
2025-08-10T11:16:09.7449902Z Downloading microimpute-1.1.6-py3-none-any.whl (52 kB)
2025-08-10T11:16:09.7513093Z Downloading joblib-1.5.1-py3-none-any.whl (307 kB)
2025-08-10T11:16:09.7632898Z Downloading optuna-4.4.0-py3-none-any.whl (395 kB)
2025-08-10T11:16:09.7768051Z Downloading pandas-2.3.1-cp313-cp313-manylinux_2_17_x86_64.manylinux2014_x86_64.whl (12.1 MB)
2025-08-10T11:16:09.8613116Z    ━━━━━━━━━━━━━━━━━━━━━━━━━━━━━━━━━━━━━━━━ 12.1/12.1 MB 148.2 MB/s  0:00:00
2025-08-10T11:16:09.8652628Z Downloading plotly-5.24.1-py3-none-any.whl (19.1 MB)
2025-08-10T11:16:09.9565272Z    ━━━━━━━━━━━━━━━━━━━━━━━━━━━━━━━━━━━━━━━━ 19.1/19.1 MB 212.7 MB/s  0:00:00
2025-08-10T11:16:09.9602175Z Downloading pydantic-2.11.7-py3-none-any.whl (444 kB)
2025-08-10T11:16:09.9680684Z Downloading pydantic_core-2.33.2-cp313-cp313-manylinux_2_17_x86_64.manylinux2014_x86_64.whl (2.0 MB)
2025-08-10T11:16:09.9804711Z    ━━━━━━━━━━━━━━━━━━━━━━━━━━━━━━━━━━━━━━━━ 2.0/2.0 MB 177.0 MB/s  0:00:00
2025-08-10T11:16:09.9854560Z Downloading quantile_forest-1.4.0-cp313-cp313-manylinux_2_17_x86_64.manylinux2014_x86_64.whl (1.9 MB)
2025-08-10T11:16:09.9987166Z    ━━━━━━━━━━━━━━━━━━━━━━━━━━━━━━━━━━━━━━━━ 1.9/1.9 MB 158.6 MB/s  0:00:00
2025-08-10T11:16:10.0036654Z Downloading scikit_learn-1.7.1-cp313-cp313-manylinux2014_x86_64.manylinux_2_17_x86_64.whl (9.4 MB)
2025-08-10T11:16:10.0475198Z    ━━━━━━━━━━━━━━━━━━━━━━━━━━━━━━━━━━━━━━━━ 9.4/9.4 MB 223.1 MB/s  0:00:00
2025-08-10T11:16:10.0518561Z Downloading scipy-1.16.1-cp313-cp313-manylinux2014_x86_64.manylinux_2_17_x86_64.whl (35.2 MB)
2025-08-10T11:16:10.2021345Z    ━━━━━━━━━━━━━━━━━━━━━━━━━━━━━━━━━━━━━━━━ 35.2/35.2 MB 238.1 MB/s  0:00:00
2025-08-10T11:16:10.2065877Z Downloading statsmodels-0.14.5-cp313-cp313-manylinux2014_x86_64.manylinux_2_17_x86_64.manylinux_2_28_x86_64.whl (10.5 MB)
2025-08-10T11:16:10.2777190Z    ━━━━━━━━━━━━━━━━━━━━━━━━━━━━━━━━━━━━━━━━ 10.5/10.5 MB 149.0 MB/s  0:00:00
2025-08-10T11:16:10.2824915Z Downloading tqdm-4.67.1-py3-none-any.whl (78 kB)
2025-08-10T11:16:10.2892778Z Downloading alembic-1.16.4-py3-none-any.whl (247 kB)
2025-08-10T11:16:10.2964070Z Downloading annotated_types-0.7.0-py3-none-any.whl (13 kB)
2025-08-10T11:16:10.3021628Z Downloading openpyxl-3.1.5-py2.py3-none-any.whl (250 kB)
2025-08-10T11:16:10.3071144Z Using cached packaging-25.0-py3-none-any.whl (66 kB)
2025-08-10T11:16:10.3110621Z Downloading patsy-1.0.1-py2.py3-none-any.whl (232 kB)
2025-08-10T11:16:10.3200691Z Downloading pip_system_certs-5.2-py3-none-any.whl (5.9 kB)
2025-08-10T11:16:10.3270553Z Downloading policyengine_core-3.19.4-py3-none-any.whl (220 kB)
2025-08-10T11:16:10.3345585Z Downloading dpath-2.2.0-py3-none-any.whl (17 kB)
2025-08-10T11:16:10.3417847Z Downloading h5py-3.14.0-cp313-cp313-manylinux_2_17_x86_64.manylinux2014_x86_64.whl (4.9 MB)
2025-08-10T11:16:10.3674062Z    ━━━━━━━━━━━━━━━━━━━━━━━━━━━━━━━━━━━━━━━━ 4.9/4.9 MB 204.6 MB/s  0:00:00
2025-08-10T11:16:10.3713293Z Downloading ipython-8.37.0-py3-none-any.whl (831 kB)
2025-08-10T11:16:10.3796174Z    ━━━━━━━━━━━━━━━━━━━━━━━━━━━━━━━━━━━━━━━━ 831.9/831.9 kB 102.6 MB/s  0:00:00
2025-08-10T11:16:10.3839953Z Downloading numexpr-2.11.0-cp313-cp313-manylinux_2_27_x86_64.manylinux_2_28_x86_64.whl (406 kB)
2025-08-10T11:16:10.3987041Z Downloading numpy-2.1.3-cp313-cp313-manylinux_2_17_x86_64.manylinux2014_x86_64.whl (16.0 MB)
2025-08-10T11:16:10.4785477Z    ━━━━━━━━━━━━━━━━━━━━━━━━━━━━━━━━━━━━━━━━ 16.0/16.0 MB 205.0 MB/s  0:00:00
2025-08-10T11:16:10.4823478Z Downloading prompt_toolkit-3.0.51-py3-none-any.whl (387 kB)
2025-08-10T11:16:10.4918418Z Downloading psutil-6.1.1-cp36-abi3-manylinux_2_12_x86_64.manylinux2010_x86_64.manylinux_2_17_x86_64.manylinux2014_x86_64.whl (287 kB)
2025-08-10T11:16:10.4992689Z Downloading pytest-8.4.1-py3-none-any.whl (365 kB)
2025-08-10T11:16:10.5079989Z Downloading pluggy-1.6.0-py3-none-any.whl (20 kB)
2025-08-10T11:16:10.5142619Z Downloading sortedcontainers-2.4.0-py2.py3-none-any.whl (29 kB)
2025-08-10T11:16:10.5179862Z Using cached wheel-0.45.1-py3-none-any.whl (72 kB)
2025-08-10T11:16:10.5220746Z Downloading huggingface_hub-0.34.4-py3-none-any.whl (561 kB)
2025-08-10T11:16:10.5288896Z    ━━━━━━━━━━━━━━━━━━━━━━━━━━━━━━━━━━━━━━━━ 561.5/561.5 kB 71.0 MB/s  0:00:00
2025-08-10T11:16:10.5326588Z Downloading hf_xet-1.1.7-cp37-abi3-manylinux_2_17_x86_64.manylinux2014_x86_64.whl (3.2 MB)
2025-08-10T11:16:10.5512264Z    ━━━━━━━━━━━━━━━━━━━━━━━━━━━━━━━━━━━━━━━━ 3.2/3.2 MB 183.0 MB/s  0:00:00
2025-08-10T11:16:10.5551761Z Downloading fsspec-2025.7.0-py3-none-any.whl (199 kB)
2025-08-10T11:16:10.5623933Z Downloading iniconfig-2.1.0-py3-none-any.whl (6.0 kB)
2025-08-10T11:16:10.5686882Z Downloading jedi-0.19.2-py2.py3-none-any.whl (1.6 MB)
2025-08-10T11:16:10.5914795Z    ━━━━━━━━━━━━━━━━━━━━━━━━━━━━━━━━━━━━━━━━ 1.6/1.6 MB 65.3 MB/s  0:00:00
2025-08-10T11:16:10.5954886Z Downloading parso-0.8.4-py2.py3-none-any.whl (103 kB)
2025-08-10T11:16:10.6026497Z Downloading pexpect-4.9.0-py2.py3-none-any.whl (63 kB)
2025-08-10T11:16:10.6111826Z Downloading policyengine_us-1.367.0-py3-none-any.whl (5.8 MB)
2025-08-10T11:16:10.6500955Z    ━━━━━━━━━━━━━━━━━━━━━━━━━━━━━━━━━━━━━━━━ 5.8/5.8 MB 157.7 MB/s  0:00:00
2025-08-10T11:16:10.6539685Z Downloading ptyprocess-0.7.0-py2.py3-none-any.whl (13 kB)
2025-08-10T11:16:10.6604413Z Downloading pyasn1-0.6.1-py3-none-any.whl (83 kB)
2025-08-10T11:16:10.6669758Z Downloading pyasn1_modules-0.4.2-py3-none-any.whl (181 kB)
2025-08-10T11:16:10.6739188Z Downloading pygments-2.19.2-py3-none-any.whl (1.2 MB)
2025-08-10T11:16:10.6837897Z    ━━━━━━━━━━━━━━━━━━━━━━━━━━━━━━━━━━━━━━━━ 1.2/1.2 MB 133.4 MB/s  0:00:00
2025-08-10T11:16:10.6877699Z Downloading python_dateutil-2.9.0.post0-py2.py3-none-any.whl (229 kB)
2025-08-10T11:16:10.6955371Z Downloading pytz-2025.2-py2.py3-none-any.whl (509 kB)
2025-08-10T11:16:10.7081338Z Downloading pyvis-0.3.2-py3-none-any.whl (756 kB)
2025-08-10T11:16:10.7164571Z    ━━━━━━━━━━━━━━━━━━━━━━━━━━━━━━━━━━━━━━━━ 756.0/756.0 kB 100.7 MB/s  0:00:00
2025-08-10T11:16:10.7203160Z Downloading jinja2-3.1.6-py3-none-any.whl (134 kB)
2025-08-10T11:16:10.7290711Z Downloading jsonpickle-4.1.1-py3-none-any.whl (47 kB)
2025-08-10T11:16:10.7352969Z Downloading MarkupSafe-3.0.2-cp313-cp313-manylinux_2_17_x86_64.manylinux2014_x86_64.whl (23 kB)
2025-08-10T11:16:10.7415373Z Downloading networkx-3.5-py3-none-any.whl (2.0 MB)
2025-08-10T11:16:10.7543652Z    ━━━━━━━━━━━━━━━━━━━━━━━━━━━━━━━━━━━━━━━━ 2.0/2.0 MB 172.0 MB/s  0:00:00
2025-08-10T11:16:10.7580229Z Downloading PyYAML-6.0.2-cp313-cp313-manylinux_2_17_x86_64.manylinux2014_x86_64.whl (759 kB)
2025-08-10T11:16:10.7651261Z    ━━━━━━━━━━━━━━━━━━━━━━━━━━━━━━━━━━━━━━━━ 759.5/759.5 kB 106.0 MB/s  0:00:00
2025-08-10T11:16:10.7663263Z Using cached setuptools-80.9.0-py3-none-any.whl (1.2 MB)
2025-08-10T11:16:10.7710673Z Downloading six-1.17.0-py2.py3-none-any.whl (11 kB)
2025-08-10T11:16:10.7792229Z Downloading sqlalchemy-2.0.42-cp313-cp313-manylinux_2_17_x86_64.manylinux2014_x86_64.whl (3.3 MB)
2025-08-10T11:16:10.7998946Z    ━━━━━━━━━━━━━━━━━━━━━━━━━━━━━━━━━━━━━━━━ 3.3/3.3 MB 163.5 MB/s  0:00:00
2025-08-10T11:16:10.8037438Z Downloading greenlet-3.2.4-cp313-cp313-manylinux_2_24_x86_64.manylinux_2_28_x86_64.whl (610 kB)
2025-08-10T11:16:10.8116087Z    ━━━━━━━━━━━━━━━━━━━━━━━━━━━━━━━━━━━━━━━━ 610.5/610.5 kB 71.3 MB/s  0:00:00
2025-08-10T11:16:10.8163240Z Downloading sqlmodel-0.0.24-py3-none-any.whl (28 kB)
2025-08-10T11:16:10.8242732Z Downloading tables-3.10.2-cp313-cp313-manylinux_2_17_x86_64.manylinux2014_x86_64.whl (7.5 MB)
2025-08-10T11:16:10.8661764Z    ━━━━━━━━━━━━━━━━━━━━━━━━━━━━━━━━━━━━━━━━ 7.5/7.5 MB 184.8 MB/s  0:00:00
2025-08-10T11:16:10.8719902Z Downloading blosc2-3.6.1-cp313-cp313-manylinux2014_x86_64.manylinux_2_17_x86_64.whl (4.4 MB)
2025-08-10T11:16:10.8948419Z    ━━━━━━━━━━━━━━━━━━━━━━━━━━━━━━━━━━━━━━━━ 4.4/4.4 MB 206.7 MB/s  0:00:00
2025-08-10T11:16:10.8987729Z Downloading tenacity-9.1.2-py3-none-any.whl (28 kB)
2025-08-10T11:16:10.9054128Z Downloading threadpoolctl-3.6.0-py3-none-any.whl (18 kB)
2025-08-10T11:16:10.9123125Z Downloading torch-2.8.0-cp313-cp313-manylinux_2_28_x86_64.whl (887.9 MB)
2025-08-10T11:16:17.0799742Z    ━━━━━━━━━━━━━━━━━━━━━━━━━━━━━━━━━━━━━━━━ 887.9/887.9 MB 60.1 MB/s  0:00:06
2025-08-10T11:16:17.0864626Z Downloading nvidia_cublas_cu12-12.8.4.1-py3-none-manylinux_2_27_x86_64.whl (594.3 MB)
2025-08-10T11:16:21.9245461Z    ━━━━━━━━━━━━━━━━━━━━━━━━━━━━━━━━━━━━━━━━ 594.3/594.3 MB 68.3 MB/s  0:00:04
2025-08-10T11:16:21.9295365Z Downloading nvidia_cuda_cupti_cu12-12.8.90-py3-none-manylinux2014_x86_64.manylinux_2_17_x86_64.whl (10.2 MB)
2025-08-10T11:16:21.9822437Z    ━━━━━━━━━━━━━━━━━━━━━━━━━━━━━━━━━━━━━━━━ 10.2/10.2 MB 200.9 MB/s  0:00:00
2025-08-10T11:16:21.9896945Z Downloading nvidia_cuda_nvrtc_cu12-12.8.93-py3-none-manylinux2010_x86_64.manylinux_2_12_x86_64.whl (88.0 MB)
2025-08-10T11:16:22.3522174Z    ━━━━━━━━━━━━━━━━━━━━━━━━━━━━━━━━━━━━━━━━ 88.0/88.0 MB 244.0 MB/s  0:00:00
2025-08-10T11:16:22.3562711Z Downloading nvidia_cuda_runtime_cu12-12.8.90-py3-none-manylinux2014_x86_64.manylinux_2_17_x86_64.whl (954 kB)
2025-08-10T11:16:22.3648974Z    ━━━━━━━━━━━━━━━━━━━━━━━━━━━━━━━━━━━━━━━━ 954.8/954.8 kB 115.7 MB/s  0:00:00
2025-08-10T11:16:22.3692262Z Downloading nvidia_cudnn_cu12-9.10.2.21-py3-none-manylinux_2_27_x86_64.whl (706.8 MB)
2025-08-10T11:16:28.2540259Z    ━━━━━━━━━━━━━━━━━━━━━━━━━━━━━━━━━━━━━━━━ 706.8/706.8 MB 57.8 MB/s  0:00:05
2025-08-10T11:16:28.2586712Z Downloading nvidia_cufft_cu12-11.3.3.83-py3-none-manylinux2014_x86_64.manylinux_2_17_x86_64.whl (193.1 MB)
2025-08-10T11:16:29.1438829Z    ━━━━━━━━━━━━━━━━━━━━━━━━━━━━━━━━━━━━━━━━ 193.1/193.1 MB 218.6 MB/s  0:00:00
2025-08-10T11:16:29.1482643Z Downloading nvidia_cufile_cu12-1.13.1.3-py3-none-manylinux2014_x86_64.manylinux_2_17_x86_64.whl (1.2 MB)
2025-08-10T11:16:29.1581334Z    ━━━━━━━━━━━━━━━━━━━━━━━━━━━━━━━━━━━━━━━━ 1.2/1.2 MB 134.7 MB/s  0:00:00
2025-08-10T11:16:29.1619997Z Downloading nvidia_curand_cu12-10.3.9.90-py3-none-manylinux_2_27_x86_64.whl (63.6 MB)
2025-08-10T11:16:29.4142908Z    ━━━━━━━━━━━━━━━━━━━━━━━━━━━━━━━━━━━━━━━━ 63.6/63.6 MB 254.1 MB/s  0:00:00
2025-08-10T11:16:29.4185560Z Downloading nvidia_cusolver_cu12-11.7.3.90-py3-none-manylinux_2_27_x86_64.whl (267.5 MB)
2025-08-10T11:16:31.2028429Z    ━━━━━━━━━━━━━━━━━━━━━━━━━━━━━━━━━━━━━━━━ 267.5/267.5 MB 148.2 MB/s  0:00:01
2025-08-10T11:16:31.2071569Z Downloading nvidia_cusparse_cu12-12.5.8.93-py3-none-manylinux2014_x86_64.manylinux_2_17_x86_64.whl (288.2 MB)
2025-08-10T11:16:33.5663783Z    ━━━━━━━━━━━━━━━━━━━━━━━━━━━━━━━━━━━━━━━━ 288.2/288.2 MB 115.0 MB/s  0:00:02
2025-08-10T11:16:33.5705081Z Downloading nvidia_cusparselt_cu12-0.7.1-py3-none-manylinux2014_x86_64.whl (287.2 MB)
2025-08-10T11:16:35.8195224Z    ━━━━━━━━━━━━━━━━━━━━━━━━━━━━━━━━━━━━━━━━ 287.2/287.2 MB 121.0 MB/s  0:00:02
2025-08-10T11:16:35.8238002Z Downloading nvidia_nccl_cu12-2.27.3-py3-none-manylinux2014_x86_64.manylinux_2_17_x86_64.whl (322.4 MB)
2025-08-10T11:16:38.4189786Z    ━━━━━━━━━━━━━━━━━━━━━━━━━━━━━━━━━━━━━━━━ 322.4/322.4 MB 108.5 MB/s  0:00:02
2025-08-10T11:16:38.4233252Z Downloading nvidia_nvjitlink_cu12-12.8.93-py3-none-manylinux2010_x86_64.manylinux_2_12_x86_64.whl (39.3 MB)
2025-08-10T11:16:38.6133569Z    ━━━━━━━━━━━━━━━━━━━━━━━━━━━━━━━━━━━━━━━━ 39.3/39.3 MB 208.8 MB/s  0:00:00
2025-08-10T11:16:38.6172587Z Downloading nvidia_nvtx_cu12-12.8.90-py3-none-manylinux2014_x86_64.manylinux_2_17_x86_64.whl (89 kB)
2025-08-10T11:16:38.6249499Z Downloading triton-3.4.0-cp313-cp313-manylinux_2_27_x86_64.manylinux_2_28_x86_64.whl (155.6 MB)
2025-08-10T11:16:39.2811684Z    ━━━━━━━━━━━━━━━━━━━━━━━━━━━━━━━━━━━━━━━━ 155.6/155.6 MB 237.7 MB/s  0:00:00
2025-08-10T11:16:39.2851571Z Downloading sympy-1.14.0-py3-none-any.whl (6.3 MB)
2025-08-10T11:16:39.3162433Z    ━━━━━━━━━━━━━━━━━━━━━━━━━━━━━━━━━━━━━━━━ 6.3/6.3 MB 213.3 MB/s  0:00:00
2025-08-10T11:16:39.3202093Z Downloading mpmath-1.3.0-py3-none-any.whl (536 kB)
2025-08-10T11:16:39.3260710Z    ━━━━━━━━━━━━━━━━━━━━━━━━━━━━━━━━━━━━━━━━ 536.2/536.2 kB 83.5 MB/s  0:00:00
2025-08-10T11:16:39.3297259Z Downloading traitlets-5.14.3-py3-none-any.whl (85 kB)
2025-08-10T11:16:39.3360597Z Downloading typing_extensions-4.14.1-py3-none-any.whl (43 kB)
2025-08-10T11:16:39.3420544Z Downloading typing_inspection-0.4.1-py3-none-any.whl (14 kB)
2025-08-10T11:16:39.3477120Z Downloading tzdata-2025.2-py2.py3-none-any.whl (347 kB)
2025-08-10T11:16:39.3544213Z Downloading us-3.2.0-py3-none-any.whl (13 kB)
2025-08-10T11:16:39.3599406Z Downloading colorlog-6.9.0-py3-none-any.whl (11 kB)
2025-08-10T11:16:39.3655536Z Downloading decorator-5.2.1-py3-none-any.whl (9.2 kB)
2025-08-10T11:16:39.3714982Z Downloading et_xmlfile-2.0.0-py3-none-any.whl (18 kB)
2025-08-10T11:16:39.3773485Z Downloading filelock-3.18.0-py3-none-any.whl (16 kB)
2025-08-10T11:16:39.3846095Z Downloading jellyfish-1.2.0-cp313-cp313-manylinux_2_17_x86_64.manylinux2014_x86_64.whl (355 kB)
2025-08-10T11:16:39.3954585Z Downloading mako-1.3.10-py3-none-any.whl (78 kB)
2025-08-10T11:16:39.4014554Z Downloading matplotlib_inline-0.1.7-py3-none-any.whl (9.9 kB)
2025-08-10T11:16:39.4105088Z Downloading msgpack-1.1.1-cp313-cp313-manylinux_2_17_x86_64.manylinux2014_x86_64.whl (423 kB)
2025-08-10T11:16:39.4192538Z Downloading ndindex-1.10.0-cp313-cp313-manylinux_2_17_x86_64.manylinux2014_x86_64.whl (526 kB)
2025-08-10T11:16:39.4263294Z    ━━━━━━━━━━━━━━━━━━━━━━━━━━━━━━━━━━━━━━━━ 526.9/526.9 kB 61.7 MB/s  0:00:00
2025-08-10T11:16:39.4298433Z Downloading platformdirs-4.3.8-py3-none-any.whl (18 kB)
2025-08-10T11:16:39.4353118Z Downloading py_cpuinfo-9.0.0-py3-none-any.whl (22 kB)
2025-08-10T11:16:39.4408996Z Downloading stack_data-0.6.3-py3-none-any.whl (24 kB)
2025-08-10T11:16:39.4466778Z Downloading asttokens-3.0.0-py3-none-any.whl (26 kB)
2025-08-10T11:16:39.4527817Z Downloading executing-2.2.0-py2.py3-none-any.whl (26 kB)
2025-08-10T11:16:39.4583753Z Downloading pure_eval-0.2.3-py3-none-any.whl (11 kB)
2025-08-10T11:16:39.4656062Z Downloading standard_imghdr-3.13.0-py3-none-any.whl (4.6 kB)
2025-08-10T11:16:39.4713227Z Downloading wcwidth-0.2.13-py2.py3-none-any.whl (34 kB)
2025-08-10T11:16:42.6672122Z Building wheels for collected packages: policyengine_us_data
2025-08-10T11:16:42.6687295Z   Building wheel for policyengine_us_data (pyproject.toml): started
2025-08-10T11:16:43.1890152Z   Building wheel for policyengine_us_data (pyproject.toml): finished with status 'done'
2025-08-10T11:16:43.1905468Z   Created wheel for policyengine_us_data: filename=policyengine_us_data-1.44.2-py3-none-any.whl size=1277161 sha256=4373ed90a179b060ac770cc2efb95f2c7e1b103d802289d6ea50f0bd3e6b0c1b
2025-08-10T11:16:43.1907037Z   Stored in directory: /home/runner/.cache/pip/wheels/29/b0/3c/6796889ea510c4f0b4e3b87095cd21d0c40072dfce146ffbf5
2025-08-10T11:16:43.1930212Z Successfully built policyengine_us_data
2025-08-10T11:16:43.6174358Z Installing collected packages: wcwidth, standard-imghdr, sortedcontainers, pytz, py-cpuinfo, pure-eval, ptyprocess, nvidia-cusparselt-cu12, mpmath, wheel, urllib3, tzdata, typing-extensions, traitlets, tqdm, threadpoolctl, tenacity, sympy, six, setuptools, PyYAML, pygments, pyasn1, psutil, protobuf, prompt_toolkit, pluggy, platformdirs, pip-system-certs, pexpect, parso, packaging, nvidia-nvtx-cu12, nvidia-nvjitlink-cu12, nvidia-nccl-cu12, nvidia-curand-cu12, nvidia-cufile-cu12, nvidia-cuda-runtime-cu12, nvidia-cuda-nvrtc-cu12, nvidia-cuda-cupti-cu12, nvidia-cublas-cu12, numpy, networkx, ndindex, msgpack, MarkupSafe, jsonpickle, joblib, jellyfish, iniconfig, idna, hf-xet, greenlet, google-crc32c, fsspec, filelock, executing, et-xmlfile, dpath, decorator, colorlog, charset_normalizer, certifi, cachetools, asttokens, annotated-types, us, typing-inspection, triton, stack_data, sqlalchemy, scipy, rsa, requests, python-dateutil, pytest, pydantic-core, pyasn1-modules, proto-plus, plotly, patsy, openpyxl, nvidia-cusparse-cu12, nvidia-cufft-cu12, nvidia-cudnn-cu12, numexpr, matplotlib-inline, Mako, jinja2, jedi, h5py, googleapis-common-protos, google-resumable-media, scikit-learn, pydantic, pandas, nvidia-cusolver-cu12, ipython, huggingface_hub, google-auth, blosc2, alembic, torch, tables, statsmodels, sqlmodel, quantile-forest, pyvis, optuna, microdf_python, google-api-core, policyengine-core, microimpute, google-cloud-core, google-cloud-storage, policyengine-us, policyengine_us_data
2025-08-10T11:18:13.6053006Z 
2025-08-10T11:18:13.6182999Z Successfully installed Mako-1.3.10 MarkupSafe-3.0.2 PyYAML-6.0.2 alembic-1.16.4 annotated-types-0.7.0 asttokens-3.0.0 blosc2-3.6.1 cachetools-5.5.2 certifi-2025.8.3 charset_normalizer-3.4.3 colorlog-6.9.0 decorator-5.2.1 dpath-2.2.0 et-xmlfile-2.0.0 executing-2.2.0 filelock-3.18.0 fsspec-2025.7.0 google-api-core-2.25.1 google-auth-2.40.3 google-cloud-core-2.4.3 google-cloud-storage-3.2.0 google-crc32c-1.7.1 google-resumable-media-2.7.2 googleapis-common-protos-1.70.0 greenlet-3.2.4 h5py-3.14.0 hf-xet-1.1.7 huggingface_hub-0.34.4 idna-3.10 iniconfig-2.1.0 ipython-8.37.0 jedi-0.19.2 jellyfish-1.2.0 jinja2-3.1.6 joblib-1.5.1 jsonpickle-4.1.1 matplotlib-inline-0.1.7 microdf_python-1.0.2 microimpute-1.1.6 mpmath-1.3.0 msgpack-1.1.1 ndindex-1.10.0 networkx-3.5 numexpr-2.11.0 numpy-2.1.3 nvidia-cublas-cu12-12.8.4.1 nvidia-cuda-cupti-cu12-12.8.90 nvidia-cuda-nvrtc-cu12-12.8.93 nvidia-cuda-runtime-cu12-12.8.90 nvidia-cudnn-cu12-9.10.2.21 nvidia-cufft-cu12-11.3.3.83 nvidia-cufile-cu12-1.13.1.3 nvidia-curand-cu12-10.3.9.90 nvidia-cusolver-cu12-11.7.3.90 nvidia-cusparse-cu12-12.5.8.93 nvidia-cusparselt-cu12-0.7.1 nvidia-nccl-cu12-2.27.3 nvidia-nvjitlink-cu12-12.8.93 nvidia-nvtx-cu12-12.8.90 openpyxl-3.1.5 optuna-4.4.0 packaging-25.0 pandas-2.3.1 parso-0.8.4 patsy-1.0.1 pexpect-4.9.0 pip-system-certs-5.2 platformdirs-4.3.8 plotly-5.24.1 pluggy-1.6.0 policyengine-core-3.19.4 policyengine-us-1.367.0 policyengine_us_data-1.44.2 prompt_toolkit-3.0.51 proto-plus-1.26.1 protobuf-6.31.1 psutil-6.1.1 ptyprocess-0.7.0 pure-eval-0.2.3 py-cpuinfo-9.0.0 pyasn1-0.6.1 pyasn1-modules-0.4.2 pydantic-2.11.7 pydantic-core-2.33.2 pygments-2.19.2 pytest-8.4.1 python-dateutil-2.9.0.post0 pytz-2025.2 pyvis-0.3.2 quantile-forest-1.4.0 requests-2.32.4 rsa-4.9.1 scikit-learn-1.7.1 scipy-1.16.1 setuptools-80.9.0 six-1.17.0 sortedcontainers-2.4.0 sqlalchemy-2.0.42 sqlmodel-0.0.24 stack_data-0.6.3 standard-imghdr-3.13.0 statsmodels-0.14.5 sympy-1.14.0 tables-3.10.2 tenacity-9.1.2 threadpoolctl-3.6.0 torch-2.8.0 tqdm-4.67.1 traitlets-5.14.3 triton-3.4.0 typing-extensions-4.14.1 typing-inspection-0.4.1 tzdata-2025.2 urllib3-2.5.0 us-3.2.0 wcwidth-0.2.13 wheel-0.45.1
2025-08-10T11:18:14.9474394Z ##[group]Run python -c "import policyengine_us_data; print('Minimal import OK')"
2025-08-10T11:18:14.9474984Z [36;1mpython -c "import policyengine_us_data; print('Minimal import OK')"[0m
2025-08-10T11:18:14.9557840Z shell: /usr/bin/bash -e {0}
2025-08-10T11:18:14.9558084Z env:
2025-08-10T11:18:14.9558330Z   pythonLocation: /opt/hostedtoolcache/Python/3.13.5/x64
2025-08-10T11:18:14.9558729Z   PKG_CONFIG_PATH: /opt/hostedtoolcache/Python/3.13.5/x64/lib/pkgconfig
2025-08-10T11:18:14.9559099Z   Python_ROOT_DIR: /opt/hostedtoolcache/Python/3.13.5/x64
2025-08-10T11:18:14.9559434Z   Python2_ROOT_DIR: /opt/hostedtoolcache/Python/3.13.5/x64
2025-08-10T11:18:14.9559754Z   Python3_ROOT_DIR: /opt/hostedtoolcache/Python/3.13.5/x64
2025-08-10T11:18:14.9560106Z   LD_LIBRARY_PATH: /opt/hostedtoolcache/Python/3.13.5/x64/lib
2025-08-10T11:18:14.9560391Z ##[endgroup]
2025-08-10T11:18:20.0515023Z TEST_LITE == False
2025-08-10T11:18:20.0515787Z Minimal import OK
2025-08-10T11:18:20.8059233Z ##[group]Run python -c "from policyengine_core.data import Dataset; print('Core import OK')"
2025-08-10T11:18:20.8059839Z [36;1mpython -c "from policyengine_core.data import Dataset; print('Core import OK')"[0m
2025-08-10T11:18:20.8102726Z shell: /usr/bin/bash -e {0}
2025-08-10T11:18:20.8102946Z env:
2025-08-10T11:18:20.8103173Z   pythonLocation: /opt/hostedtoolcache/Python/3.13.5/x64
2025-08-10T11:18:20.8103564Z   PKG_CONFIG_PATH: /opt/hostedtoolcache/Python/3.13.5/x64/lib/pkgconfig
2025-08-10T11:18:20.8103933Z   Python_ROOT_DIR: /opt/hostedtoolcache/Python/3.13.5/x64
2025-08-10T11:18:20.8104253Z   Python2_ROOT_DIR: /opt/hostedtoolcache/Python/3.13.5/x64
2025-08-10T11:18:20.8104589Z   Python3_ROOT_DIR: /opt/hostedtoolcache/Python/3.13.5/x64
2025-08-10T11:18:20.8104910Z   LD_LIBRARY_PATH: /opt/hostedtoolcache/Python/3.13.5/x64/lib
2025-08-10T11:18:20.8105185Z ##[endgroup]
2025-08-10T11:18:21.8274105Z Core import OK
2025-08-10T11:18:22.0668588Z Post job cleanup.
2025-08-10T11:18:22.2468573Z Post job cleanup.
2025-08-10T11:18:22.3475168Z [command]/usr/bin/git version
2025-08-10T11:18:22.3513140Z git version 2.50.1
2025-08-10T11:18:22.3556694Z Temporarily overriding HOME='/home/runner/work/_temp/ba48947a-9a57-4beb-bb23-1716982fc2dd' before making global git config changes
2025-08-10T11:18:22.3557998Z Adding repository directory to the temporary git global config as a safe directory
2025-08-10T11:18:22.3571189Z [command]/usr/bin/git config --global --add safe.directory /home/runner/work/policyengine-us-data/policyengine-us-data
2025-08-10T11:18:22.3609140Z [command]/usr/bin/git config --local --name-only --get-regexp core\.sshCommand
2025-08-10T11:18:22.3643863Z [command]/usr/bin/git submodule foreach --recursive sh -c "git config --local --name-only --get-regexp 'core\.sshCommand' && git config --local --unset-all 'core.sshCommand' || :"
2025-08-10T11:18:22.3897050Z [command]/usr/bin/git config --local --name-only --get-regexp http\.https\:\/\/github\.com\/\.extraheader
2025-08-10T11:18:22.3921149Z http.https://github.com/.extraheader
2025-08-10T11:18:22.3933720Z [command]/usr/bin/git config --local --unset-all http.https://github.com/.extraheader
2025-08-10T11:18:22.3966400Z [command]/usr/bin/git submodule foreach --recursive sh -c "git config --local --name-only --get-regexp 'http\.https\:\/\/github\.com\/\.extraheader' && git config --local --unset-all 'http.https://github.com/.extraheader' || :"
2025-08-10T11:18:22.4305878Z Cleaning up orphan processes
